
> @nestjs-redisx/monorepo@1.0.2 test
> vitest run --reporter=verbose --coverage

[33mThe CJS build of Vite's Node API is deprecated. See https://vite.dev/guide/troubleshooting.html#vite-cjs-node-api-deprecated for more details.[39m

 RUN  v1.6.1 /Users/sur-ser/Projects/nestjs-redisx
      Coverage enabled with v8

 ✓ packages/core/test/unit/error-system.spec.ts > Error System > RedisXError > should create error with code and message
 ✓ packages/core/test/unit/error-system.spec.ts > Error System > RedisXError > should include cause error
 ✓ packages/core/test/unit/error-system.spec.ts > Error System > RedisXError > should include context
 ✓ packages/core/test/unit/error-system.spec.ts > Error System > RedisXError > should check error code with is()
 ✓ packages/core/test/unit/error-system.spec.ts > Error System > RedisXError > should check multiple codes with isAnyOf()
 ✓ packages/core/test/unit/error-system.spec.ts > Error System > RedisXError > should serialize to JSON
 ✓ packages/core/test/unit/error-system.spec.ts > Error System > RedisXError > should convert to string
 ✓ packages/core/test/unit/error-system.spec.ts > Error System > RedisXError > should wrap unknown errors
 ✓ packages/core/test/unit/error-system.spec.ts > Error System > RedisXError > should not wrap RedisXError
 ✓ packages/core/test/unit/error-system.spec.ts > Error System > RedisXError > should wrap non-Error values
 ✓ packages/core/test/unit/error-system.spec.ts > Error System > RedisXError > should check if value is RedisXError
 ✓ packages/core/test/unit/error-system.spec.ts > Error System > ErrorCode utilities > should get error domain
 ✓ packages/core/test/unit/error-system.spec.ts > Error System > ErrorCode utilities > should check error domain
 ✓ packages/core/test/unit/error-system.spec.ts > Error System > RedisConnectionError > should create connection error with host and port
 ✓ packages/core/test/unit/error-system.spec.ts > Error System > RedisConnectionError > should create with factory method
 ✓ packages/core/test/unit/error-system.spec.ts > Error System > RedisTimeoutError > should create timeout error for connection
 ✓ packages/core/test/unit/error-system.spec.ts > Error System > RedisTimeoutError > should create timeout error for operation
 ✓ packages/core/test/unit/error-system.spec.ts > Error System > RedisClusterError > should create cluster down error
 ✓ packages/core/test/unit/error-system.spec.ts > Error System > RedisClusterError > should create MOVED redirection error
 ✓ packages/core/test/unit/error-system.spec.ts > Error System > RedisClusterError > should create ASK redirection error
 ✓ packages/core/test/unit/error-system.spec.ts > Error System > RedisSentinelError > should create no master error
 ✓ packages/core/test/unit/error-system.spec.ts > Error System > RedisSentinelError > should create failover error
 ✓ packages/core/test/unit/error-system.spec.ts > Error System > RedisOperationError > should create operation error
 ✓ packages/core/test/unit/error-system.spec.ts > Error System > RedisOperationError > should create from command and args
 ✓ packages/core/test/unit/error-system.spec.ts > Error System > RedisOperationError > should create from command and args with cause
 ✓ packages/core/test/unit/error-system.spec.ts > Error System > RedisOperationError > should create from command and args without cause
 ✓ packages/core/test/unit/error-system.spec.ts > Error System > RedisKeyNotFoundError > should create key not found error
 ✓ packages/core/test/unit/error-system.spec.ts > Error System > RedisTypeMismatchError > should create type mismatch error
 ✓ packages/core/test/unit/error-system.spec.ts > Error System > RedisTypeMismatchError > should create from Redis error
 ✓ packages/core/test/unit/error-system.spec.ts > Error System > RedisTypeMismatchError > should infer set type from SADD command
 ✓ packages/core/test/unit/error-system.spec.ts > Error System > RedisTypeMismatchError > should infer zset type from ZADD command
 ✓ packages/core/test/unit/error-system.spec.ts > Error System > RedisTypeMismatchError > should infer hash type from HSET command
 ✓ packages/core/test/unit/error-system.spec.ts > Error System > RedisTypeMismatchError > should handle RPOP for list type
 ✓ packages/core/test/unit/error-system.spec.ts > Error System > RedisTypeMismatchError > should handle BLPOP for list type
 ✓ packages/core/test/unit/error-system.spec.ts > Error System > RedisTypeMismatchError > should return unknown for SET command
 ✓ packages/core/test/unit/error-system.spec.ts > Error System > RedisTypeMismatchError > should return unknown for non-WRONGTYPE error
 ✓ packages/core/test/unit/error-system.spec.ts > Error System > RedisScriptError > should create script error
 ✓ packages/core/test/unit/error-system.spec.ts > Error System > RedisScriptError > should create timeout error
 ✓ packages/core/test/unit/error-system.spec.ts > Error System > RedisScriptError > should create not found error
 ✓ packages/core/test/unit/error-system.spec.ts > Error System > RedisConfigError > should create config error
 ✓ packages/core/test/unit/error-system.spec.ts > Error System > RedisConfigError > should create missing required error
 ✓ packages/core/test/unit/error-system.spec.ts > Error System > RedisConfigError > should create invalid connection type error
 ✓ packages/core/test/unit/error-system.spec.ts > Error System > RedisConfigError > should create invalid TTL error
 ✓ packages/core/test/unit/error-system.spec.ts > Error System > RedisConfigError > should create driver not supported error
 ✓ packages/core/test/unit/error-system.spec.ts > Error System > RedisConfigError > should create invalid host/port error with reason
 ✓ packages/core/test/unit/error-system.spec.ts > Error System > RedisConfigError > should create invalid host/port error without reason
 ✓ packages/core/test/unit/error-system.spec.ts > Error System > RedisConfigError > should create invalid database error
 ✓ packages/core/test/unit/error-system.spec.ts > Error System > RedisConfigError > should create invalid timeout error with reason
 ✓ packages/core/test/unit/error-system.spec.ts > Error System > RedisConfigError > should create invalid timeout error without reason
 ✓ packages/core/test/unit/error-system.spec.ts > Error System > RedisConfigError > should create invalid retry configuration error
 ✓ packages/core/test/unit/error-system.spec.ts > Error System > RedisConfigError > should create incompatible configuration error with reason
 ✓ packages/core/test/unit/error-system.spec.ts > Error System > RedisConfigError > should create incompatible configuration error without reason
 ✓ packages/core/test/unit/error-system.spec.ts > Error System > RedisConfigError > should create invalid cluster nodes error
 ✓ packages/core/test/unit/error-system.spec.ts > Error System > RedisConfigError > should create invalid sentinel configuration error
 ✓ packages/core/test/unit/error-system.spec.ts > Error System > RedisConfigError > should create invalid TLS configuration error
 ✓ packages/core/test/unit/error-system.spec.ts > Error System > RedisValidationError > should create single validation error
 ✓ packages/core/test/unit/error-system.spec.ts > Error System > RedisValidationError > should create multiple validation errors
 ✓ packages/core/test/unit/error-system.spec.ts > Error System > RedisValidationError > should add errors
 ✓ packages/core/test/unit/error-system.spec.ts > Error System > RedisValidationError > should get messages
 ✓ packages/core/test/unit/error-system.spec.ts > Error System > RedisValidationError > should get field errors
 ✓ packages/core/test/unit/error-system.spec.ts > Error System > ValidationErrorCollector > should collect validation errors
 ✓ packages/core/test/unit/error-system.spec.ts > Error System > ValidationErrorCollector > should throw if errors exist
 ✓ packages/core/test/unit/error-system.spec.ts > Error System > ValidationErrorCollector > should not throw if no errors
 ✓ packages/core/test/unit/error-system.spec.ts > Error System > ValidationErrorCollector > should clear errors
 ✓ packages/core/test/unit/error-system.spec.ts > Error System > ValidationErrorCollector > should get all errors
 ✓ packages/core/test/unit/error-system.spec.ts > Error System > RedisTransactionError > should create transaction error
 ✓ packages/core/test/unit/error-system.spec.ts > Error System > RedisTransactionError > should create aborted transaction error
 ✓ packages/core/test/unit/error-system.spec.ts > Error System > RedisPipelineError > should create pipeline error with command counts
 ✓ packages/core/test/unit/error-system.spec.ts > Error System > RedisInvalidArgsError > should create invalid args error
 ✓ packages/core/test/unit/error-system.spec.ts > Error System > RedisClusterError Factory Methods > should create cluster down error
 ✓ packages/core/test/unit/error-system.spec.ts > Error System > RedisClusterError Factory Methods > should create cluster down error without host/port
 ✓ packages/core/test/unit/error-system.spec.ts > Error System > RedisClusterError Factory Methods > should create MOVED redirection error
 ✓ packages/core/test/unit/error-system.spec.ts > Error System > RedisClusterError Factory Methods > should create ASK redirection error
 ✓ packages/core/test/unit/error-system.spec.ts > Error System > RedisClusterError Factory Methods > should create generic cluster error
 ✓ packages/core/test/unit/error-system.spec.ts > Error System > RedisClusterError Factory Methods > should create generic cluster error without host/port/cause
 ✓ packages/core/test/unit/error-system.spec.ts > Error System > RedisSentinelError Factory Methods > should create no master error with sentinels list
 ✓ packages/core/test/unit/error-system.spec.ts > Error System > RedisSentinelError Factory Methods > should create no master error without sentinels list
 ✓ packages/core/test/unit/error-system.spec.ts > Error System > RedisSentinelError Factory Methods > should create failover error with old and new master
 ✓ packages/core/test/unit/error-system.spec.ts > Error System > RedisSentinelError Factory Methods > should create failover error without old/new master info
 ✓ packages/core/test/unit/error-system.spec.ts > Error System > RedisSentinelError Factory Methods > should create generic sentinel error
 ✓ packages/core/test/unit/error-system.spec.ts > Error System > RedisSentinelError Factory Methods > should create generic sentinel error without master name or cause
 ✓ packages/core/test/unit/error-system.spec.ts > Error System > RedisOutOfMemoryError > should create OOM error with key
 ✓ packages/core/test/unit/error-system.spec.ts > Error System > RedisOutOfMemoryError > should create OOM error without key
 ✓ packages/core/test/unit/error-system.spec.ts > Error System > RedisOutOfMemoryError > should create OOM error with cause
 ✓ packages/core/test/unit/error-system.spec.ts > Error System > RedisReadOnlyError > should create read-only error with key
 ✓ packages/core/test/unit/error-system.spec.ts > Error System > RedisReadOnlyError > should create read-only error without key
 ✓ packages/core/test/unit/error-system.spec.ts > Error System > RedisReadOnlyError > should create read-only error with cause
 ✓ packages/core/test/unit/error-system.spec.ts > Error System > RedisNotSupportedError > should create not supported error
 ✓ packages/core/test/unit/error-system.spec.ts > Error System > RedisNotSupportedError > should create not supported error for driver limitation
 ✓ packages/core/test/unit/error-system.spec.ts > Error System > RedisNotConnectedError > should create not connected error with command
 ✓ packages/core/test/unit/error-system.spec.ts > Error System > RedisNotConnectedError > should create not connected error without command
 ✓ packages/core/test/unit/error-system.spec.ts > Error System > RedisAuthError > should create auth error with default message
 ✓ packages/core/test/unit/error-system.spec.ts > Error System > RedisAuthError > should create auth error with custom message
 ✓ packages/core/test/unit/error-system.spec.ts > Error System > RedisAuthError > should create auth error with cause
 ✓ packages/core/test/unit/error-system.spec.ts > Error System > RedisTLSError > should create TLS error with default message
 ✓ packages/core/test/unit/error-system.spec.ts > Error System > RedisTLSError > should create TLS error with custom message
 ✓ packages/core/test/unit/error-system.spec.ts > Error System > RedisTLSError > should create TLS error with cause
 ✓ packages/core/test/unit/error-system.spec.ts > Error System > RedisMaxRetriesError > should create max retries error
 ✓ packages/core/test/unit/error-system.spec.ts > Error System > RedisMaxRetriesError > should create max retries error with cause
 ✓ packages/core/test/unit/error-system.spec.ts > Error System > RedisMaxRetriesError > should create max retries error without host/port
 ✓ packages/core/test/unit/error-system.spec.ts > Error System > RedisPoolExhaustedError > should create pool exhausted error
 ✓ packages/core/test/unit/error-system.spec.ts > Error System > RedisPoolExhaustedError > should create pool exhausted error with cause
 ✓ packages/core/test/unit/error-system.spec.ts > Error System > RedisPoolExhaustedError > should create pool exhausted error with zero waiting clients
 ✓ packages/core/test/unit/error-system.spec.ts > Error System > Utility Functions > isErrorCode > should return true for valid connection error codes
 ✓ packages/core/test/unit/error-system.spec.ts > Error System > Utility Functions > isErrorCode > should return true for valid operation error codes
 ✓ packages/core/test/unit/error-system.spec.ts > Error System > Utility Functions > isErrorCode > should return true for valid config error codes
 ✓ packages/core/test/unit/error-system.spec.ts > Error System > Utility Functions > isErrorCode > should return false for invalid error codes
 ✓ packages/core/test/unit/error-system.spec.ts > Error System > Utility Functions > getErrorDomain > should extract domain from connection error code
 ✓ packages/core/test/unit/error-system.spec.ts > Error System > Utility Functions > getErrorDomain > should extract domain from operation error code
 ✓ packages/core/test/unit/error-system.spec.ts > Error System > Utility Functions > getErrorDomain > should extract domain from config error code
 ✓ packages/core/test/unit/error-system.spec.ts > Error System > Utility Functions > getErrorDomain > should extract domain from cluster error code
 ✓ packages/core/test/unit/error-system.spec.ts > Error System > Utility Functions > getErrorDomain > should handle unknown error code
 ✓ packages/core/test/unit/error-system.spec.ts > Error System > Utility Functions > getErrorDomain > should handle error code without underscore
 ✓ packages/core/test/unit/error-system.spec.ts > Error System > Utility Functions > getErrorDomain > should return UNKNOWN for empty string
 ✓ packages/core/test/unit/error-system.spec.ts > Error System > Utility Functions > isErrorDomain > should return true when error code belongs to domain
 ✓ packages/core/test/unit/error-system.spec.ts > Error System > Utility Functions > isErrorDomain > should return false when error code does not belong to domain
 ✓ packages/core/test/unit/error-system.spec.ts > Error System > Utility Functions > isErrorDomain > should handle UNKNOWN error code
 ✓ packages/core/test/unit/error-system.spec.ts > Error System > Utility Functions > isErrorDomain > should be case sensitive
 ✓ packages/core/test/unit/base.driver.spec.ts > BaseRedisDriver > Connection Management > connect > should connect successfully
 ✓ packages/core/test/unit/base.driver.spec.ts > BaseRedisDriver > Connection Management > connect > should emit CONNECT and READY events on successful connection
 ✓ packages/core/test/unit/base.driver.spec.ts > BaseRedisDriver > Connection Management > connect > should emit ERROR event on connection failure
 ✓ packages/core/test/unit/base.driver.spec.ts > BaseRedisDriver > Connection Management > connect > should skip connection if already connected
 ✓ packages/core/test/unit/node-redis.adapter.spec.ts > NodeRedisAdapter > Single Connection > connect > should connect successfully
 ✓ packages/core/test/unit/node-redis.adapter.spec.ts > NodeRedisAdapter > Single Connection > connect > should emit CONNECT and READY events
 ✓ packages/core/test/unit/node-redis.adapter.spec.ts > NodeRedisAdapter > Single Connection > connect > should setup error event handler
 ✓ packages/core/test/unit/node-redis.adapter.spec.ts > NodeRedisAdapter > Single Connection > disconnect > should disconnect successfully
 ✓ packages/core/test/unit/node-redis.adapter.spec.ts > NodeRedisAdapter > Single Connection > disconnect > should emit DISCONNECT and CLOSE events
 ✓ packages/core/test/unit/node-redis.adapter.spec.ts > NodeRedisAdapter > Single Connection > executeCommand > should execute GET command
 ✓ packages/core/test/unit/node-redis.adapter.spec.ts > NodeRedisAdapter > Single Connection > executeCommand > should execute SET command
 ✓ packages/core/test/unit/node-redis.adapter.spec.ts > NodeRedisAdapter > Single Connection > executeCommand > should throw CommandError on failure
 ✓ packages/core/test/unit/node-redis.adapter.spec.ts > NodeRedisAdapter > Single Connection > pipeline > should create pipeline
 ✓ packages/core/test/unit/node-redis.adapter.spec.ts > NodeRedisAdapter > Single Connection > pipeline > should execute pipeline commands
 ✓ packages/core/test/unit/node-redis.adapter.spec.ts > NodeRedisAdapter > Single Connection > multi > should create multi transaction
 ✓ packages/core/test/unit/node-redis.adapter.spec.ts > NodeRedisAdapter > Single Connection > multi > should execute multi transaction
 ✓ packages/core/test/unit/node-redis.adapter.spec.ts > NodeRedisAdapter > Single Connection > getClient > should return null when not connected
 ✓ packages/core/test/unit/node-redis.adapter.spec.ts > NodeRedisAdapter > Single Connection > getClient > should return client when connected
 ✓ packages/core/test/unit/node-redis.adapter.spec.ts > NodeRedisAdapter > Cluster Connection > should connect to cluster
 ✓ packages/core/test/unit/node-redis.adapter.spec.ts > NodeRedisAdapter > Cluster Connection > should create cluster client with correct configuration
 ✓ packages/core/test/unit/node-redis.adapter.spec.ts > NodeRedisAdapter > Cluster Connection > should disconnect from cluster
 ✓ packages/core/test/unit/node-redis.adapter.spec.ts > NodeRedisAdapter > Sentinel Connection > should connect to sentinel
 ✓ packages/core/test/unit/node-redis.adapter.spec.ts > NodeRedisAdapter > Sentinel Connection > should create sentinel client with correct configuration
 ✓ packages/core/test/unit/node-redis.adapter.spec.ts > NodeRedisAdapter > Sentinel Connection > should disconnect from sentinel
 ✓ packages/core/test/unit/node-redis.adapter.spec.ts > NodeRedisAdapter > Event Handling > should map connect event
 ✓ packages/core/test/unit/node-redis.adapter.spec.ts > NodeRedisAdapter > Event Handling > should map ready event
 ✓ packages/core/test/unit/node-redis.adapter.spec.ts > NodeRedisAdapter > Event Handling > should map error event
 ✓ packages/core/test/unit/node-redis.adapter.spec.ts > NodeRedisAdapter > Event Handling > should map end event
 ✓ packages/core/test/unit/node-redis.adapter.spec.ts > NodeRedisAdapter > Event Handling > should map reconnecting event
 ✓ packages/core/test/unit/node-redis.adapter.spec.ts > NodeRedisAdapter > Configuration Options > should apply single connection options
 ✓ packages/core/test/unit/node-redis.adapter.spec.ts > NodeRedisAdapter > Configuration Options > should apply TLS configuration
 ✓ packages/core/test/unit/node-redis.adapter.spec.ts > NodeRedisAdapter > Configuration Options > should apply cluster options
 ✓ packages/core/test/unit/node-redis.adapter.spec.ts > NodeRedisAdapter > Configuration Options > should apply sentinel options
 ✓ packages/core/test/unit/node-redis.adapter.spec.ts > NodeRedisAdapter > Configuration Options > should enable logging when option is provided
 ✓ packages/core/test/unit/node-redis.adapter.spec.ts > NodeRedisAdapter > Error Handling > should throw ConnectionError for unknown connection type
 ✓ packages/core/test/unit/node-redis.adapter.spec.ts > NodeRedisAdapter > Error Handling > should cleanup client reference after disconnect
 ✓ packages/core/test/unit/node-redis.adapter.spec.ts > NodeRedisAdapter > Error Handling > should force disconnect on quit failure
 ✓ packages/core/test/unit/node-redis.adapter.spec.ts > NodeRedisAdapter > Error Handling > should throw error when executing command on disconnected client
 ✓ packages/core/test/unit/node-redis.adapter.spec.ts > NodeRedisAdapter > Pipeline Adapter > should queue commands in pipeline
 ✓ packages/core/test/unit/node-redis.adapter.spec.ts > NodeRedisAdapter > Pipeline Adapter > should handle pipeline execution errors
 ✓ packages/core/test/unit/node-redis.adapter.spec.ts > NodeRedisAdapter > Multi Adapter > should queue commands in multi transaction
 ✓ packages/core/test/unit/node-redis.adapter.spec.ts > NodeRedisAdapter > Multi Adapter > should discard transaction
 ✓ packages/core/test/unit/node-redis.adapter.spec.ts > NodeRedisAdapter > Pipeline Methods Coverage > should support set with EX option in pipeline
 ✓ packages/core/test/unit/node-redis.adapter.spec.ts > NodeRedisAdapter > Pipeline Methods Coverage > should support set with PX option in pipeline
 ✓ packages/core/test/unit/node-redis.adapter.spec.ts > NodeRedisAdapter > Pipeline Methods Coverage > should support expire and ttl in pipeline
 ✓ packages/core/test/unit/node-redis.adapter.spec.ts > NodeRedisAdapter > Pipeline Methods Coverage > should support mget and mset in pipeline
 ✓ packages/core/test/unit/node-redis.adapter.spec.ts > NodeRedisAdapter > Pipeline Methods Coverage > should support del in pipeline
 ✓ packages/core/test/unit/node-redis.adapter.spec.ts > NodeRedisAdapter > Pipeline Methods Coverage > should support hash operations in pipeline
 ✓ packages/core/test/unit/node-redis.adapter.spec.ts > NodeRedisAdapter > Pipeline Methods Coverage > should support list operations in pipeline
 ✓ packages/core/test/unit/node-redis.adapter.spec.ts > NodeRedisAdapter > Pipeline Methods Coverage > should support set operations in pipeline
 ✓ packages/core/test/unit/node-redis.adapter.spec.ts > NodeRedisAdapter > Pipeline Methods Coverage > should support sorted set operations in pipeline
 ✓ packages/core/test/unit/node-redis.adapter.spec.ts > NodeRedisAdapter > Type Guards > should validate single connection config
 ✓ packages/core/test/unit/node-redis.adapter.spec.ts > NodeRedisAdapter > Type Guards > should validate cluster connection config
 ✓ packages/core/test/unit/node-redis.adapter.spec.ts > NodeRedisAdapter > Type Guards > should validate sentinel connection config
 ✓ packages/core/test/unit/node-redis.adapter.spec.ts > NodeRedisAdapter > Override Methods > hgetall > should convert array response to object
 ✓ packages/core/test/unit/node-redis.adapter.spec.ts > NodeRedisAdapter > Override Methods > hgetall > should handle empty hash
 ✓ packages/core/test/unit/node-redis.adapter.spec.ts > NodeRedisAdapter > Override Methods > hgetall > should return object as-is if not array
 ✓ packages/core/test/unit/node-redis.adapter.spec.ts > NodeRedisAdapter > Override Methods > hgetall > should throw if not connected
 ✓ packages/core/test/unit/node-redis.adapter.spec.ts > NodeRedisAdapter > Override Methods > scan > should normalize scan response
 ✓ packages/core/test/unit/node-redis.adapter.spec.ts > NodeRedisAdapter > Override Methods > scan > should handle empty scan result
 ✓ packages/core/test/unit/node-redis.adapter.spec.ts > NodeRedisAdapter > Override Methods > hscan > should normalize hscan response
 ✓ packages/core/test/unit/node-redis.adapter.spec.ts > NodeRedisAdapter > Override Methods > sscan > should normalize sscan response
 ✓ packages/core/test/unit/node-redis.adapter.spec.ts > NodeRedisAdapter > Override Methods > zscan > should normalize zscan response
 ✓ packages/core/test/unit/node-redis.adapter.spec.ts > NodeRedisAdapter > Override Methods > info > should return info string
 ✓ packages/core/test/unit/node-redis.adapter.spec.ts > NodeRedisAdapter > Override Methods > info > should handle null info result
 ✓ packages/core/test/unit/node-redis.adapter.spec.ts > NodeRedisAdapter > Key Prefix > should apply keyPrefix to commands
 ✓ packages/core/test/unit/node-redis.adapter.spec.ts > NodeRedisAdapter > Key Prefix > should apply keyPrefix to multi-key commands
 ✓ packages/core/test/unit/node-redis.adapter.spec.ts > NodeRedisAdapter > Key Prefix > should not apply keyPrefix when not configured
 ✓ packages/core/test/unit/node-redis.adapter.spec.ts > NodeRedisAdapter > Sentinel Mode > should connect to sentinel
 ✓ packages/core/test/unit/node-redis.adapter.spec.ts > NodeRedisAdapter > Sentinel Mode > should execute commands via sentinel
 ✓ packages/core/test/unit/node-redis.adapter.spec.ts > NodeRedisAdapter > Sentinel Mode > should disconnect from sentinel using close()
 ✓ packages/core/test/unit/node-redis.adapter.spec.ts > NodeRedisAdapter > Sentinel Mode > should create sentinel with TLS options
 ✓ packages/core/test/unit/node-redis.adapter.spec.ts > NodeRedisAdapter > Sentinel Mode > should create pipeline in sentinel mode
 ✓ packages/core/test/unit/node-redis.adapter.spec.ts > NodeRedisAdapter > Sentinel Mode > should create multi in sentinel mode
 ✓ packages/core/test/unit/node-redis.adapter.spec.ts > NodeRedisAdapter > Type Conversion > should handle null/undefined in hgetall result
 ✓ packages/core/test/unit/base.driver.spec.ts > BaseRedisDriver > Connection Management > connect > should wait for ongoing connection
 ✓ packages/core/test/unit/base.driver.spec.ts > BaseRedisDriver > Connection Management > disconnect > should disconnect successfully
 ✓ packages/core/test/unit/base.driver.spec.ts > BaseRedisDriver > Connection Management > disconnect > should emit DISCONNECT and CLOSE events on successful disconnection
 ✓ packages/core/test/unit/base.driver.spec.ts > BaseRedisDriver > Connection Management > disconnect > should skip disconnection if not connected
 ✓ packages/core/test/unit/base.driver.spec.ts > BaseRedisDriver > Connection Management > disconnect > should emit ERROR event on disconnection failure
 ✓ packages/core/test/unit/base.driver.spec.ts > BaseRedisDriver > Connection Management > isConnected > should return false when not connected
 ✓ packages/core/test/unit/base.driver.spec.ts > BaseRedisDriver > Connection Management > isConnected > should return true when connected
 ✓ packages/core/test/unit/base.driver.spec.ts > BaseRedisDriver > Connection Management > ping > should ping Redis without message
 ✓ packages/core/test/unit/base.driver.spec.ts > BaseRedisDriver > Connection Management > ping > should ping Redis with custom message
 ✓ packages/core/test/unit/base.driver.spec.ts > BaseRedisDriver > Connection Management > ping > should throw error when not connected
 ✓ packages/core/test/unit/base.driver.spec.ts > BaseRedisDriver > Connection Management > select > should select database
 ✓ packages/core/test/unit/base.driver.spec.ts > BaseRedisDriver > String Commands > get > should get value
 ✓ packages/core/test/unit/base.driver.spec.ts > BaseRedisDriver > String Commands > get > should return null for non-existent key
 ✓ packages/core/test/unit/base.driver.spec.ts > BaseRedisDriver > String Commands > set > should set value without options
 ✓ packages/core/test/unit/base.driver.spec.ts > BaseRedisDriver > String Commands > set > should set value with EX option
 ✓ packages/core/test/unit/base.driver.spec.ts > BaseRedisDriver > String Commands > set > should set value with NX option
 ✓ packages/core/test/unit/base.driver.spec.ts > BaseRedisDriver > String Commands > set > should set value with multiple options
 ✓ packages/core/test/unit/base.driver.spec.ts > BaseRedisDriver > String Commands > mget > should get multiple values
 ✓ packages/core/test/unit/base.driver.spec.ts > BaseRedisDriver > String Commands > mset > should set multiple values
 ✓ packages/core/test/unit/base.driver.spec.ts > BaseRedisDriver > String Commands > incr > should increment value
 ✓ packages/core/test/unit/base.driver.spec.ts > BaseRedisDriver > String Commands > decr > should decrement value
 ✓ packages/core/test/unit/base.driver.spec.ts > BaseRedisDriver > Key Management > del > should delete single key
 ✓ packages/core/test/unit/base.driver.spec.ts > BaseRedisDriver > Key Management > del > should delete multiple keys
 ✓ packages/core/test/unit/base.driver.spec.ts > BaseRedisDriver > Key Management > exists > should check if keys exist
 ✓ packages/core/test/unit/base.driver.spec.ts > BaseRedisDriver > Key Management > expire > should set expiration
 ✓ packages/core/test/unit/base.driver.spec.ts > BaseRedisDriver > Key Management > ttl > should get TTL
 ✓ packages/core/test/unit/base.driver.spec.ts > BaseRedisDriver > Key Management > scan > should scan keys
 ✓ packages/core/test/unit/base.driver.spec.ts > BaseRedisDriver > Key Management > scan > should scan keys with options
 ✓ packages/core/test/unit/base.driver.spec.ts > BaseRedisDriver > Hash Commands > hget > should get hash field
 ✓ packages/core/test/unit/base.driver.spec.ts > BaseRedisDriver > Hash Commands > hset > should set hash field
 ✓ packages/core/test/unit/base.driver.spec.ts > BaseRedisDriver > Hash Commands > hgetall > should get all hash fields
 ✓ packages/core/test/unit/base.driver.spec.ts > BaseRedisDriver > Hash Commands > hscan > should scan hash
 ✓ packages/core/test/unit/base.driver.spec.ts > BaseRedisDriver > Hash Commands > hscan > should scan hash with match pattern
 ✓ packages/core/test/unit/base.driver.spec.ts > BaseRedisDriver > Hash Commands > hscan > should scan hash with count option
 ✓ packages/core/test/unit/base.driver.spec.ts > BaseRedisDriver > Hash Commands > hscan > should scan hash with both match and count options
 ✓ packages/core/test/unit/base.driver.spec.ts > BaseRedisDriver > Hash Commands > hincrby > should increment hash field by integer
 ✓ packages/core/test/unit/base.driver.spec.ts > BaseRedisDriver > Hash Commands > hvals > should get all hash values
 ✓ packages/core/test/unit/base.driver.spec.ts > BaseRedisDriver > Hash Commands > hlen > should get hash length
 ✓ packages/core/test/unit/base.driver.spec.ts > BaseRedisDriver > Hash Commands > hexists > should check if hash field exists
 ✓ packages/core/test/unit/base.driver.spec.ts > BaseRedisDriver > Hash Commands > hexists > should return 0 when field does not exist
 ✓ packages/core/test/unit/base.driver.spec.ts > BaseRedisDriver > Hash Commands > hkeys > should get all hash keys
 ✓ packages/core/test/unit/base.driver.spec.ts > BaseRedisDriver > List Commands > lpush > should push to list
 ✓ packages/core/test/unit/base.driver.spec.ts > BaseRedisDriver > List Commands > lrange > should get list range
 ✓ packages/core/test/unit/base.driver.spec.ts > BaseRedisDriver > List Commands > rpush > should push to right of list
 ✓ packages/core/test/unit/base.driver.spec.ts > BaseRedisDriver > List Commands > lpop > should pop from left of list
 ✓ packages/core/test/unit/base.driver.spec.ts > BaseRedisDriver > List Commands > lpop > should return null when list is empty
 ✓ packages/core/test/unit/base.driver.spec.ts > BaseRedisDriver > List Commands > rpop > should pop from right of list
 ✓ packages/core/test/unit/base.driver.spec.ts > BaseRedisDriver > List Commands > rpop > should return null when list is empty
 ✓ packages/core/test/unit/base.driver.spec.ts > BaseRedisDriver > List Commands > llen > should get list length
 ✓ packages/core/test/unit/base.driver.spec.ts > BaseRedisDriver > List Commands > ltrim > should trim list
 ✓ packages/core/test/unit/base.driver.spec.ts > BaseRedisDriver > List Commands > lindex > should get element at index
 ✓ packages/core/test/unit/base.driver.spec.ts > BaseRedisDriver > List Commands > lindex > should return null for invalid index
 ✓ packages/core/test/unit/base.driver.spec.ts > BaseRedisDriver > List Commands > lset > should set element at index
 ✓ packages/core/test/unit/base.driver.spec.ts > BaseRedisDriver > Set Commands > sadd > should add to set
 ✓ packages/core/test/unit/base.driver.spec.ts > BaseRedisDriver > Set Commands > smembers > should get set members
 ✓ packages/core/test/unit/base.driver.spec.ts > BaseRedisDriver > Set Commands > sscan > should scan set
 ✓ packages/core/test/unit/base.driver.spec.ts > BaseRedisDriver > Set Commands > sscan > should scan set with match pattern
 ✓ packages/core/test/unit/base.driver.spec.ts > BaseRedisDriver > Set Commands > sscan > should scan set with count option
 ✓ packages/core/test/unit/base.driver.spec.ts > BaseRedisDriver > Set Commands > sscan > should scan set with both match and count options
 ✓ packages/core/test/unit/base.driver.spec.ts > BaseRedisDriver > Set Commands > srem > should remove members from set
 ✓ packages/core/test/unit/base.driver.spec.ts > BaseRedisDriver > Set Commands > sismember > should check if member exists in set
 ✓ packages/core/test/unit/base.driver.spec.ts > BaseRedisDriver > Set Commands > sismember > should return 0 when member does not exist
 ✓ packages/core/test/unit/base.driver.spec.ts > BaseRedisDriver > Set Commands > scard > should get set cardinality
 ✓ packages/core/test/unit/base.driver.spec.ts > BaseRedisDriver > Set Commands > srandmember > should get random member without count
 ✓ packages/core/test/unit/base.driver.spec.ts > BaseRedisDriver > Set Commands > srandmember > should get random members with count
 ✓ packages/core/test/unit/base.driver.spec.ts > BaseRedisDriver > Set Commands > srandmember > should return null for empty set
 ✓ packages/core/test/unit/base.driver.spec.ts > BaseRedisDriver > Set Commands > spop > should pop random member without count
 ✓ packages/core/test/unit/base.driver.spec.ts > BaseRedisDriver > Set Commands > spop > should pop random members with count
 ✓ packages/core/test/unit/base.driver.spec.ts > BaseRedisDriver > Set Commands > spop > should return null for empty set
 ✓ packages/core/test/unit/base.driver.spec.ts > BaseRedisDriver > Sorted Set Commands > zadd > should add to sorted set
 ✓ packages/core/test/unit/base.driver.spec.ts > BaseRedisDriver > Sorted Set Commands > zrem > should remove members from sorted set
 ✓ packages/core/test/unit/base.driver.spec.ts > BaseRedisDriver > Sorted Set Commands > zscore > should get member score
 ✓ packages/core/test/unit/base.driver.spec.ts > BaseRedisDriver > Sorted Set Commands > zscore > should return null when member not found
 ✓ packages/core/test/unit/base.driver.spec.ts > BaseRedisDriver > Sorted Set Commands > zcard > should get sorted set cardinality
 ✓ packages/core/test/unit/base.driver.spec.ts > BaseRedisDriver > Sorted Set Commands > zcard > should return 0 for empty set
 ✓ packages/core/test/unit/base.driver.spec.ts > BaseRedisDriver > Sorted Set Commands > zrange > should get range from sorted set
 ✓ packages/core/test/unit/base.driver.spec.ts > BaseRedisDriver > Sorted Set Commands > zrange > should get range with scores
 ✓ packages/core/test/unit/base.driver.spec.ts > BaseRedisDriver > Sorted Set Commands > zrangebyscore > should get range by score
 ✓ packages/core/test/unit/base.driver.spec.ts > BaseRedisDriver > Sorted Set Commands > zrangebyscore > should get range by score with WITHSCORES
 ✓ packages/core/test/unit/base.driver.spec.ts > BaseRedisDriver > Sorted Set Commands > zrangebyscore > should support string min/max values
 ✓ packages/core/test/unit/base.driver.spec.ts > BaseRedisDriver > Sorted Set Commands > zrank > should get member rank
 ✓ packages/core/test/unit/base.driver.spec.ts > BaseRedisDriver > Sorted Set Commands > zrank > should return null when member not found
 ✓ packages/core/test/unit/base.driver.spec.ts > BaseRedisDriver > Sorted Set Commands > zincrby > should increment member score
 ✓ packages/core/test/unit/base.driver.spec.ts > BaseRedisDriver > Sorted Set Commands > zincrby > should handle negative increments
 ✓ packages/core/test/unit/base.driver.spec.ts > BaseRedisDriver > Sorted Set Commands > zscan > should scan sorted set
 ✓ packages/core/test/unit/base.driver.spec.ts > BaseRedisDriver > Sorted Set Commands > zscan > should scan sorted set with match pattern
 ✓ packages/core/test/unit/base.driver.spec.ts > BaseRedisDriver > Sorted Set Commands > zscan > should scan sorted set with count option
 ✓ packages/core/test/unit/base.driver.spec.ts > BaseRedisDriver > Sorted Set Commands > zscan > should scan sorted set with both match and count options
 ✓ packages/core/test/unit/base.driver.spec.ts > BaseRedisDriver > Pipeline and Multi > pipeline > should create pipeline
 ✓ packages/core/test/unit/base.driver.spec.ts > BaseRedisDriver > Pipeline and Multi > pipeline > should throw error when not connected
 ✓ packages/core/test/unit/base.driver.spec.ts > BaseRedisDriver > Pipeline and Multi > multi > should create multi transaction
 ✓ packages/core/test/unit/base.driver.spec.ts > BaseRedisDriver > Pipeline and Multi > multi > should throw error when not connected
 ✓ packages/core/test/unit/base.driver.spec.ts > BaseRedisDriver > Event Handling > should register event handler with on
 ✓ packages/core/test/unit/base.driver.spec.ts > BaseRedisDriver > Event Handling > should register one-time handler with once
 ✓ packages/core/test/unit/base.driver.spec.ts > BaseRedisDriver > Event Handling > should unregister handler with off
 ✓ packages/core/test/unit/base.driver.spec.ts > BaseRedisDriver > Event Handling > should remove all listeners for event
 ✓ packages/core/test/unit/base.driver.spec.ts > BaseRedisDriver > Event Handling > should remove all listeners for all events
 ✓ packages/core/test/unit/base.driver.spec.ts > BaseRedisDriver > Lua Scripts > eval > should evaluate script
 ✓ packages/core/test/unit/base.driver.spec.ts > BaseRedisDriver > Lua Scripts > eval > should evaluate script with keys
 ✓ packages/core/test/unit/base.driver.spec.ts > BaseRedisDriver > Lua Scripts > scriptLoad > should load script
 ✓ packages/core/test/unit/base.driver.spec.ts > BaseRedisDriver > Lua Scripts > scriptExists > should check if single script exists
 ✓ packages/core/test/unit/base.driver.spec.ts > BaseRedisDriver > Lua Scripts > scriptExists > should check if multiple scripts exist
 ✓ packages/core/test/unit/base.driver.spec.ts > BaseRedisDriver > Lua Scripts > scriptFlush > should flush script cache
 ✓ packages/core/test/unit/base.driver.spec.ts > BaseRedisDriver > Lua Scripts > eval > should execute Lua script
 ✓ packages/core/test/unit/base.driver.spec.ts > BaseRedisDriver > Lua Scripts > eval > should execute Lua script with keys and args
 ✓ packages/core/test/unit/base.driver.spec.ts > BaseRedisDriver > Lua Scripts > evalsha > should execute cached Lua script by SHA
 ✓ packages/core/test/unit/base.driver.spec.ts > BaseRedisDriver > Lua Scripts > evalsha > should execute cached Lua script with keys and args
 ✓ packages/core/test/unit/base.driver.spec.ts > BaseRedisDriver > Pub/Sub Commands > publish > should publish message to channel
 ✓ packages/core/test/unit/base.driver.spec.ts > BaseRedisDriver > Pub/Sub Commands > subscribe > should subscribe to single channel
 ✓ packages/core/test/unit/base.driver.spec.ts > BaseRedisDriver > Pub/Sub Commands > subscribe > should subscribe to multiple channels
 ✓ packages/core/test/unit/base.driver.spec.ts > BaseRedisDriver > Pub/Sub Commands > unsubscribe > should unsubscribe from single channel
 ✓ packages/core/test/unit/base.driver.spec.ts > BaseRedisDriver > Pub/Sub Commands > unsubscribe > should unsubscribe from multiple channels
 ✓ packages/core/test/unit/base.driver.spec.ts > BaseRedisDriver > Pub/Sub Commands > psubscribe > should subscribe to pattern
 ✓ packages/core/test/unit/base.driver.spec.ts > BaseRedisDriver > Pub/Sub Commands > psubscribe > should subscribe to multiple patterns
 ✓ packages/core/test/unit/base.driver.spec.ts > BaseRedisDriver > Pub/Sub Commands > punsubscribe > should unsubscribe from pattern
 ✓ packages/core/test/unit/base.driver.spec.ts > BaseRedisDriver > Pub/Sub Commands > punsubscribe > should unsubscribe from multiple patterns
 ✓ packages/core/test/unit/base.driver.spec.ts > BaseRedisDriver > Server Commands > flushdb > should flush database
 ✓ packages/core/test/unit/base.driver.spec.ts > BaseRedisDriver > Server Commands > flushall > should flush all databases
 ✓ packages/core/test/unit/base.driver.spec.ts > BaseRedisDriver > Server Commands > info > should get server info
 ✓ packages/core/test/unit/base.driver.spec.ts > BaseRedisDriver > Server Commands > info > should get specific info section
 ✓ packages/core/test/unit/base.driver.spec.ts > BaseRedisDriver > Server Commands > dbsize > should get database size
 ✓ packages/core/test/unit/base.driver.spec.ts > BaseRedisDriver > Server Commands > cluster > should execute CLUSTER command
 ✓ packages/core/test/unit/base.driver.spec.ts > BaseRedisDriver > Server Commands > cluster > should execute CLUSTER command with multiple args
 ✓ packages/core/test/unit/base.driver.spec.ts > BaseRedisDriver > Server Commands > cluster > should throw if not connected
 ✓ packages/core/test/unit/base.driver.spec.ts > BaseRedisDriver > Server Commands > sentinel > should execute SENTINEL command
 ✓ packages/core/test/unit/base.driver.spec.ts > BaseRedisDriver > Server Commands > sentinel > should execute SENTINEL command with args
 ✓ packages/core/test/unit/base.driver.spec.ts > BaseRedisDriver > Server Commands > sentinel > should throw if not connected
 ✓ packages/core/test/unit/base.driver.spec.ts > BaseRedisDriver > Protected Utility Methods > log > should log messages when logging enabled
 ✓ packages/core/test/unit/base.driver.spec.ts > BaseRedisDriver > Protected Utility Methods > log > should log messages with data when logging enabled
 ✓ packages/core/test/unit/base.driver.spec.ts > BaseRedisDriver > Protected Utility Methods > log > should not log when logging disabled
 ✓ packages/core/test/unit/base.driver.spec.ts > BaseRedisDriver > Protected Utility Methods > withTimeout > should resolve when promise completes before timeout
 ✓ packages/core/test/unit/base.driver.spec.ts > BaseRedisDriver > Protected Utility Methods > withTimeout > should reject with TimeoutError when timeout exceeded
 ✓ packages/core/test/unit/base.driver.spec.ts > BaseRedisDriver > Protected Utility Methods > withTimeout > should include operation name in timeout error
 ✓ packages/core/test/unit/base.driver.spec.ts > BaseRedisDriver > Protected Utility Methods > withTimeout > should preserve promise rejection
 ✓ packages/core/test/unit/base.driver.spec.ts > BaseRedisDriver > Connection Lifecycle Edge Cases > should handle multiple connect attempts
 ✓ packages/core/test/unit/base.driver.spec.ts > BaseRedisDriver > Connection Lifecycle Edge Cases > should handle disconnect when not connected
 ✓ packages/core/test/unit/base.driver.spec.ts > BaseRedisDriver > Connection Lifecycle Edge Cases > should reset connection state on disconnect
 ✓ packages/core/test/unit/base.driver.spec.ts > BaseRedisDriver > Connection Lifecycle Edge Cases > should handle doConnect failures
 ✓ packages/core/test/unit/base.driver.spec.ts > BaseRedisDriver > Connection Lifecycle Edge Cases > should handle doDisconnect failures by throwing error
 ✓ packages/core/test/unit/base.driver.spec.ts > BaseRedisDriver > Event Emitter > should emit connect event on successful connection
 ✓ packages/core/test/unit/base.driver.spec.ts > BaseRedisDriver > Event Emitter > should support removeAllListeners for specific event
 ✓ packages/core/test/unit/base.driver.spec.ts > BaseRedisDriver > Event Emitter > should support removeAllListeners for all events
 ✓ packages/core/test/unit/base.driver.spec.ts > BaseRedisDriver > Event Emitter > should support once for one-time listeners
 ✓ packages/core/test/unit/base.driver.spec.ts > BaseRedisDriver > Event Emitter > should support off to remove specific listener
 ✓ packages/core/test/unit/base.driver.spec.ts > BaseRedisDriver > Command Execution with Connection Check > should throw error when executing command without connection
 ✓ packages/core/test/unit/base.driver.spec.ts > BaseRedisDriver > Command Execution with Connection Check > should allow command execution when connected
 ✓ packages/core/test/unit/base.driver.spec.ts > BaseRedisDriver > Constructor Options > should accept enableLogging option
 ✓ packages/core/test/unit/base.driver.spec.ts > BaseRedisDriver > Constructor Options > should enable logging when option is true
 ✓ packages/core/test/unit/base.driver.spec.ts > BaseRedisDriver > Additional Command Coverage > should handle getex command
 ✓ packages/core/test/unit/base.driver.spec.ts > BaseRedisDriver > Additional Command Coverage > should handle pexpire command
 ✓ packages/core/test/unit/base.driver.spec.ts > BaseRedisDriver > Additional Command Coverage > should handle expireat command
 ✓ packages/core/test/unit/base.driver.spec.ts > BaseRedisDriver > Additional Command Coverage > should handle pttl command
 ✓ packages/core/test/unit/base.driver.spec.ts > BaseRedisDriver > Additional Command Coverage > should handle persist command
 ✓ packages/core/test/unit/base.driver.spec.ts > BaseRedisDriver > Additional Command Coverage > should handle type command
 ✓ packages/core/test/unit/base.driver.spec.ts > BaseRedisDriver > Additional Command Coverage > should handle hscan command
 ✓ packages/core/test/unit/base.driver.spec.ts > BaseRedisDriver > Additional Command Coverage > should handle sscan command
 ✓ packages/core/test/unit/base.driver.spec.ts > BaseRedisDriver > Additional Command Coverage > should handle zscan command
 ✓ packages/core/test/unit/base.driver.spec.ts > BaseRedisDriver > Additional Command Coverage > should handle psubscribe command
 ✓ packages/core/test/unit/base.driver.spec.ts > BaseRedisDriver > Additional Command Coverage > should handle punsubscribe command
 ✓ packages/core/test/unit/base.driver.spec.ts > BaseRedisDriver > Additional Command Coverage > should handle scriptFlush command
 ✓ packages/core/test/unit/base.driver.spec.ts > BaseRedisDriver > Additional Command Coverage > should handle select command
 ✓ packages/core/test/unit/base.driver.spec.ts > BaseRedisDriver > New String Commands > strlen > should get string length
 ✓ packages/core/test/unit/base.driver.spec.ts > BaseRedisDriver > New String Commands > incrbyfloat > should increment by float
 ✓ packages/core/test/unit/base.driver.spec.ts > BaseRedisDriver > New String Commands > getrange > should get substring
 ✓ packages/core/test/unit/base.driver.spec.ts > BaseRedisDriver > New String Commands > setrange > should overwrite at offset
 ✓ packages/core/test/unit/base.driver.spec.ts > BaseRedisDriver > New String Commands > msetnx > should set multiple if none exist
 ✓ packages/core/test/unit/base.driver.spec.ts > BaseRedisDriver > New Key Management Commands > unlink > should async delete keys
 ✓ packages/core/test/unit/base.driver.spec.ts > BaseRedisDriver > New Key Management Commands > copy > should copy key
 ✓ packages/core/test/unit/base.driver.spec.ts > BaseRedisDriver > New Key Management Commands > copy > should copy with replace option
 ✓ packages/core/test/unit/base.driver.spec.ts > BaseRedisDriver > New Key Management Commands > copy > should copy to different db
 ✓ packages/core/test/unit/base.driver.spec.ts > BaseRedisDriver > New Key Management Commands > keys > should find keys matching pattern
 ✓ packages/core/test/unit/base.driver.spec.ts > BaseRedisDriver > New Key Management Commands > touch > should touch keys
 ✓ packages/core/test/unit/base.driver.spec.ts > BaseRedisDriver > New Key Management Commands > object > should get encoding
 ✓ packages/core/test/unit/base.driver.spec.ts > BaseRedisDriver > New Key Management Commands > object > should get idletime
 ✓ packages/core/test/unit/base.driver.spec.ts > BaseRedisDriver > New Key Management Commands > time > should get server time
 ✓ packages/core/test/unit/base.driver.spec.ts > BaseRedisDriver > New Hash Commands > hsetnx > should set field if not exists
 ✓ packages/core/test/unit/base.driver.spec.ts > BaseRedisDriver > New Hash Commands > hincrbyfloat > should increment hash field by float
 ✓ packages/core/test/unit/base.driver.spec.ts > BaseRedisDriver > New Hash Commands > hstrlen > should get field value length
 ✓ packages/core/test/unit/base.driver.spec.ts > BaseRedisDriver > New Hash Commands > hrandfield > should get random field
 ✓ packages/core/test/unit/base.driver.spec.ts > BaseRedisDriver > New Hash Commands > hrandfield > should get multiple random fields
 ✓ packages/core/test/unit/base.driver.spec.ts > BaseRedisDriver > New Hash Commands > hrandfield > should get random fields with values
 ✓ packages/core/test/unit/base.driver.spec.ts > BaseRedisDriver > New List Commands > linsert > should insert before pivot
 ✓ packages/core/test/unit/base.driver.spec.ts > BaseRedisDriver > New List Commands > linsert > should insert after pivot
 ✓ packages/core/test/unit/base.driver.spec.ts > BaseRedisDriver > New List Commands > lrem > should remove elements
 ✓ packages/core/test/unit/base.driver.spec.ts > BaseRedisDriver > New List Commands > lpos > should get element position
 ✓ packages/core/test/unit/base.driver.spec.ts > BaseRedisDriver > New List Commands > lpos > should get multiple positions with COUNT
 ✓ packages/core/test/unit/base.driver.spec.ts > BaseRedisDriver > New List Commands > blpop > should blocking left pop
 ✓ packages/core/test/unit/base.driver.spec.ts > BaseRedisDriver > New List Commands > blpop > should return null on timeout
 ✓ packages/core/test/unit/base.driver.spec.ts > BaseRedisDriver > New List Commands > brpop > should blocking right pop
 ✓ packages/core/test/unit/base.driver.spec.ts > BaseRedisDriver > New List Commands > lmove > should move element between lists
 ✓ packages/core/test/unit/base.driver.spec.ts > BaseRedisDriver > New List Commands > blmove > should blocking move element
 ✓ packages/core/test/unit/base.driver.spec.ts > BaseRedisDriver > New Set Commands > smove > should move member between sets
 ✓ packages/core/test/unit/base.driver.spec.ts > BaseRedisDriver > New Set Commands > sinter > should get intersection
 ✓ packages/core/test/unit/base.driver.spec.ts > BaseRedisDriver > New Set Commands > sinterstore > should store intersection
 ✓ packages/core/test/unit/base.driver.spec.ts > BaseRedisDriver > New Set Commands > sunion > should get union
 ✓ packages/core/test/unit/base.driver.spec.ts > BaseRedisDriver > New Set Commands > sunionstore > should store union
 ✓ packages/core/test/unit/base.driver.spec.ts > BaseRedisDriver > New Set Commands > sdiff > should get difference
 ✓ packages/core/test/unit/base.driver.spec.ts > BaseRedisDriver > New Set Commands > sdiffstore > should store difference
 ✓ packages/core/test/unit/base.driver.spec.ts > BaseRedisDriver > New Set Commands > smismember > should check multiple members
 ✓ packages/core/test/unit/base.driver.spec.ts > BaseRedisDriver > New Sorted Set Commands > zrevrank > should get reverse rank
 ✓ packages/core/test/unit/base.driver.spec.ts > BaseRedisDriver > New Sorted Set Commands > zrevrank > should return null if member not found
 ✓ packages/core/test/unit/base.driver.spec.ts > BaseRedisDriver > New Sorted Set Commands > zcount > should count members in score range
 ✓ packages/core/test/unit/base.driver.spec.ts > BaseRedisDriver > New Sorted Set Commands > zcount > should support string min/max
 ✓ packages/core/test/unit/base.driver.spec.ts > BaseRedisDriver > New Sorted Set Commands > zlexcount > should count in lexical range
 ✓ packages/core/test/unit/base.driver.spec.ts > BaseRedisDriver > New Sorted Set Commands > zpopmin > should pop min element
 ✓ packages/core/test/unit/base.driver.spec.ts > BaseRedisDriver > New Sorted Set Commands > zpopmin > should pop multiple min elements
 ✓ packages/core/test/unit/base.driver.spec.ts > BaseRedisDriver > New Sorted Set Commands > zpopmax > should pop max element
 ✓ packages/core/test/unit/base.driver.spec.ts > BaseRedisDriver > New Sorted Set Commands > bzpopmin > should blocking pop min
 ✓ packages/core/test/unit/base.driver.spec.ts > BaseRedisDriver > New Sorted Set Commands > bzpopmin > should return null on timeout
 ✓ packages/core/test/unit/base.driver.spec.ts > BaseRedisDriver > New Sorted Set Commands > bzpopmax > should blocking pop max
 ✓ packages/core/test/unit/base.driver.spec.ts > BaseRedisDriver > New Sorted Set Commands > zunionstore > should store union
 ✓ packages/core/test/unit/base.driver.spec.ts > BaseRedisDriver > New Sorted Set Commands > zunionstore > should store union with weights
 ✓ packages/core/test/unit/base.driver.spec.ts > BaseRedisDriver > New Sorted Set Commands > zunionstore > should store union with aggregate
 ✓ packages/core/test/unit/base.driver.spec.ts > BaseRedisDriver > New Sorted Set Commands > zinterstore > should store intersection
 ✓ packages/core/test/unit/base.driver.spec.ts > BaseRedisDriver > New Sorted Set Commands > zmscore > should get multiple scores
 ✓ packages/core/test/unit/base.driver.spec.ts > BaseRedisDriver > New Sorted Set Commands > zrandmember > should get random member
 ✓ packages/core/test/unit/base.driver.spec.ts > BaseRedisDriver > New Sorted Set Commands > zrandmember > should get random members with count
 ✓ packages/core/test/unit/base.driver.spec.ts > BaseRedisDriver > New Sorted Set Commands > zrandmember > should get random members with scores
 ✓ packages/core/test/unit/base.driver.spec.ts > BaseRedisDriver > New Sorted Set Commands > zrevrangebyscore > should get reverse range by score
 ✓ packages/core/test/unit/base.driver.spec.ts > BaseRedisDriver > New Sorted Set Commands > zrevrangebyscore > should support withScores option
 ✓ packages/core/test/unit/base.driver.spec.ts > BaseRedisDriver > New Sorted Set Commands > zrevrangebyscore > should support limit option
 ✓ packages/core/test/unit/base.driver.spec.ts > BaseRedisDriver > HyperLogLog Commands > pfadd > should add elements
 ✓ packages/core/test/unit/base.driver.spec.ts > BaseRedisDriver > HyperLogLog Commands > pfcount > should count unique elements
 ✓ packages/core/test/unit/base.driver.spec.ts > BaseRedisDriver > HyperLogLog Commands > pfmerge > should merge HLLs
 ✓ packages/core/test/unit/base.driver.spec.ts > BaseRedisDriver > Geo Commands > geoadd > should add geo points
 ✓ packages/core/test/unit/base.driver.spec.ts > BaseRedisDriver > Geo Commands > geodist > should get distance
 ✓ packages/core/test/unit/base.driver.spec.ts > BaseRedisDriver > Geo Commands > geodist > should return null if member not found
 ✓ packages/core/test/unit/base.driver.spec.ts > BaseRedisDriver > Geo Commands > geohash > should get geohashes
 ✓ packages/core/test/unit/base.driver.spec.ts > BaseRedisDriver > Geo Commands > geopos > should get positions
 ✓ packages/core/test/unit/base.driver.spec.ts > BaseRedisDriver > Geo Commands > geosearch > should search by member and radius
 ✓ packages/core/test/unit/base.driver.spec.ts > BaseRedisDriver > Geo Commands > geosearch > should search by coordinates and box
 ✓ packages/core/test/unit/base.driver.spec.ts > BaseRedisDriver > Bitmap Commands > setbit > should set bit
 ✓ packages/core/test/unit/base.driver.spec.ts > BaseRedisDriver > Bitmap Commands > getbit > should get bit
 ✓ packages/core/test/unit/base.driver.spec.ts > BaseRedisDriver > Bitmap Commands > bitcount > should count bits
 ✓ packages/core/test/unit/base.driver.spec.ts > BaseRedisDriver > Bitmap Commands > bitcount > should count bits in range
 ✓ packages/core/test/unit/base.driver.spec.ts > BaseRedisDriver > Bitmap Commands > bitcount > should count bits with BIT mode
 ✓ packages/core/test/unit/base.driver.spec.ts > BaseRedisDriver > Bitmap Commands > bitop > should perform AND operation
 ✓ packages/core/test/unit/base.driver.spec.ts > BaseRedisDriver > Bitmap Commands > bitop > should perform NOT operation
 ✓ packages/core/test/unit/base.driver.spec.ts > BaseRedisDriver > Bitmap Commands > bitpos > should find first bit
 ✓ packages/core/test/unit/base.driver.spec.ts > BaseRedisDriver > Bitmap Commands > bitpos > should find first bit in range
 ✓ packages/core/test/unit/base.driver.spec.ts > BaseRedisDriver > Bitmap Commands > bitpos > should return -1 when not found
 ✓ packages/core/test/unit/ioredis.adapter.spec.ts > IoRedisAdapter > Constructor > should create adapter with single connection config
 ✓ packages/core/test/unit/ioredis.adapter.spec.ts > IoRedisAdapter > Constructor > should create adapter with cluster connection config
 ✓ packages/core/test/unit/ioredis.adapter.spec.ts > IoRedisAdapter > Constructor > should create adapter with sentinel connection config
 ✓ packages/core/test/unit/ioredis.adapter.spec.ts > IoRedisAdapter > Constructor > should accept enableLogging option
 ✓ packages/core/test/unit/ioredis.adapter.spec.ts > IoRedisAdapter > Constructor > should default enableLogging to false
 ✓ packages/core/test/unit/ioredis.adapter.spec.ts > IoRedisAdapter > Configuration Options > should handle full single connection config
 ✓ packages/core/test/unit/ioredis.adapter.spec.ts > IoRedisAdapter > Configuration Options > should handle TLS configuration
 ✓ packages/core/test/unit/ioredis.adapter.spec.ts > IoRedisAdapter > Configuration Options > should handle cluster configuration with options
 ✓ packages/core/test/unit/ioredis.adapter.spec.ts > IoRedisAdapter > Configuration Options > should handle sentinel configuration with options
 ✓ packages/core/test/unit/ioredis.adapter.spec.ts > IoRedisAdapter > Initial State > should return null client before connection
 ✓ packages/core/test/unit/ioredis.adapter.spec.ts > IoRedisAdapter > Initial State > should not be connected initially
 ✓ packages/core/test/unit/ioredis.adapter.spec.ts > IoRedisAdapter > Configuration Defaults > should use default host and port for single connection
 ✓ packages/core/test/unit/ioredis.adapter.spec.ts > IoRedisAdapter > Configuration Defaults > should use default db for single connection
 ✓ packages/core/test/unit/ioredis.adapter.spec.ts > IoRedisAdapter > Configuration Defaults > should handle minimal cluster config
 ✓ packages/core/test/unit/ioredis.adapter.spec.ts > IoRedisAdapter > Configuration Defaults > should handle minimal sentinel config
 ✓ packages/core/test/unit/ioredis.adapter.spec.ts > IoRedisAdapter > Type Guards > should validate single connection config structure
 ✓ packages/core/test/unit/ioredis.adapter.spec.ts > IoRedisAdapter > Type Guards > should validate cluster connection config structure
 ✓ packages/core/test/unit/ioredis.adapter.spec.ts > IoRedisAdapter > Type Guards > should validate sentinel connection config structure
 ✓ packages/core/test/unit/ioredis.adapter.spec.ts > IoRedisAdapter > Command Execution > should execute command and return result
 ✓ packages/core/test/unit/ioredis.adapter.spec.ts > IoRedisAdapter > Command Execution > should throw DriverError when client not initialized
 ✓ packages/core/test/unit/ioredis.adapter.spec.ts > IoRedisAdapter > Command Execution > should throw CommandError for invalid command
 ✓ packages/core/test/unit/ioredis.adapter.spec.ts > IoRedisAdapter > Command Execution > should handle command execution errors
 ✓ packages/core/test/unit/ioredis.adapter.spec.ts > IoRedisAdapter > Command Execution > should execute commands with multiple arguments
 ✓ packages/core/test/unit/ioredis.adapter.spec.ts > IoRedisAdapter > Edge Cases > should handle null values in get
 ✓ packages/core/test/unit/ioredis.adapter.spec.ts > IoRedisAdapter > Edge Cases > should handle empty string values
 ✓ packages/core/test/unit/ioredis.adapter.spec.ts > IoRedisAdapter > Edge Cases > should handle very long string values
 ✓ packages/core/test/unit/ioredis.adapter.spec.ts > IoRedisAdapter > Edge Cases > should handle Unicode characters
 ✓ packages/core/test/unit/ioredis.adapter.spec.ts > IoRedisAdapter > Edge Cases > should handle special characters in keys
 ✓ packages/core/test/unit/ioredis.adapter.spec.ts > IoRedisAdapter > Edge Cases > should handle empty arrays in mget
 ✓ packages/core/test/unit/ioredis.adapter.spec.ts > IoRedisAdapter > Edge Cases > should handle arrays with all null values
 ✓ packages/core/test/unit/ioredis.adapter.spec.ts > IoRedisAdapter > Edge Cases > should handle zero and negative numbers
 ✓ packages/core/test/unit/ioredis.adapter.spec.ts > IoRedisAdapter > Pipeline and Multi > should create pipeline
 ✓ packages/core/test/unit/ioredis.adapter.spec.ts > IoRedisAdapter > Pipeline and Multi > should create multi transaction
 ✓ packages/core/test/unit/ioredis.adapter.spec.ts > IoRedisAdapter > Pipeline and Multi > should handle pipeline with errors
 ✓ packages/core/test/unit/ioredis.adapter.spec.ts > IoRedisAdapter > Pipeline and Multi > should handle empty pipeline exec
 ✓ packages/core/test/unit/ioredis.adapter.spec.ts > IoRedisAdapter > Pipeline and Multi > should discard multi transaction
 ✓ packages/core/test/unit/ioredis.adapter.spec.ts > IoRedisAdapter > Pipeline Adapter Methods Coverage > should support zadd and zrem in pipeline
 ✓ packages/core/test/unit/ioredis.adapter.spec.ts > IoRedisAdapter > Pipeline Adapter Methods Coverage > should support sadd and srem in pipeline
 ✓ packages/core/test/unit/ioredis.adapter.spec.ts > IoRedisAdapter > Pipeline Adapter Methods Coverage > should support lpush and rpush in pipeline
 ✓ packages/core/test/unit/ioredis.adapter.spec.ts > IoRedisAdapter > Pipeline Adapter Methods Coverage > should support hset, hget, hmset, hgetall in pipeline
 ✓ packages/core/test/unit/ioredis.adapter.spec.ts > IoRedisAdapter > Pipeline Adapter Methods Coverage > should support expire and ttl in pipeline
 ✓ packages/core/test/unit/ioredis.adapter.spec.ts > IoRedisAdapter > Pipeline Adapter Methods Coverage > should support mget and mset in pipeline
 ✓ packages/core/test/unit/ioredis.adapter.spec.ts > IoRedisAdapter > Pipeline Adapter Methods Coverage > should support set with EX option in pipeline
 ✓ packages/core/test/unit/ioredis.adapter.spec.ts > IoRedisAdapter > Pipeline Adapter Methods Coverage > should support set with PX option in pipeline
 ✓ packages/core/test/unit/ioredis.adapter.spec.ts > IoRedisAdapter > Pipeline Adapter Methods Coverage > should support del in pipeline
 ✓ packages/core/test/unit/ioredis.adapter.spec.ts > IoRedisAdapter > Pipeline/Multi Creation Error Handling > should throw error when creating pipeline without client
 ✓ packages/core/test/unit/ioredis.adapter.spec.ts > IoRedisAdapter > Pipeline/Multi Creation Error Handling > should throw error when creating multi without client
 ✓ packages/core/test/unit/ioredis.adapter.spec.ts > IoRedisAdapter > Connection Type Handling > should throw error for unknown connection type
 ✓ packages/core/test/unit/ioredis.adapter.spec.ts > IoRedisAdapter > Connection Type Handling > should handle cluster connection with all options
 ✓ packages/core/test/unit/ioredis.adapter.spec.ts > IoRedisAdapter > Connection Type Handling > should handle sentinel connection with all options
 ✓ packages/core/test/unit/ioredis.adapter.spec.ts > IoRedisAdapter > Connection Flow with Event Handlers > should setup event handlers during connection
 ✓ packages/core/test/unit/ioredis.adapter.spec.ts > IoRedisAdapter > Connection Flow with Event Handlers > should cleanup event handlers on connection error
 ✓ packages/core/test/unit/ioredis.adapter.spec.ts > IoRedisAdapter > Connection Flow with Event Handlers > should handle Cluster connection (auto-connect)
 ✓ packages/core/test/unit/ioredis.adapter.spec.ts > IoRedisAdapter > Driver Event Emission > should emit CLOSE event when client emits close
 ✓ packages/core/test/unit/ioredis.adapter.spec.ts > IoRedisAdapter > Driver Event Emission > should emit RECONNECTING event when client emits reconnecting
 ✓ packages/core/test/unit/ioredis.adapter.spec.ts > IoRedisAdapter > Driver Event Emission > should emit END event when client emits end
 ✓ packages/core/test/unit/ioredis.adapter.spec.ts > IoRedisAdapter > Driver Event Emission > should call cleanup and resolve on successful ready event
 ✓ packages/core/test/unit/ioredis.adapter.spec.ts > IoRedisAdapter > Driver Event Emission > should call cleanup and reject on error event
 ✓ packages/core/test/unit/ioredis.adapter.spec.ts > IoRedisAdapter > Disconnect Behavior > should disconnect cleanly
 ✓ packages/core/test/unit/ioredis.adapter.spec.ts > IoRedisAdapter > Disconnect Behavior > should force disconnect on quit error
 ✓ packages/core/test/unit/ioredis.adapter.spec.ts > IoRedisAdapter > Disconnect Behavior > should handle disconnect when not connected
[95m[Nest] 35067  - [39m02/20/2026, 10:50:58 AM [95m  DEBUG[39m [38;5;3m[CacheService] [39m[95mL1 hit for key: test-key[39m
[31m[Nest] 35067  - [39m02/20/2026, 10:50:58 AM [31m  ERROR[39m [38;5;3m[CacheService] [39m[31mCache get failed for key test-key:[39m
[95m[Nest] 35067  - [39m02/20/2026, 10:50:58 AM [95m  DEBUG[39m [38;5;3m[CacheService] [39m[95mL2 hit for key: test-key[39m
[95m[Nest] 35067  - [39m02/20/2026, 10:50:58 AM [95m  DEBUG[39m [38;5;3m[CacheService] [39m[95mL2 hit for key: test-key[39m
[33m[Nest] 35067  - [39m02/20/2026, 10:50:58 AM [33m   WARN[39m [38;5;3m[CacheService] [39m[33mInvalid cache key "": Invalid cache key "": Key cannot be empty[39m
[95m[Nest] 35067  - [39m02/20/2026, 10:50:58 AM [95m  DEBUG[39m [38;5;3m[CacheService] [39m[95mL1 hit for key: test-key[39m
[33m[Nest] 35067  - [39m02/20/2026, 10:50:58 AM [33m   WARN[39m [38;5;3m[CacheService] [39m[33mInvalid key in deleteMany "": Invalid cache key "": Key cannot be empty[39m
[33m[Nest] 35067  - [39m02/20/2026, 10:50:58 AM [33m   WARN[39m [38;5;3m[CacheService] [39m[33mInvalid cache key "": Invalid cache key "": Key cannot be empty[39m
[33m[Nest] 35067  - [39m02/20/2026, 10:50:58 AM [33m   WARN[39m [38;5;3m[CacheService] [39m[33mInvalid cache key in getMany "": Invalid cache key "": Key cannot be empty[39m
[33m[Nest] 35067  - [39m02/20/2026, 10:50:58 AM [33m   WARN[39m [38;5;3m[CacheService] [39m[33mInvalid cache key in getMany "": Invalid cache key "": Key cannot be empty[39m
[33m[Nest] 35067  - [39m02/20/2026, 10:50:58 AM [33m   WARN[39m [38;5;3m[CacheService] [39m[33mInvalid cache key in getMany "": Invalid cache key "": Key cannot be empty[39m
[33m[Nest] 35067  - [39m02/20/2026, 10:50:58 AM [33m   WARN[39m [38;5;3m[CacheService] [39m[33mInvalid cache key in getMany "": Invalid cache key "": Key cannot be empty[39m
[33m[Nest] 35067  - [39m02/20/2026, 10:50:58 AM [33m   WARN[39m [38;5;3m[CacheService] [39m[33mInvalid cache key "": Invalid cache key "": Key cannot be empty[39m
[95m[Nest] 35067  - [39m02/20/2026, 10:50:58 AM [95m  DEBUG[39m [38;5;3m[CacheService] [39m[95mL1 hit for key: user:profile[39m
[31m[Nest] 35067  - [39m02/20/2026, 10:50:58 AM [31m  ERROR[39m [38;5;3m[CacheService] [39m[31mError: Cache error[39m
[31m[Nest] 35067  - [39m02/20/2026, 10:50:58 AM [31m  ERROR[39m [38;5;3m[CacheService] [39m[31mFailed to getMany:[39m
[31m[Nest] 35067  - [39m02/20/2026, 10:50:58 AM [31m  ERROR[39m [38;5;3m[CacheService] [39m[31mError: Redis connection error[39m
 ✓ packages/cache/test/unit/internal-cache.service.spec.ts > CacheService (Internal) > get > should return value from L1 cache on hit
 ✓ packages/cache/test/unit/internal-cache.service.spec.ts > CacheService (Internal) > get > should return value from L2 cache on L1 miss
 ✓ packages/cache/test/unit/internal-cache.service.spec.ts > CacheService (Internal) > get > should populate L1 from L2 on L2 hit
 ✓ packages/cache/test/unit/internal-cache.service.spec.ts > CacheService (Internal) > get > should return null on cache miss
 ✓ packages/cache/test/unit/internal-cache.service.spec.ts > CacheService (Internal) > get > should return null on validation error
 ✓ packages/cache/test/unit/internal-cache.service.spec.ts > CacheService (Internal) > get > should return null on cache error
 ✓ packages/cache/test/unit/internal-cache.service.spec.ts > CacheService (Internal) > set > should set value in both L1 and L2 by default
 ✓ packages/cache/test/unit/internal-cache.service.spec.ts > CacheService (Internal) > set > should use provided TTL
 ✓ packages/cache/test/unit/internal-cache.service.spec.ts > CacheService (Internal) > set > should use default TTL when not provided
 ✓ packages/cache/test/unit/internal-cache.service.spec.ts > CacheService (Internal) > set > should set only in L1 when strategy is l1-only
 ✓ packages/cache/test/unit/internal-cache.service.spec.ts > CacheService (Internal) > set > should set only in L2 when strategy is l2-only
 ✓ packages/cache/test/unit/internal-cache.service.spec.ts > CacheService (Internal) > set > should add tags to tag index
 ✓ packages/cache/test/unit/internal-cache.service.spec.ts > CacheService (Internal) > set > should not add tags for l1-only strategy
 ✓ packages/cache/test/unit/internal-cache.service.spec.ts > CacheService (Internal) > set > should throw on invalid key
 ✓ packages/cache/test/unit/internal-cache.service.spec.ts > CacheService (Internal) > set > should throw on invalid TTL
 ✓ packages/cache/test/unit/internal-cache.service.spec.ts > CacheService (Internal) > set > should throw on TTL exceeding max
 ✓ packages/cache/test/unit/internal-cache.service.spec.ts > CacheService (Internal) > getOrSet > should return cached value if exists
 ✓ packages/cache/test/unit/internal-cache.service.spec.ts > CacheService (Internal) > getOrSet > should load and cache value on miss
 ✓ packages/cache/test/unit/internal-cache.service.spec.ts > CacheService (Internal) > getOrSet > should use stampede protection by default
 ✓ packages/cache/test/unit/internal-cache.service.spec.ts > CacheService (Internal) > getOrSet > should skip stampede protection when requested
 ✓ packages/cache/test/unit/internal-cache.service.spec.ts > CacheService (Internal) > getOrSet > should not cache when unless returns true
 ✓ packages/cache/test/unit/internal-cache.service.spec.ts > CacheService (Internal) > getOrSet > should cache when unless returns false
 ✓ packages/cache/test/unit/internal-cache.service.spec.ts > CacheService (Internal) > getOrSet > should cache normally when unless is not provided
 ✓ packages/cache/test/unit/internal-cache.service.spec.ts > CacheService (Internal) > getOrSet > should not cache when unless returns true with skipStampede
 ✓ packages/cache/test/unit/internal-cache.service.spec.ts > CacheService (Internal) > getOrSet > should not store SWR entry when unless returns true
 ✓ packages/cache/test/unit/internal-cache.service.spec.ts > CacheService (Internal) > delete > should delete from both L1 and L2
 ✓ packages/cache/test/unit/internal-cache.service.spec.ts > CacheService (Internal) > delete > should return true if deleted from any store
 ✓ packages/cache/test/unit/internal-cache.service.spec.ts > CacheService (Internal) > delete > should return false if not deleted from any store
 ✓ packages/cache/test/unit/internal-cache.service.spec.ts > CacheService (Internal) > delete > should throw on invalid key
 ✓ packages/cache/test/unit/internal-cache.service.spec.ts > CacheService (Internal) > deleteMany > should return 0 for empty array
 ✓ packages/cache/test/unit/internal-cache.service.spec.ts > CacheService (Internal) > deleteMany > should delete multiple keys from L1
 ✓ packages/cache/test/unit/internal-cache.service.spec.ts > CacheService (Internal) > deleteMany > should use pipeline for L2 deletion
 ✓ packages/cache/test/unit/internal-cache.service.spec.ts > CacheService (Internal) > deleteMany > should handle invalid keys gracefully
 ✓ packages/cache/test/unit/internal-cache.service.spec.ts > CacheService (Internal) > clear > should clear L1, L2, and tag index
 ✓ packages/cache/test/unit/internal-cache.service.spec.ts > CacheService (Internal) > clear > should throw on error
 ✓ packages/cache/test/unit/internal-cache.service.spec.ts > CacheService (Internal) > has > should return true if found in L1
 ✓ packages/cache/test/unit/internal-cache.service.spec.ts > CacheService (Internal) > has > should check L2 if not in L1
 ✓ packages/cache/test/unit/internal-cache.service.spec.ts > CacheService (Internal) > has > should return false if not found
 ✓ packages/cache/test/unit/internal-cache.service.spec.ts > CacheService (Internal) > has > should return false on validation error
 ✓ packages/cache/test/unit/internal-cache.service.spec.ts > CacheService (Internal) > invalidateTag > should invalidate tag and return count
 ✓ packages/cache/test/unit/internal-cache.service.spec.ts > CacheService (Internal) > invalidateTag > should delete keys from L1
 ✓ packages/cache/test/unit/internal-cache.service.spec.ts > CacheService (Internal) > invalidateTag > should return 0 when tags disabled
 ✓ packages/cache/test/unit/internal-cache.service.spec.ts > CacheService (Internal) > invalidateTags > should invalidate multiple tags
 ✓ packages/cache/test/unit/internal-cache.service.spec.ts > CacheService (Internal) > invalidateTags > should return 0 for empty array
 ✓ packages/cache/test/unit/internal-cache.service.spec.ts > CacheService (Internal) > getMany > should return values for multiple keys
 ✓ packages/cache/test/unit/internal-cache.service.spec.ts > CacheService (Internal) > getMany > should return null for missing keys
 ✓ packages/cache/test/unit/internal-cache.service.spec.ts > CacheService (Internal) > getMany > should return empty array for empty input
 ✓ packages/cache/test/unit/internal-cache.service.spec.ts > CacheService (Internal) > getMany > should handle invalid keys
 ✓ packages/cache/test/unit/internal-cache.service.spec.ts > CacheService (Internal) > getMany > should return all nulls when getMany fails
 ✓ packages/cache/test/unit/internal-cache.service.spec.ts > CacheService (Internal) > getMany > should return all nulls when all keys are invalid
 ✓ packages/cache/test/unit/internal-cache.service.spec.ts > CacheService (Internal) > setMany > should set multiple entries
 ✓ packages/cache/test/unit/internal-cache.service.spec.ts > CacheService (Internal) > setMany > should add tags for entries with tags
 ✓ packages/cache/test/unit/internal-cache.service.spec.ts > CacheService (Internal) > setMany > should handle empty array
 ✓ packages/cache/test/unit/internal-cache.service.spec.ts > CacheService (Internal) > setMany > should throw CacheKeyError when key validation fails
 ✓ packages/cache/test/unit/internal-cache.service.spec.ts > CacheService (Internal) > setMany > should throw CacheError when setMany operation fails
 ✓ packages/cache/test/unit/internal-cache.service.spec.ts > CacheService (Internal) > setMany > should return early when L2 is disabled
 ✓ packages/cache/test/unit/internal-cache.service.spec.ts > CacheService (Internal) > ttl > should return TTL from L2
 ✓ packages/cache/test/unit/internal-cache.service.spec.ts > CacheService (Internal) > ttl > should return -1 when L2 disabled
 ✓ packages/cache/test/unit/internal-cache.service.spec.ts > CacheService (Internal) > ttl > should return -1 on validation error
 ✓ packages/cache/test/unit/internal-cache.service.spec.ts > CacheService (Internal) > getStats > should return combined stats
 ✓ packages/cache/test/unit/internal-cache.service.spec.ts > CacheService (Internal) > context enrichment (varyBy) > should enrich key with global context keys in get()
 ✓ packages/cache/test/unit/internal-cache.service.spec.ts > CacheService (Internal) > context enrichment (varyBy) > should enrich key with global context keys in set()
 ✓ packages/cache/test/unit/internal-cache.service.spec.ts > CacheService (Internal) > context enrichment (varyBy) > should enrich key with varyBy in set()
 ✓ packages/cache/test/unit/internal-cache.service.spec.ts > CacheService (Internal) > context enrichment (varyBy) > should merge contextKeys and varyBy (varyBy overrides)
 ✓ packages/cache/test/unit/internal-cache.service.spec.ts > CacheService (Internal) > context enrichment (varyBy) > should not enrich key when no context values available
 ✓ packages/cache/test/unit/internal-cache.service.spec.ts > CacheService (Internal) > context enrichment (varyBy) > should enrich keys consistently in getOrSet()
 ✓ packages/cache/test/unit/internal-cache.service.spec.ts > CacheService (Internal) > context enrichment (varyBy) > should enrich key with varyBy in getOrSet()
 ✓ packages/cache/test/unit/internal-cache.service.spec.ts > CacheService (Internal) > context enrichment (varyBy) > should enrich key in delete()
 ✓ packages/cache/test/unit/internal-cache.service.spec.ts > CacheService (Internal) > context enrichment (varyBy) > should enrich key in has()
 ✓ packages/cache/test/unit/internal-cache.service.spec.ts > CacheService (Internal) > context enrichment (varyBy) > should enrich key in ttl()
 ✓ packages/cache/test/unit/internal-cache.service.spec.ts > CacheService (Internal) > context enrichment (varyBy) > should sanitize non-alphanumeric characters in context values
 ✓ packages/cache/test/unit/internal-cache.service.spec.ts > CacheService (Internal) > context enrichment (varyBy) > should not enrich keys when contextProvider is not configured
 ✓ packages/cache/test/unit/internal-cache.service.spec.ts > CacheService (Internal) > context enrichment (varyBy) > should prevent double-enrichment via marker
 ✓ packages/core/test/unit/redis.service.spec.ts > RedisService > getDriver > should lazy load driver on first access
 ✓ packages/core/test/unit/redis.service.spec.ts > RedisService > getDriver > should cache driver after first access
 ✓ packages/core/test/unit/redis.service.spec.ts > RedisService > getClient > should get default client when no name provided
 ✓ packages/core/test/unit/redis.service.spec.ts > RedisService > getClient > should get named client
 ✓ packages/core/test/unit/redis.service.spec.ts > RedisService > Connection > should check if connected
 ✓ packages/core/test/unit/redis.service.spec.ts > RedisService > Connection > should ping server without message
 ✓ packages/core/test/unit/redis.service.spec.ts > RedisService > Connection > should ping server with custom message
 ✓ packages/core/test/unit/redis.service.spec.ts > RedisService > Connection > should select database
 ✓ packages/core/test/unit/redis.service.spec.ts > RedisService > String Operations > should get value
 ✓ packages/core/test/unit/redis.service.spec.ts > RedisService > String Operations > should get null for non-existent key
 ✓ packages/core/test/unit/redis.service.spec.ts > RedisService > String Operations > should set value without options
 ✓ packages/core/test/unit/redis.service.spec.ts > RedisService > String Operations > should set value with expiration
 ✓ packages/core/test/unit/redis.service.spec.ts > RedisService > String Operations > should get multiple values
 ✓ packages/core/test/unit/redis.service.spec.ts > RedisService > String Operations > should set multiple values
 ✓ packages/core/test/unit/redis.service.spec.ts > RedisService > String Operations > should set if not exists
 ✓ packages/core/test/unit/redis.service.spec.ts > RedisService > String Operations > should set with expiration (setex)
 ✓ packages/core/test/unit/redis.service.spec.ts > RedisService > String Operations > should get and delete key
 ✓ packages/core/test/unit/redis.service.spec.ts > RedisService > String Operations > should get and set expiration
 ✓ packages/core/test/unit/redis.service.spec.ts > RedisService > String Operations > should increment value
 ✓ packages/core/test/unit/redis.service.spec.ts > RedisService > String Operations > should increment by amount
 ✓ packages/core/test/unit/redis.service.spec.ts > RedisService > String Operations > should decrement value
 ✓ packages/core/test/unit/redis.service.spec.ts > RedisService > String Operations > should decrement by amount
 ✓ packages/core/test/unit/redis.service.spec.ts > RedisService > String Operations > should append to value
 ✓ packages/core/test/unit/redis.service.spec.ts > RedisService > Key Management > should delete single key
 ✓ packages/core/test/unit/redis.service.spec.ts > RedisService > Key Management > should delete multiple keys
 ✓ packages/core/test/unit/redis.service.spec.ts > RedisService > Key Management > should check if key exists
 ✓ packages/core/test/unit/redis.service.spec.ts > RedisService > Key Management > should check multiple keys existence
 ✓ packages/core/test/unit/redis.service.spec.ts > RedisService > Key Management > should set expiration in seconds
 ✓ packages/core/test/unit/redis.service.spec.ts > RedisService > Key Management > should set expiration in milliseconds
 ✓ packages/core/test/unit/redis.service.spec.ts > RedisService > Key Management > should set expiration at timestamp
 ✓ packages/core/test/unit/redis.service.spec.ts > RedisService > Key Management > should get TTL in seconds
 ✓ packages/core/test/unit/redis.service.spec.ts > RedisService > Key Management > should get TTL in milliseconds
 ✓ packages/core/test/unit/redis.service.spec.ts > RedisService > Key Management > should persist key (remove expiration)
 ✓ packages/core/test/unit/redis.service.spec.ts > RedisService > Key Management > should rename key
 ✓ packages/core/test/unit/redis.service.spec.ts > RedisService > Key Management > should rename key if new key does not exist
 ✓ packages/core/test/unit/redis.service.spec.ts > RedisService > Key Management > should get key type
 ✓ packages/core/test/unit/redis.service.spec.ts > RedisService > Key Management > should scan keys
 ✓ packages/core/test/unit/redis.service.spec.ts > RedisService > Hash Operations > should get hash field
 ✓ packages/core/test/unit/redis.service.spec.ts > RedisService > Hash Operations > should set hash field
 ✓ packages/core/test/unit/redis.service.spec.ts > RedisService > Hash Operations > should set multiple hash fields
 ✓ packages/core/test/unit/redis.service.spec.ts > RedisService > Hash Operations > should get multiple hash fields
 ✓ packages/core/test/unit/redis.service.spec.ts > RedisService > Hash Operations > should get all hash fields and values
 ✓ packages/core/test/unit/redis.service.spec.ts > RedisService > Hash Operations > should delete hash fields
 ✓ packages/core/test/unit/redis.service.spec.ts > RedisService > Hash Operations > should check if hash field exists
 ✓ packages/core/test/unit/redis.service.spec.ts > RedisService > Hash Operations > should get hash field names
 ✓ packages/core/test/unit/redis.service.spec.ts > RedisService > Hash Operations > should get hash values
 ✓ packages/core/test/unit/redis.service.spec.ts > RedisService > Hash Operations > should get hash length
 ✓ packages/core/test/unit/redis.service.spec.ts > RedisService > Hash Operations > should increment hash field
 ✓ packages/core/test/unit/redis.service.spec.ts > RedisService > Hash Operations > should scan hash fields
 ✓ packages/core/test/unit/redis.service.spec.ts > RedisService > List Operations > should push to left of list
 ✓ packages/core/test/unit/redis.service.spec.ts > RedisService > List Operations > should push to right of list
 ✓ packages/core/test/unit/redis.service.spec.ts > RedisService > List Operations > should pop from left of list
 ✓ packages/core/test/unit/redis.service.spec.ts > RedisService > List Operations > should pop from right of list
 ✓ packages/core/test/unit/redis.service.spec.ts > RedisService > List Operations > should get list length
 ✓ packages/core/test/unit/redis.service.spec.ts > RedisService > List Operations > should get list range
 ✓ packages/core/test/unit/redis.service.spec.ts > RedisService > List Operations > should trim list
 ✓ packages/core/test/unit/redis.service.spec.ts > RedisService > List Operations > should get element at index
 ✓ packages/core/test/unit/redis.service.spec.ts > RedisService > List Operations > should set element at index
 ✓ packages/core/test/unit/redis.service.spec.ts > RedisService > Set Operations > should add members to set
 ✓ packages/core/test/unit/redis.service.spec.ts > RedisService > Set Operations > should remove members from set
 ✓ packages/core/test/unit/redis.service.spec.ts > RedisService > Set Operations > should get all set members
 ✓ packages/core/test/unit/redis.service.spec.ts > RedisService > Set Operations > should check if member is in set
 ✓ packages/core/test/unit/redis.service.spec.ts > RedisService > Set Operations > should get set cardinality
 ✓ packages/core/test/unit/redis.service.spec.ts > RedisService > Set Operations > should get random member
 ✓ packages/core/test/unit/redis.service.spec.ts > RedisService > Set Operations > should get multiple random members
 ✓ packages/core/test/unit/redis.service.spec.ts > RedisService > Set Operations > should pop random member
 ✓ packages/core/test/unit/redis.service.spec.ts > RedisService > Set Operations > should scan set members
 ✓ packages/core/test/unit/redis.service.spec.ts > RedisService > Sorted Set Operations > should add members to sorted set
 ✓ packages/core/test/unit/redis.service.spec.ts > RedisService > Sorted Set Operations > should remove members from sorted set
 ✓ packages/core/test/unit/redis.service.spec.ts > RedisService > Sorted Set Operations > should get range by index
 ✓ packages/core/test/unit/redis.service.spec.ts > RedisService > Sorted Set Operations > should get range by index with scores
 ✓ packages/core/test/unit/redis.service.spec.ts > RedisService > Sorted Set Operations > should get range by score
 ✓ packages/core/test/unit/redis.service.spec.ts > RedisService > Sorted Set Operations > should get member score
 ✓ packages/core/test/unit/redis.service.spec.ts > RedisService > Sorted Set Operations > should get sorted set cardinality
 ✓ packages/core/test/unit/redis.service.spec.ts > RedisService > Sorted Set Operations > should get member rank
 ✓ packages/core/test/unit/redis.service.spec.ts > RedisService > Sorted Set Operations > should increment member score
 ✓ packages/core/test/unit/redis.service.spec.ts > RedisService > Sorted Set Operations > should scan sorted set members
 ✓ packages/core/test/unit/redis.service.spec.ts > RedisService > Pub/Sub Operations > should publish message
 ✓ packages/core/test/unit/redis.service.spec.ts > RedisService > Pub/Sub Operations > should subscribe to channels
 ✓ packages/core/test/unit/redis.service.spec.ts > RedisService > Pub/Sub Operations > should unsubscribe from channels
 ✓ packages/core/test/unit/redis.service.spec.ts > RedisService > Pub/Sub Operations > should subscribe to pattern
 ✓ packages/core/test/unit/redis.service.spec.ts > RedisService > Pub/Sub Operations > should unsubscribe from pattern
 ✓ packages/core/test/unit/redis.service.spec.ts > RedisService > Transaction Operations > should create pipeline
 ✓ packages/core/test/unit/redis.service.spec.ts > RedisService > Transaction Operations > should create multi transaction
 ✓ packages/core/test/unit/redis.service.spec.ts > RedisService > Lua Script Operations > should evaluate Lua script
 ✓ packages/core/test/unit/redis.service.spec.ts > RedisService > Lua Script Operations > should evaluate Lua script with keys and args
 ✓ packages/core/test/unit/redis.service.spec.ts > RedisService > Lua Script Operations > should evaluate script by SHA
 ✓ packages/core/test/unit/redis.service.spec.ts > RedisService > Lua Script Operations > should load script and return SHA
 ✓ packages/core/test/unit/redis.service.spec.ts > RedisService > Lua Script Operations > should check if scripts exist
 ✓ packages/core/test/unit/redis.service.spec.ts > RedisService > Lua Script Operations > should flush script cache
 ✓ packages/core/test/unit/redis.service.spec.ts > RedisService > Server Operations > should flush database
 ✓ packages/core/test/unit/redis.service.spec.ts > RedisService > Server Operations > should flush all databases
 ✓ packages/core/test/unit/redis.service.spec.ts > RedisService > Server Operations > should get server info without section
 ✓ packages/core/test/unit/redis.service.spec.ts > RedisService > Server Operations > should get server info with section
 ✓ packages/core/test/unit/redis.service.spec.ts > RedisService > Server Operations > should get database size
 ✓ packages/core/test/unit/redis.service.spec.ts > RedisService > Lifecycle > should close all clients on module destroy
[33m[Nest] 35067  - [39m02/20/2026, 10:50:58 AM [33m   WARN[39m [38;5;3m[Cached] [39m[33m@Cached: CacheService not yet available, executing method without cache[39m
[31m[Nest] 35067  - [39m02/20/2026, 10:50:58 AM [31m  ERROR[39m [38;5;3m[Cached] [39m[31m@Cached: getOrSet error for key user:42:[39m
[33m[Nest] 35067  - [39m02/20/2026, 10:50:58 AM [33m   WARN[39m [38;5;3m[Cached] [39m[33m@Cached: CacheService not yet available, executing method without cache[39m
[31m[Nest] 35067  - [39m02/20/2026, 10:50:58 AM [31m  ERROR[39m [38;5;3m[Cached] [39m[31mError: Redis down[39m
 ✓ packages/cache/test/unit/cached.decorator.spec.ts > @Cached decorator > decorator metadata > should set metadata for default options
 ✓ packages/cache/test/unit/cached.decorator.spec.ts > @Cached decorator > decorator metadata > should set metadata with ttl option
 ✓ packages/cache/test/unit/cached.decorator.spec.ts > @Cached decorator > decorator metadata > should set metadata with custom key
 ✓ packages/cache/test/unit/cached.decorator.spec.ts > @Cached decorator > decorator metadata > should set metadata with tags
 ✓ packages/cache/test/unit/cached.decorator.spec.ts > @Cached decorator > decorator metadata > should set metadata with strategy
 ✓ packages/cache/test/unit/cached.decorator.spec.ts > @Cached decorator > decorator metadata > should set metadata with condition
 ✓ packages/cache/test/unit/cached.decorator.spec.ts > @Cached decorator > decorator metadata > should set metadata with unless
 ✓ packages/cache/test/unit/cached.decorator.spec.ts > @Cached decorator > decorator metadata > should set metadata with varyBy
 ✓ packages/cache/test/unit/cached.decorator.spec.ts > @Cached decorator > decorator metadata > should set metadata with swr
 ✓ packages/cache/test/unit/cached.decorator.spec.ts > @Cached decorator > decorator metadata > should set metadata with complex options
 ✓ packages/cache/test/unit/cached.decorator.spec.ts > @Cached decorator > decorator application > should not modify method functionality
 ✓ packages/cache/test/unit/cached.decorator.spec.ts > @Cached decorator > decorator application > should preserve method signature
 ✓ packages/cache/test/unit/cached.decorator.spec.ts > @Cached decorator > context enrichment > should pass plain key when no contextProvider configured
 ✓ packages/cache/test/unit/cached.decorator.spec.ts > @Cached decorator > context enrichment > should enrich key with global contextKeys
 ✓ packages/cache/test/unit/cached.decorator.spec.ts > @Cached decorator > context enrichment > should enrich key with varyBy resolved from contextProvider
 ✓ packages/cache/test/unit/cached.decorator.spec.ts > @Cached decorator > context enrichment > should override global contextKeys with per-decorator contextKeys
 ✓ packages/cache/test/unit/cached.decorator.spec.ts > @Cached decorator > context enrichment > should skip context enrichment when skipContext is true
 ✓ packages/cache/test/unit/cached.decorator.spec.ts > @Cached decorator > context enrichment > should use enriched key in getOrSet call
 ✓ packages/cache/test/unit/cached.decorator.spec.ts > @Cached decorator > context enrichment > should ignore varyBy keys not found in contextProvider
 ✓ packages/cache/test/unit/cached.decorator.spec.ts > @Cached decorator > context enrichment > should use custom separator from plugin options
 ✓ packages/cache/test/unit/cached.decorator.spec.ts > @Cached decorator > stampede protection via getOrSet > should use getOrSet for stampede protection
 ✓ packages/cache/test/unit/cached.decorator.spec.ts > @Cached decorator > stampede protection via getOrSet > should pass unless option to getOrSet
 ✓ packages/cache/test/unit/cached.decorator.spec.ts > @Cached decorator > stampede protection via getOrSet > should adapt unless signature (result, ...args) to (result)
 ✓ packages/cache/test/unit/cached.decorator.spec.ts > @Cached decorator > stampede protection via getOrSet > should bypass cache when condition returns false
 ✓ packages/cache/test/unit/cached.decorator.spec.ts > @Cached decorator > stampede protection via getOrSet > should fall back to original method when getOrSet throws
 ✓ packages/cache/test/unit/cached.decorator.spec.ts > @Cached decorator > stampede protection via getOrSet > should pass swr options to getOrSet
 ✓ packages/cache/test/unit/cached.decorator.spec.ts > @Cached decorator > stampede protection via getOrSet > should pass tags to getOrSet options
 ✓ packages/cache/test/unit/cached.decorator.spec.ts > @Cached decorator > stampede protection via getOrSet > should resolve dynamic tags before passing to getOrSet
 ✓ packages/cache/test/unit/cached.decorator.spec.ts > @Cached decorator > stampede protection via getOrSet > should produce deterministic keys for object args regardless of key order
 ✓ packages/cache/test/unit/cached.decorator.spec.ts > @Cached decorator > stampede protection via getOrSet > should produce deterministic keys for nested objects
 ✓ packages/cache/test/unit/cached.decorator.spec.ts > @Cached decorator > stampede protection via getOrSet > should produce deterministic keys for object args in key templates
 ✓ packages/cache/test/unit/cached.decorator.spec.ts > @Cached decorator > stampede protection via getOrSet > should skip undefined values in objects (matches JSON.stringify)
 ✓ packages/cache/test/unit/cached.decorator.spec.ts > @Cached decorator > stampede protection via getOrSet > should serialize undefined in arrays as null (matches JSON.stringify)
 ✓ packages/cache/test/unit/cached.decorator.spec.ts > @Cached decorator > stampede protection via getOrSet > should handle arrays in object args deterministically
 ✓ packages/cache/test/unit/cached.decorator.spec.ts > @Cached decorator > stampede protection via getOrSet > should not pass unless to getOrSet when not configured
 ✓ packages/core/test/unit/redis.providers.spec.ts > Redis Providers > createRedisProviders > should create providers for single connection
 ✓ packages/core/test/unit/redis.providers.spec.ts > Redis Providers > createRedisProviders > should create providers for multiple connections
 ✓ packages/core/test/unit/redis.providers.spec.ts > Redis Providers > createRedisProviders > should create client manager provider with factory
 ✓ packages/core/test/unit/redis.providers.spec.ts > Redis Providers > createRedisProviders > should create default client provider for single connection
 ✓ packages/core/test/unit/redis.providers.spec.ts > Redis Providers > createRedisProviders > should create named client providers for multiple connections
 ✓ packages/core/test/unit/redis.providers.spec.ts > Redis Providers > createRedisProviders > should handle empty clients object
 ✓ packages/core/test/unit/redis.providers.spec.ts > Redis Providers > createAsyncProviders > useFactory > should create providers with useFactory
 ✓ packages/core/test/unit/redis.providers.spec.ts > Redis Providers > createAsyncProviders > useFactory > should use empty inject array when inject not provided
 ✓ packages/core/test/unit/redis.providers.spec.ts > Redis Providers > createAsyncProviders > useExisting > should create providers with useExisting
 ✓ packages/core/test/unit/redis.providers.spec.ts > Redis Providers > createAsyncProviders > useExisting > should create factory that calls createRedisOptions
 ✓ packages/core/test/unit/redis.providers.spec.ts > Redis Providers > createAsyncProviders > useClass > should create providers with useClass
 ✓ packages/core/test/unit/redis.providers.spec.ts > Redis Providers > createAsyncProviders > useClass > should create factory that calls createRedisOptions for useClass
 ✓ packages/core/test/unit/redis.providers.spec.ts > Redis Providers > createAsyncProviders > should always create client manager provider
 ✓ packages/core/test/unit/redis.providers.spec.ts > Redis Providers > createAsyncProviders > should create async client providers
 ✓ packages/core/test/unit/redis.providers.spec.ts > Redis Providers > createFeatureProviders > should create provider for named client
 ✓ packages/core/test/unit/redis.providers.spec.ts > Redis Providers > createFeatureProviders > should create provider that calls manager.getClient
 ✓ packages/core/test/unit/redis.providers.spec.ts > Redis Providers > createFeatureProviders > should create different providers for different names
 ✓ packages/core/test/unit/redis.providers.spec.ts > Redis Providers > createFeatureProviders > should handle special characters in client name
 ✓ packages/core/test/unit/redis.providers.spec.ts > Redis Providers > Edge Cases > should create providers even without explicit async option
 ✓ packages/core/test/unit/redis.providers.spec.ts > Redis Providers > Edge Cases > should handle single connection in async providers
 ✓ packages/core/test/unit/redis.providers.spec.ts > Redis Providers > Edge Cases > should handle multiple connections in async providers
 ✓ packages/core/test/unit/redis.providers.spec.ts > Redis Providers > Edge Cases > should create default client provider in async mode
 ✓ packages/core/test/unit/redis.providers.spec.ts > Redis Providers > Edge Cases > should handle both useFactory and useClass together
 ✓ packages/core/test/unit/redis.providers.spec.ts > Redis Providers > Edge Cases > should handle both useExisting and useFactory together
 ✓ packages/core/test/unit/redis.providers.spec.ts > Redis Providers > Integration > should create complete provider set for sync module
 ✓ packages/core/test/unit/redis.providers.spec.ts > Redis Providers > Integration > should create complete provider set for async module
 ✓ packages/cache/test/unit/l2-redis-store-full.adapter.spec.ts > L2RedisStoreAdapter (Full) > get > should return entry when key exists
 ✓ packages/cache/test/unit/l2-redis-store-full.adapter.spec.ts > L2RedisStoreAdapter (Full) > get > should return null when key does not exist
 ✓ packages/cache/test/unit/l2-redis-store-full.adapter.spec.ts > L2RedisStoreAdapter (Full) > get > should increment hits on cache hit
 ✓ packages/cache/test/unit/l2-redis-store-full.adapter.spec.ts > L2RedisStoreAdapter (Full) > get > should increment misses on cache miss
 ✓ packages/cache/test/unit/l2-redis-store-full.adapter.spec.ts > L2RedisStoreAdapter (Full) > get > should return null on driver error
 ✓ packages/cache/test/unit/l2-redis-store-full.adapter.spec.ts > L2RedisStoreAdapter (Full) > set > should set entry with default TTL
 ✓ packages/cache/test/unit/l2-redis-store-full.adapter.spec.ts > L2RedisStoreAdapter (Full) > set > should set entry with custom TTL
 ✓ packages/cache/test/unit/l2-redis-store-full.adapter.spec.ts > L2RedisStoreAdapter (Full) > set > should throw on driver error
 ✓ packages/cache/test/unit/l2-redis-store-full.adapter.spec.ts > L2RedisStoreAdapter (Full) > delete > should return true when key is deleted
 ✓ packages/cache/test/unit/l2-redis-store-full.adapter.spec.ts > L2RedisStoreAdapter (Full) > delete > should return false when key does not exist
 ✓ packages/cache/test/unit/l2-redis-store-full.adapter.spec.ts > L2RedisStoreAdapter (Full) > delete > should throw on driver error
 ✓ packages/cache/test/unit/l2-redis-store-full.adapter.spec.ts > L2RedisStoreAdapter (Full) > clear > should delete all keys with prefix
 ✓ packages/cache/test/unit/l2-redis-store-full.adapter.spec.ts > L2RedisStoreAdapter (Full) > clear > should handle empty result
 ✓ packages/cache/test/unit/l2-redis-store-full.adapter.spec.ts > L2RedisStoreAdapter (Full) > clear > should process large batches
 ✓ packages/cache/test/unit/l2-redis-store-full.adapter.spec.ts > L2RedisStoreAdapter (Full) > clear > should throw on driver error
 ✓ packages/cache/test/unit/l2-redis-store-full.adapter.spec.ts > L2RedisStoreAdapter (Full) > has > should return true when key exists
 ✓ packages/cache/test/unit/l2-redis-store-full.adapter.spec.ts > L2RedisStoreAdapter (Full) > has > should return false when key does not exist
 ✓ packages/cache/test/unit/l2-redis-store-full.adapter.spec.ts > L2RedisStoreAdapter (Full) > has > should return false on driver error
 ✓ packages/cache/test/unit/l2-redis-store-full.adapter.spec.ts > L2RedisStoreAdapter (Full) > ttl > should return TTL for existing key
 ✓ packages/cache/test/unit/l2-redis-store-full.adapter.spec.ts > L2RedisStoreAdapter (Full) > ttl > should return -2 for non-existent key
 ✓ packages/cache/test/unit/l2-redis-store-full.adapter.spec.ts > L2RedisStoreAdapter (Full) > ttl > should return -1 on driver error
 ✓ packages/cache/test/unit/l2-redis-store-full.adapter.spec.ts > L2RedisStoreAdapter (Full) > expire > should set expiration and return true
 ✓ packages/cache/test/unit/l2-redis-store-full.adapter.spec.ts > L2RedisStoreAdapter (Full) > expire > should return false when key does not exist
 ✓ packages/cache/test/unit/l2-redis-store-full.adapter.spec.ts > L2RedisStoreAdapter (Full) > expire > should throw on driver error
 ✓ packages/cache/test/unit/l2-redis-store-full.adapter.spec.ts > L2RedisStoreAdapter (Full) > scan > should scan keys with pattern
 ✓ packages/cache/test/unit/l2-redis-store-full.adapter.spec.ts > L2RedisStoreAdapter (Full) > scan > should handle empty result
 ✓ packages/cache/test/unit/l2-redis-store-full.adapter.spec.ts > L2RedisStoreAdapter (Full) > scan > should use custom count
 ✓ packages/cache/test/unit/l2-redis-store-full.adapter.spec.ts > L2RedisStoreAdapter (Full) > scan > should throw on driver error
 ✓ packages/cache/test/unit/l2-redis-store-full.adapter.spec.ts > L2RedisStoreAdapter (Full) > getMany > should get multiple entries
 ✓ packages/cache/test/unit/l2-redis-store-full.adapter.spec.ts > L2RedisStoreAdapter (Full) > getMany > should return null for missing keys
 ✓ packages/cache/test/unit/l2-redis-store-full.adapter.spec.ts > L2RedisStoreAdapter (Full) > getMany > should return empty array for empty input
 ✓ packages/cache/test/unit/l2-redis-store-full.adapter.spec.ts > L2RedisStoreAdapter (Full) > getMany > should return nulls on driver error
 ✓ packages/cache/test/unit/l2-redis-store-full.adapter.spec.ts > L2RedisStoreAdapter (Full) > getMany > should update stats correctly
 ✓ packages/cache/test/unit/l2-redis-store-full.adapter.spec.ts > L2RedisStoreAdapter (Full) > setMany > should set multiple entries
 ✓ packages/cache/test/unit/l2-redis-store-full.adapter.spec.ts > L2RedisStoreAdapter (Full) > setMany > should use default TTL when not provided
 ✓ packages/cache/test/unit/l2-redis-store-full.adapter.spec.ts > L2RedisStoreAdapter (Full) > setMany > should handle empty array
 ✓ packages/cache/test/unit/l2-redis-store-full.adapter.spec.ts > L2RedisStoreAdapter (Full) > setMany > should throw on driver error
 ✓ packages/cache/test/unit/l2-redis-store-full.adapter.spec.ts > L2RedisStoreAdapter (Full) > getSwr > should return SWR entry when exists
 ✓ packages/cache/test/unit/l2-redis-store-full.adapter.spec.ts > L2RedisStoreAdapter (Full) > getSwr > should return null when key does not exist
 ✓ packages/cache/test/unit/l2-redis-store-full.adapter.spec.ts > L2RedisStoreAdapter (Full) > getSwr > should increment hits on cache hit
 ✓ packages/cache/test/unit/l2-redis-store-full.adapter.spec.ts > L2RedisStoreAdapter (Full) > getSwr > should return null on deserialization error
 ✓ packages/cache/test/unit/l2-redis-store-full.adapter.spec.ts > L2RedisStoreAdapter (Full) > setSwr > should set SWR entry with calculated TTL
 ✓ packages/cache/test/unit/l2-redis-store-full.adapter.spec.ts > L2RedisStoreAdapter (Full) > setSwr > should not save expired entry
 ✓ packages/cache/test/unit/l2-redis-store-full.adapter.spec.ts > L2RedisStoreAdapter (Full) > setSwr > should throw on driver error
 ✓ packages/cache/test/unit/l2-redis-store-full.adapter.spec.ts > L2RedisStoreAdapter (Full) > getStats > should return initial stats
 ✓ packages/cache/test/unit/l2-redis-store-full.adapter.spec.ts > L2RedisStoreAdapter (Full) > getStats > should track hits and misses
[95m[Nest] 35067  - [39m02/20/2026, 10:50:59 AM [95m  DEBUG[39m [38;5;3m[InvalidationRegistryService] [39m[95mRegistered invalidation rule for event "user.updated" with priority 0[39m
[95m[Nest] 35067  - [39m02/20/2026, 10:50:59 AM [95m  DEBUG[39m [38;5;3m[InvalidationRegistryService] [39m[95mRegistered invalidation rule for event "user.updated" with priority 5[39m
[95m[Nest] 35067  - [39m02/20/2026, 10:50:59 AM [95m  DEBUG[39m [38;5;3m[InvalidationRegistryService] [39m[95mRegistered invalidation rule for event "user.created" with priority 10[39m
[95m[Nest] 35067  - [39m02/20/2026, 10:50:59 AM [95m  DEBUG[39m [38;5;3m[InvalidationRegistryService] [39m[95mRegistered invalidation rule for event "user.deleted" with priority 3[39m
[95m[Nest] 35067  - [39m02/20/2026, 10:50:59 AM [95m  DEBUG[39m [38;5;3m[InvalidationRegistryService] [39m[95mRegistered invalidation rule for event "user.updated" with priority 5[39m
[95m[Nest] 35067  - [39m02/20/2026, 10:50:59 AM [95m  DEBUG[39m [38;5;3m[InvalidationRegistryService] [39m[95mRegistered invalidation rule for event "user.created" with priority 5[39m
[95m[Nest] 35067  - [39m02/20/2026, 10:50:59 AM [95m  DEBUG[39m [38;5;3m[InvalidationRegistryService] [39m[95mRegistered invalidation rule for event "user.updated" with priority -5[39m
[95m[Nest] 35067  - [39m02/20/2026, 10:50:59 AM [95m  DEBUG[39m [38;5;3m[InvalidationRegistryService] [39m[95mRegistered invalidation rule for event "user.created" with priority 0[39m
[95m[Nest] 35067  - [39m02/20/2026, 10:50:59 AM [95m  DEBUG[39m [38;5;3m[InvalidationRegistryService] [39m[95mRegistered invalidation rule for event "user.updated" with priority 0[39m
[95m[Nest] 35067  - [39m02/20/2026, 10:50:59 AM [95m  DEBUG[39m [38;5;3m[InvalidationRegistryService] [39m[95mRegistered invalidation rule for event "user.created" with priority 0[39m
[95m[Nest] 35067  - [39m02/20/2026, 10:50:59 AM [95m  DEBUG[39m [38;5;3m[InvalidationRegistryService] [39m[95mRegistered invalidation rule for event "user.deleted" with priority 0[39m
[95m[Nest] 35067  - [39m02/20/2026, 10:50:59 AM [95m  DEBUG[39m [38;5;3m[InvalidationRegistryService] [39m[95mRegistered invalidation rule for event "user.updated" with priority 5[39m
[95m[Nest] 35067  - [39m02/20/2026, 10:50:59 AM [95m  DEBUG[39m [38;5;3m[InvalidationRegistryService] [39m[95mRegistered invalidation rule for event "user.created" with priority 10[39m
[95m[Nest] 35067  - [39m02/20/2026, 10:50:59 AM [95m  DEBUG[39m [38;5;3m[InvalidationRegistryService] [39m[95mRegistered invalidation rule for event "user.deleted" with priority 3[39m
[95m[Nest] 35067  - [39m02/20/2026, 10:50:59 AM [95m  DEBUG[39m [38;5;3m[InvalidationRegistryService] [39m[95mRegistered invalidation rule for event "user.updated" with priority 5[39m
[95m[Nest] 35067  - [39m02/20/2026, 10:50:59 AM [95m  DEBUG[39m [38;5;3m[InvalidationRegistryService] [39m[95mRegistered invalidation rule for event "post.created" with priority 10[39m
[95m[Nest] 35067  - [39m02/20/2026, 10:50:59 AM [95m  DEBUG[39m [38;5;3m[InvalidationRegistryService] [39m[95mRegistered invalidation rule for event "post.deleted" with priority 3[39m
[95m[Nest] 35067  - [39m02/20/2026, 10:50:59 AM [95m  DEBUG[39m [38;5;3m[InvalidationRegistryService] [39m[95mRegistered invalidation rule for event "user.updated" with priority 0[39m
[95m[Nest] 35067  - [39m02/20/2026, 10:50:59 AM [95m  DEBUG[39m [38;5;3m[InvalidationRegistryService] [39m[95mRegistered invalidation rule for event "user.created" with priority 0[39m
[95m[Nest] 35067  - [39m02/20/2026, 10:50:59 AM [95m  DEBUG[39m [38;5;3m[InvalidationRegistryService] [39m[95mUnregistered 1 rule(s) for event "user.updated"[39m
[95m[Nest] 35067  - [39m02/20/2026, 10:50:59 AM [95m  DEBUG[39m [38;5;3m[InvalidationRegistryService] [39m[95mRegistered invalidation rule for event "user.updated" with priority 0[39m
[95m[Nest] 35067  - [39m02/20/2026, 10:50:59 AM [95m  DEBUG[39m [38;5;3m[InvalidationRegistryService] [39m[95mRegistered invalidation rule for event "user.updated" with priority 0[39m
[95m[Nest] 35067  - [39m02/20/2026, 10:50:59 AM [95m  DEBUG[39m [38;5;3m[InvalidationRegistryService] [39m[95mRegistered invalidation rule for event "user.created" with priority 0[39m
[95m[Nest] 35067  - [39m02/20/2026, 10:50:59 AM [95m  DEBUG[39m [38;5;3m[InvalidationRegistryService] [39m[95mUnregistered 2 rule(s) for event "user.updated"[39m
[95m[Nest] 35067  - [39m02/20/2026, 10:50:59 AM [95m  DEBUG[39m [38;5;3m[InvalidationRegistryService] [39m[95mRegistered invalidation rule for event "user.updated" with priority 0[39m
[95m[Nest] 35067  - [39m02/20/2026, 10:50:59 AM [95m  DEBUG[39m [38;5;3m[InvalidationRegistryService] [39m[95mRegistered invalidation rule for event "user.updated" with priority 0[39m
[95m[Nest] 35067  - [39m02/20/2026, 10:50:59 AM [95m  DEBUG[39m [38;5;3m[InvalidationRegistryService] [39m[95mRegistered invalidation rule for event "user.*" with priority 0[39m
[95m[Nest] 35067  - [39m02/20/2026, 10:50:59 AM [95m  DEBUG[39m [38;5;3m[InvalidationRegistryService] [39m[95mUnregistered 1 rule(s) for event "user.updated"[39m
[95m[Nest] 35067  - [39m02/20/2026, 10:50:59 AM [95m  DEBUG[39m [38;5;3m[InvalidationRegistryService] [39m[95mRegistered invalidation rule for event "user.updated" with priority 0[39m
[95m[Nest] 35067  - [39m02/20/2026, 10:50:59 AM [95m  DEBUG[39m [38;5;3m[InvalidationRegistryService] [39m[95mRegistered invalidation rule for event "user.*" with priority 0[39m
[95m[Nest] 35067  - [39m02/20/2026, 10:50:59 AM [95m  DEBUG[39m [38;5;3m[InvalidationRegistryService] [39m[95mRegistered invalidation rule for event "user.*" with priority 0[39m
[95m[Nest] 35067  - [39m02/20/2026, 10:50:59 AM [95m  DEBUG[39m [38;5;3m[InvalidationRegistryService] [39m[95mRegistered invalidation rule for event "user.updated" with priority 0[39m
[95m[Nest] 35067  - [39m02/20/2026, 10:50:59 AM [95m  DEBUG[39m [38;5;3m[InvalidationRegistryService] [39m[95mRegistered invalidation rule for event "post.updated" with priority 0[39m
[95m[Nest] 35067  - [39m02/20/2026, 10:50:59 AM [95m  DEBUG[39m [38;5;3m[InvalidationRegistryService] [39m[95mRegistered invalidation rule for event "user.updated" with priority 0[39m
[95m[Nest] 35067  - [39m02/20/2026, 10:50:59 AM [95m  DEBUG[39m [38;5;3m[InvalidationRegistryService] [39m[95mRegistered invalidation rule for event "user.updated" with priority 0[39m
[95m[Nest] 35067  - [39m02/20/2026, 10:50:59 AM [95m  DEBUG[39m [38;5;3m[InvalidationRegistryService] [39m[95mRegistered invalidation rule for event "user.updated" with priority 0[39m
[95m[Nest] 35067  - [39m02/20/2026, 10:50:59 AM [95m  DEBUG[39m [38;5;3m[InvalidationRegistryService] [39m[95mRegistered invalidation rule for event "user.updated" with priority 0[39m
[95m[Nest] 35067  - [39m02/20/2026, 10:50:59 AM [95m  DEBUG[39m [38;5;3m[InvalidationRegistryService] [39m[95mRegistered invalidation rule for event "user.updated" with priority 0[39m
[95m[Nest] 35067  - [39m02/20/2026, 10:50:59 AM [95m  DEBUG[39m [38;5;3m[InvalidationRegistryService] [39m[95mRegistered invalidation rule for event "user.updated" with priority 0[39m
[95m[Nest] 35067  - [39m02/20/2026, 10:50:59 AM [95m  DEBUG[39m [38;5;3m[InvalidationRegistryService] [39m[95mRegistered invalidation rule for event "user.updated" with priority 0[39m
[95m[Nest] 35067  - [39m02/20/2026, 10:50:59 AM [95m  DEBUG[39m [38;5;3m[InvalidationRegistryService] [39m[95mRule for event "user.updated" skipped - condition not met[39m
[95m[Nest] 35067  - [39m02/20/2026, 10:50:59 AM [95m  DEBUG[39m [38;5;3m[InvalidationRegistryService] [39m[95mRegistered invalidation rule for event "user.updated" with priority 0[39m
[95m[Nest] 35067  - [39m02/20/2026, 10:50:59 AM [95m  DEBUG[39m [38;5;3m[InvalidationRegistryService] [39m[95mRegistered invalidation rule for event "user.*" with priority 0[39m
[95m[Nest] 35067  - [39m02/20/2026, 10:50:59 AM [95m  DEBUG[39m [38;5;3m[InvalidationRegistryService] [39m[95mRegistered invalidation rule for event "user.updated" with priority 0[39m
[95m[Nest] 35067  - [39m02/20/2026, 10:50:59 AM [95m  DEBUG[39m [38;5;3m[InvalidationRegistryService] [39m[95mRegistered invalidation rule for event "user.*" with priority 0[39m
[95m[Nest] 35067  - [39m02/20/2026, 10:50:59 AM [95m  DEBUG[39m [38;5;3m[InvalidationRegistryService] [39m[95mRegistered invalidation rule for event "user.updated" with priority 0[39m
[95m[Nest] 35067  - [39m02/20/2026, 10:50:59 AM [95m  DEBUG[39m [38;5;3m[InvalidationRegistryService] [39m[95mRegistered invalidation rule for event "user.updated" with priority 0[39m
[33m[Nest] 35067  - [39m02/20/2026, 10:50:59 AM [33m   WARN[39m [38;5;3m[InvalidationRegistryService] [39m[33mTag template "user:{id}" has unresolved placeholders for event "user.updated"[39m
[95m[Nest] 35067  - [39m02/20/2026, 10:50:59 AM [95m  DEBUG[39m [38;5;3m[InvalidationRegistryService] [39m[95mRegistered invalidation rule for event "user.updated" with priority 0[39m
[33m[Nest] 35067  - [39m02/20/2026, 10:50:59 AM [33m   WARN[39m [38;5;3m[InvalidationRegistryService] [39m[33mKey template "user:{id}" has unresolved placeholders for event "user.updated"[39m
[95m[Nest] 35067  - [39m02/20/2026, 10:50:59 AM [95m  DEBUG[39m [38;5;3m[InvalidationRegistryService] [39m[95mRegistered invalidation rule for event "user.*" with priority 10[39m
[95m[Nest] 35067  - [39m02/20/2026, 10:50:59 AM [95m  DEBUG[39m [38;5;3m[InvalidationRegistryService] [39m[95mRegistered invalidation rule for event "user.updated" with priority 5[39m
[95m[Nest] 35067  - [39m02/20/2026, 10:50:59 AM [95m  DEBUG[39m [38;5;3m[InvalidationRegistryService] [39m[95mRegistered invalidation rule for event "user.updated" with priority 0[39m
[95m[Nest] 35067  - [39m02/20/2026, 10:50:59 AM [95m  DEBUG[39m [38;5;3m[InvalidationRegistryService] [39m[95mRegistered invalidation rule for event "user.updated" with priority 0[39m
[95m[Nest] 35067  - [39m02/20/2026, 10:50:59 AM [95m  DEBUG[39m [38;5;3m[InvalidationRegistryService] [39m[95mRule for event "user.updated" skipped - condition not met[39m
[95m[Nest] 35067  - [39m02/20/2026, 10:50:59 AM [95m  DEBUG[39m [38;5;3m[InvalidationRegistryService] [39m[95mRegistered invalidation rule for event "order.updated" with priority 0[39m
[95m[Nest] 35067  - [39m02/20/2026, 10:50:59 AM [95m  DEBUG[39m [38;5;3m[InvalidationRegistryService] [39m[95mRegistered invalidation rule for event "user.updated" with priority 0[39m
[95m[Nest] 35067  - [39m02/20/2026, 10:50:59 AM [95m  DEBUG[39m [38;5;3m[InvalidationRegistryService] [39m[95mRegistered invalidation rule for event "user.updated" with priority 0[39m
[95m[Nest] 35067  - [39m02/20/2026, 10:50:59 AM [95m  DEBUG[39m [38;5;3m[InvalidationRegistryService] [39m[95mRegistered invalidation rule for event "user.updated" with priority 0[39m
[95m[Nest] 35067  - [39m02/20/2026, 10:50:59 AM [95m  DEBUG[39m [38;5;3m[InvalidationRegistryService] [39m[95mRegistered invalidation rule for event "user.created" with priority 0[39m
[95m[Nest] 35067  - [39m02/20/2026, 10:50:59 AM [95m  DEBUG[39m [38;5;3m[InvalidationRegistryService] [39m[95mRegistered invalidation rule for event "user.updated" with priority 0[39m
[95m[Nest] 35067  - [39m02/20/2026, 10:50:59 AM [95m  DEBUG[39m [38;5;3m[InvalidationRegistryService] [39m[95mRegistered invalidation rule for event "user.updated" with priority 0[39m
[95m[Nest] 35067  - [39m02/20/2026, 10:50:59 AM [95m  DEBUG[39m [38;5;3m[InvalidationRegistryService] [39m[95mRegistered invalidation rule for event "user.updated" with priority 5[39m
[95m[Nest] 35067  - [39m02/20/2026, 10:50:59 AM [95m  DEBUG[39m [38;5;3m[InvalidationRegistryService] [39m[95mRegistered invalidation rule for event "user.created" with priority 10[39m
[95m[Nest] 35067  - [39m02/20/2026, 10:50:59 AM [95m  DEBUG[39m [38;5;3m[InvalidationRegistryService] [39m[95mRegistered invalidation rule for event "user.deleted" with priority 3[39m
 ✓ packages/core/test/unit/redis-client.manager.spec.ts > RedisClientManager > createClient > should create a new client
 ✓ packages/core/test/unit/redis-client.manager.spec.ts > RedisClientManager > createClient > should emit CREATED event when client is created
 ✓ packages/core/test/unit/redis-client.manager.spec.ts > RedisClientManager > createClient > should throw error when client already exists
 ✓ packages/core/test/unit/redis-client.manager.spec.ts > RedisClientManager > getClient > should return existing client
 ✓ packages/core/test/unit/redis-client.manager.spec.ts > RedisClientManager > getClient > should throw error when client not found
 ✓ packages/core/test/unit/redis-client.manager.spec.ts > RedisClientManager > getClient > should use default client name when not specified
 ✓ packages/core/test/unit/redis-client.manager.spec.ts > RedisClientManager > hasClient > should return true when client exists
 ✓ packages/core/test/unit/redis-client.manager.spec.ts > RedisClientManager > hasClient > should return false when client does not exist
 ✓ packages/core/test/unit/redis-client.manager.spec.ts > RedisClientManager > getClientNames > should return all client names
 ✓ packages/core/test/unit/redis-client.manager.spec.ts > RedisClientManager > getClientNames > should return empty array when no clients
 ✓ packages/core/test/unit/redis-client.manager.spec.ts > RedisClientManager > closeClient > should close and remove client
 ✓ packages/core/test/unit/redis-client.manager.spec.ts > RedisClientManager > closeClient > should emit REMOVED event when client is closed
 ✓ packages/core/test/unit/redis-client.manager.spec.ts > RedisClientManager > closeClient > should throw error when client not found
 ✓ packages/core/test/unit/redis-client.manager.spec.ts > RedisClientManager > closeAll > should close all clients
 ✓ packages/core/test/unit/redis-client.manager.spec.ts > RedisClientManager > closeAll > should close multiple clients
 ✓ packages/core/test/unit/redis-client.manager.spec.ts > RedisClientManager > closeAll > should handle errors gracefully when closing clients
 ✓ packages/core/test/unit/redis-client.manager.spec.ts > RedisClientManager > healthCheck > should return health status for all clients when no name specified
 ✓ packages/core/test/unit/redis-client.manager.spec.ts > RedisClientManager > healthCheck > should return health status for specific client
 ✓ packages/core/test/unit/redis-client.manager.spec.ts > RedisClientManager > healthCheck > should throw error when client not found
 ✓ packages/core/test/unit/redis-client.manager.spec.ts > RedisClientManager > getStats > should return stats for all clients
 ✓ packages/core/test/unit/redis-client.manager.spec.ts > RedisClientManager > getStats > should return stats for multiple clients
 ✓ packages/core/test/unit/redis-client.manager.spec.ts > RedisClientManager > getMetadata > should return client metadata
 ✓ packages/core/test/unit/redis-client.manager.spec.ts > RedisClientManager > getMetadata > should throw error when client not found
 ✓ packages/core/test/unit/redis-client.manager.spec.ts > RedisClientManager > updateMetadata > should update client metadata
 ✓ packages/core/test/unit/redis-client.manager.spec.ts > RedisClientManager > updateMetadata > should throw error when client not found
 ✓ packages/core/test/unit/redis-client.manager.spec.ts > RedisClientManager > event handling > should register event listener
 ✓ packages/core/test/unit/redis-client.manager.spec.ts > RedisClientManager > event handling > should remove event listener
 ✓ packages/core/test/unit/redis-client.manager.spec.ts > RedisClientManager > Latency Statistics > should track latency statistics on multiple health checks
 ✓ packages/core/test/unit/redis-client.manager.spec.ts > RedisClientManager > Latency Statistics > should update peak latency when higher latency is detected
 ✓ packages/core/test/unit/redis-client.manager.spec.ts > RedisClientManager > Latency Statistics > should calculate average latency correctly
 ✓ packages/core/test/unit/redis-client.manager.spec.ts > RedisClientManager > Latency Statistics > should update peak latency when new latency is higher
 ✓ packages/core/test/unit/redis-client.manager.spec.ts > RedisClientManager > Uptime Calculation > should return zero uptime when client is not connected
 ✓ packages/cache/test/unit/invalidation-registry.service.spec.ts > InvalidationRegistryService > register > should register single rule
 ✓ packages/cache/test/unit/invalidation-registry.service.spec.ts > InvalidationRegistryService > register > should sort rules by priority descending
 ✓ packages/cache/test/unit/invalidation-registry.service.spec.ts > InvalidationRegistryService > register > should maintain sort order when registering rules with same priority
 ✓ packages/cache/test/unit/invalidation-registry.service.spec.ts > InvalidationRegistryService > register > should handle rules with negative priority
 ✓ packages/cache/test/unit/invalidation-registry.service.spec.ts > InvalidationRegistryService > registerMany > should register multiple rules
 ✓ packages/cache/test/unit/invalidation-registry.service.spec.ts > InvalidationRegistryService > registerMany > should sort all rules by priority
 ✓ packages/cache/test/unit/invalidation-registry.service.spec.ts > InvalidationRegistryService > registerMany > should handle empty array
 ✓ packages/cache/test/unit/invalidation-registry.service.spec.ts > InvalidationRegistryService > registerMany > should add to existing rules
 ✓ packages/cache/test/unit/invalidation-registry.service.spec.ts > InvalidationRegistryService > unregister > should remove rule by event pattern
 ✓ packages/cache/test/unit/invalidation-registry.service.spec.ts > InvalidationRegistryService > unregister > should remove all rules with matching event pattern
 ✓ packages/cache/test/unit/invalidation-registry.service.spec.ts > InvalidationRegistryService > unregister > should do nothing when event not found
 ✓ packages/cache/test/unit/invalidation-registry.service.spec.ts > InvalidationRegistryService > unregister > should handle unregister on empty registry
 ✓ packages/cache/test/unit/invalidation-registry.service.spec.ts > InvalidationRegistryService > unregister > should not remove rules with partial match
 ✓ packages/cache/test/unit/invalidation-registry.service.spec.ts > InvalidationRegistryService > findRules > should find exact matching rule
 ✓ packages/cache/test/unit/invalidation-registry.service.spec.ts > InvalidationRegistryService > findRules > should find wildcard matching rules
 ✓ packages/cache/test/unit/invalidation-registry.service.spec.ts > InvalidationRegistryService > findRules > should return multiple matching rules
 ✓ packages/cache/test/unit/invalidation-registry.service.spec.ts > InvalidationRegistryService > findRules > should return empty array when no match
 ✓ packages/cache/test/unit/invalidation-registry.service.spec.ts > InvalidationRegistryService > findRules > should return empty array for empty registry
 ✓ packages/cache/test/unit/invalidation-registry.service.spec.ts > InvalidationRegistryService > resolve > should resolve tags from matching rules
 ✓ packages/cache/test/unit/invalidation-registry.service.spec.ts > InvalidationRegistryService > resolve > should resolve keys from matching rules
 ✓ packages/cache/test/unit/invalidation-registry.service.spec.ts > InvalidationRegistryService > resolve > should resolve tag templates with payload
 ✓ packages/cache/test/unit/invalidation-registry.service.spec.ts > InvalidationRegistryService > resolve > should resolve key templates with payload
 ✓ packages/cache/test/unit/invalidation-registry.service.spec.ts > InvalidationRegistryService > resolve > should skip rules with failing conditions
 ✓ packages/cache/test/unit/invalidation-registry.service.spec.ts > InvalidationRegistryService > resolve > should include rules with passing conditions
 ✓ packages/cache/test/unit/invalidation-registry.service.spec.ts > InvalidationRegistryService > resolve > should deduplicate tags from multiple rules
 ✓ packages/cache/test/unit/invalidation-registry.service.spec.ts > InvalidationRegistryService > resolve > should deduplicate keys from multiple rules
 ✓ packages/cache/test/unit/invalidation-registry.service.spec.ts > InvalidationRegistryService > resolve > should skip tags with unresolved placeholders
 ✓ packages/cache/test/unit/invalidation-registry.service.spec.ts > InvalidationRegistryService > resolve > should skip keys with unresolved placeholders
 ✓ packages/cache/test/unit/invalidation-registry.service.spec.ts > InvalidationRegistryService > resolve > should resolve tags from multiple matching rules with priority
 ✓ packages/cache/test/unit/invalidation-registry.service.spec.ts > InvalidationRegistryService > resolve > should return empty arrays when no rules match
 ✓ packages/cache/test/unit/invalidation-registry.service.spec.ts > InvalidationRegistryService > resolve > should return empty arrays when all conditions fail
 ✓ packages/cache/test/unit/invalidation-registry.service.spec.ts > InvalidationRegistryService > resolve > should handle complex payload with nested templates
 ✓ packages/cache/test/unit/invalidation-registry.service.spec.ts > InvalidationRegistryService > resolve > should handle rules with both tags and keys
 ✓ packages/cache/test/unit/invalidation-registry.service.spec.ts > InvalidationRegistryService > resolve > should resolve empty result when rules have no tags or keys
 ✓ packages/cache/test/unit/invalidation-registry.service.spec.ts > InvalidationRegistryService > getRules > should return all registered rules
 ✓ packages/cache/test/unit/invalidation-registry.service.spec.ts > InvalidationRegistryService > getRules > should return empty array when no rules registered
 ✓ packages/cache/test/unit/invalidation-registry.service.spec.ts > InvalidationRegistryService > getRules > should return copy of rules array
 ✓ packages/cache/test/unit/invalidation-registry.service.spec.ts > InvalidationRegistryService > getRules > should not allow modifying internal rules through returned array
 ✓ packages/cache/test/unit/invalidation-registry.service.spec.ts > InvalidationRegistryService > getRules > should return rules in priority order
 ✓ packages/core/test/unit/redis-client.manager.spec.ts > RedisClientManager > Uptime Calculation > should calculate uptime when client is connected
 ✓ packages/core/test/unit/redis-client.manager.spec.ts > RedisClientManager > Uptime Calculation > should return zero uptime when connectedAt is null
 ✓ packages/core/test/unit/redis-client.manager.spec.ts > RedisClientManager > Concurrent Operations > should handle concurrent client creation
 ✓ packages/core/test/unit/redis-client.manager.spec.ts > RedisClientManager > Concurrent Operations > should handle concurrent health checks
 ✓ packages/core/test/unit/redis-client.manager.spec.ts > RedisClientManager > Concurrent Operations > should handle concurrent metadata updates
 ✓ packages/core/test/unit/redis-client.manager.spec.ts > RedisClientManager > onModuleDestroy > should close all clients on module destroy
 ✓ packages/cache/test/unit/key-generator.util.spec.ts > key-generator.util > getParameterNames > should extract parameter names from function
 ✓ packages/cache/test/unit/key-generator.util.spec.ts > key-generator.util > getParameterNames > should handle function with no parameters
 ✓ packages/cache/test/unit/key-generator.util.spec.ts > key-generator.util > getParameterNames > should handle function with default parameters
 ✓ packages/cache/test/unit/key-generator.util.spec.ts > key-generator.util > getParameterNames > should handle arrow function
 ✓ packages/cache/test/unit/key-generator.util.spec.ts > key-generator.util > getParameterNames > should handle function with comments in signature
 ✓ packages/cache/test/unit/key-generator.util.spec.ts > key-generator.util > getParameterNames > should handle single parameter
 ✓ packages/cache/test/unit/key-generator.util.spec.ts > key-generator.util > getParameterNames > should filter out empty parameters
 ✓ packages/cache/test/unit/key-generator.util.spec.ts > key-generator.util > getNestedValue > should get simple property
 ✓ packages/cache/test/unit/key-generator.util.spec.ts > key-generator.util > getNestedValue > should get nested property
 ✓ packages/cache/test/unit/key-generator.util.spec.ts > key-generator.util > getNestedValue > should get deeply nested property
 ✓ packages/cache/test/unit/key-generator.util.spec.ts > key-generator.util > getNestedValue > should return undefined for non-existent property
 ✓ packages/cache/test/unit/key-generator.util.spec.ts > key-generator.util > getNestedValue > should return undefined for non-existent nested property
 ✓ packages/cache/test/unit/key-generator.util.spec.ts > key-generator.util > getNestedValue > should return undefined when object is null
 ✓ packages/cache/test/unit/key-generator.util.spec.ts > key-generator.util > getNestedValue > should return undefined when object is undefined
 ✓ packages/cache/test/unit/key-generator.util.spec.ts > key-generator.util > getNestedValue > should return undefined when object is not an object
 ✓ packages/cache/test/unit/key-generator.util.spec.ts > key-generator.util > getNestedValue > should return undefined when intermediate value is null
 ✓ packages/cache/test/unit/key-generator.util.spec.ts > key-generator.util > getNestedValue > should handle numeric properties
 ✓ packages/cache/test/unit/key-generator.util.spec.ts > key-generator.util > generateKey > should generate key from template with single parameter
 ✓ packages/cache/test/unit/key-generator.util.spec.ts > key-generator.util > generateKey > should generate key with multiple parameters
 ✓ packages/cache/test/unit/key-generator.util.spec.ts > key-generator.util > generateKey > should generate key with nested property
 ✓ packages/cache/test/unit/key-generator.util.spec.ts > key-generator.util > generateKey > should generate key with namespace
 ✓ packages/cache/test/unit/key-generator.util.spec.ts > key-generator.util > generateKey > should return template without placeholders as-is
 ✓ packages/cache/test/unit/key-generator.util.spec.ts > key-generator.util > generateKey > should return template with namespace when no placeholders
 ✓ packages/cache/test/unit/key-generator.util.spec.ts > key-generator.util > generateKey > should throw CacheKeyError when parameter not found
 ✓ packages/cache/test/unit/key-generator.util.spec.ts > key-generator.util > generateKey > should throw CacheKeyError when parameter is null
 ✓ packages/cache/test/unit/key-generator.util.spec.ts > key-generator.util > generateKey > should throw CacheKeyError when parameter is undefined
 ✓ packages/cache/test/unit/key-generator.util.spec.ts > key-generator.util > generateKey > should throw CacheKeyError when nested property not found
 ✓ packages/cache/test/unit/key-generator.util.spec.ts > key-generator.util > generateKey > should throw CacheKeyError when nested property is undefined
 ✓ packages/cache/test/unit/key-generator.util.spec.ts > key-generator.util > generateKey > should throw CacheKeyError when root parameter for nested access not found
 ✓ packages/cache/test/unit/key-generator.util.spec.ts > key-generator.util > generateKey > should throw CacheKeyError when value contains colon
 ✓ packages/cache/test/unit/key-generator.util.spec.ts > key-generator.util > generateKey > should throw CacheKeyError when value contains curly braces
 ✓ packages/cache/test/unit/key-generator.util.spec.ts > key-generator.util > generateKey > should throw CacheKeyError for invalid nested property path
 ✓ packages/cache/test/unit/key-generator.util.spec.ts > key-generator.util > generateKey > should convert numeric value to string
 ✓ packages/cache/test/unit/key-generator.util.spec.ts > key-generator.util > generateKey > should convert boolean value to string
 ✓ packages/cache/test/unit/key-generator.util.spec.ts > key-generator.util > generateKey > should handle deeply nested properties
 ✓ packages/cache/test/unit/key-generator.util.spec.ts > key-generator.util > generateKey > should handle multiple placeholders with same parameter
 ✓ packages/cache/test/unit/key-generator.util.spec.ts > key-generator.util > generateKeys > should generate multiple keys from templates
 ✓ packages/cache/test/unit/key-generator.util.spec.ts > key-generator.util > generateKeys > should generate keys with namespace
 ✓ packages/cache/test/unit/key-generator.util.spec.ts > key-generator.util > generateKeys > should return empty array for empty templates
 ✓ packages/cache/test/unit/key-generator.util.spec.ts > key-generator.util > generateKeys > should handle single template
 ✓ packages/cache/test/unit/key-generator.util.spec.ts > key-generator.util > evaluateTags > should return static tags array
 ✓ packages/cache/test/unit/key-generator.util.spec.ts > key-generator.util > evaluateTags > should evaluate dynamic tags function
 ✓ packages/cache/test/unit/key-generator.util.spec.ts > key-generator.util > evaluateTags > should return empty array when tags is undefined
 ✓ packages/cache/test/unit/key-generator.util.spec.ts > key-generator.util > evaluateTags > should pass all arguments to tags function
 ✓ packages/cache/test/unit/key-generator.util.spec.ts > key-generator.util > evaluateTags > should handle tags function returning empty array
 ✓ packages/cache/test/unit/key-generator.util.spec.ts > key-generator.util > evaluateCondition > should return true when condition is undefined
 ✓ packages/cache/test/unit/key-generator.util.spec.ts > key-generator.util > evaluateCondition > should evaluate condition function returning true
 ✓ packages/cache/test/unit/key-generator.util.spec.ts > key-generator.util > evaluateCondition > should evaluate condition function returning false
 ✓ packages/cache/test/unit/key-generator.util.spec.ts > key-generator.util > evaluateCondition > should pass all arguments to condition function
 ✓ packages/cache/test/unit/key-generator.util.spec.ts > key-generator.util > evaluateCondition > should handle complex condition logic
 ✓ packages/cache/test/unit/key-generator.util.spec.ts > key-generator.util > evaluateCondition > should return false for failing complex condition
[95m[Nest] 35067  - [39m02/20/2026, 10:50:59 AM [95m  DEBUG[39m [38;5;3m[CacheInterceptor] [39m[95mCacheable: checking cache for key: test-key[39m
[31m[Nest] 35067  - [39m02/20/2026, 10:50:59 AM [31m  ERROR[39m [38;5;3m[CacheInterceptor] [39m[31mCacheable: error processing cache: Cannot read properties of undefined (reading 'matchAll')[39m
[95m[Nest] 35067  - [39m02/20/2026, 10:50:59 AM [95m  DEBUG[39m [38;5;3m[CacheInterceptor] [39m[95mCacheable: cache hit for key: test-key[39m
[95m[Nest] 35067  - [39m02/20/2026, 10:50:59 AM [95m  DEBUG[39m [38;5;3m[CacheInterceptor] [39m[95mCacheable: checking cache for key: test-key[39m
[95m[Nest] 35067  - [39m02/20/2026, 10:50:59 AM [95m  DEBUG[39m [38;5;3m[CacheInterceptor] [39m[95mCacheable: cache miss for key: test-key, executing method[39m
[95m[Nest] 35067  - [39m02/20/2026, 10:50:59 AM [95m  DEBUG[39m [38;5;3m[CacheInterceptor] [39m[95mCacheable: cached result for key: test-key[39m
[95m[Nest] 35067  - [39m02/20/2026, 10:50:59 AM [95m  DEBUG[39m [38;5;3m[CacheInterceptor] [39m[95mCacheable condition not met, executing method[39m
[95m[Nest] 35067  - [39m02/20/2026, 10:50:59 AM [95m  DEBUG[39m [38;5;3m[CacheInterceptor] [39m[95mCacheable: checking cache for key: test-key[39m
[95m[Nest] 35067  - [39m02/20/2026, 10:50:59 AM [95m  DEBUG[39m [38;5;3m[CacheInterceptor] [39m[95mCacheable: cache miss for key: test-key, executing method[39m
[95m[Nest] 35067  - [39m02/20/2026, 10:50:59 AM [95m  DEBUG[39m [38;5;3m[CacheInterceptor] [39m[95mCacheable: cached result for key: test-key[39m
[95m[Nest] 35067  - [39m02/20/2026, 10:50:59 AM [95m  DEBUG[39m [38;5;3m[CacheInterceptor] [39m[95mCacheable: checking cache for key: custom-key[39m
[95m[Nest] 35067  - [39m02/20/2026, 10:50:59 AM [95m  DEBUG[39m [38;5;3m[CacheInterceptor] [39m[95mCacheable: cache miss for key: custom-key, executing method[39m
[95m[Nest] 35067  - [39m02/20/2026, 10:50:59 AM [95m  DEBUG[39m [38;5;3m[CacheInterceptor] [39m[95mCacheable: cached result for key: custom-key[39m
[95m[Nest] 35067  - [39m02/20/2026, 10:50:59 AM [95m  DEBUG[39m [38;5;3m[CacheInterceptor] [39m[95mCacheable: checking cache for key: test-key[39m
[95m[Nest] 35067  - [39m02/20/2026, 10:50:59 AM [95m  DEBUG[39m [38;5;3m[CacheInterceptor] [39m[95mCachePut: executing method for key: test-key[39m
[95m[Nest] 35067  - [39m02/20/2026, 10:50:59 AM [95m  DEBUG[39m [38;5;3m[CacheInterceptor] [39m[95mCachePut: cached result for key: test-key[39m
[95m[Nest] 35067  - [39m02/20/2026, 10:50:59 AM [95m  DEBUG[39m [38;5;3m[CacheInterceptor] [39m[95mCachePut: executing method for key: test-key[39m
[95m[Nest] 35067  - [39m02/20/2026, 10:50:59 AM [95m  DEBUG[39m [38;5;3m[CacheInterceptor] [39m[95mCachePut: skipping null/undefined result for key: test-key[39m
[95m[Nest] 35067  - [39m02/20/2026, 10:50:59 AM [95m  DEBUG[39m [38;5;3m[CacheInterceptor] [39m[95mCachePut condition not met, executing method without caching[39m
[95m[Nest] 35067  - [39m02/20/2026, 10:50:59 AM [95m  DEBUG[39m [38;5;3m[CacheInterceptor] [39m[95mCacheEvict: evicting keys: key1, key2[39m
[95m[Nest] 35067  - [39m02/20/2026, 10:50:59 AM [95m  DEBUG[39m [38;5;3m[CacheInterceptor] [39m[95mCacheEvict: evicting keys: key1[39m
[95m[Nest] 35067  - [39m02/20/2026, 10:50:59 AM [95m  DEBUG[39m [38;5;3m[CacheInterceptor] [39m[95mCacheEvict: clearing all cache entries[39m
[95m[Nest] 35067  - [39m02/20/2026, 10:50:59 AM [95m  DEBUG[39m [38;5;3m[CacheInterceptor] [39m[95mCacheEvict: invalidating tags: tag1, tag2[39m
[95m[Nest] 35067  - [39m02/20/2026, 10:50:59 AM [95m  DEBUG[39m [38;5;3m[CacheInterceptor] [39m[95mCacheEvict condition not met, executing method without eviction[39m
[95m[Nest] 35067  - [39m02/20/2026, 10:50:59 AM [95m  DEBUG[39m [38;5;3m[CacheInterceptor] [39m[95mCacheable: checking cache for key: user:123:profile[39m
[95m[Nest] 35067  - [39m02/20/2026, 10:50:59 AM [95m  DEBUG[39m [38;5;3m[CacheInterceptor] [39m[95mCacheable: cache miss for key: user:123:profile, executing method[39m
[95m[Nest] 35067  - [39m02/20/2026, 10:50:59 AM [95m  DEBUG[39m [38;5;3m[CacheInterceptor] [39m[95mCacheable: cached result for key: user:123:profile[39m
[95m[Nest] 35067  - [39m02/20/2026, 10:50:59 AM [95m  DEBUG[39m [38;5;3m[CacheInterceptor] [39m[95mCacheable: checking cache for key: myapp:test[39m
[95m[Nest] 35067  - [39m02/20/2026, 10:50:59 AM [95m  DEBUG[39m [38;5;3m[CacheInterceptor] [39m[95mCacheable: cache miss for key: myapp:test, executing method[39m
[95m[Nest] 35067  - [39m02/20/2026, 10:50:59 AM [95m  DEBUG[39m [38;5;3m[CacheInterceptor] [39m[95mCacheable: cached result for key: myapp:test[39m
[95m[Nest] 35067  - [39m02/20/2026, 10:50:59 AM [95m  DEBUG[39m [38;5;3m[CacheInterceptor] [39m[95mCacheable: checking cache for key: test-key[39m
[95m[Nest] 35067  - [39m02/20/2026, 10:50:59 AM [95m  DEBUG[39m [38;5;3m[CacheInterceptor] [39m[95mCacheable: cache miss for key: test-key, executing method[39m
[95m[Nest] 35067  - [39m02/20/2026, 10:50:59 AM [95m  DEBUG[39m [38;5;3m[CacheInterceptor] [39m[95mCacheable: cached result for key: test-key[39m
[95m[Nest] 35067  - [39m02/20/2026, 10:50:59 AM [95m  DEBUG[39m [38;5;3m[CacheInterceptor] [39m[95mCacheable: checking cache for key: test-key[39m
[95m[Nest] 35067  - [39m02/20/2026, 10:50:59 AM [95m  DEBUG[39m [38;5;3m[CacheInterceptor] [39m[95mCacheable: cache miss for key: test-key, executing method[39m
[95m[Nest] 35067  - [39m02/20/2026, 10:50:59 AM [95m  DEBUG[39m [38;5;3m[CacheInterceptor] [39m[95mCacheable: cached result for key: test-key[39m
[95m[Nest] 35067  - [39m02/20/2026, 10:50:59 AM [95m  DEBUG[39m [38;5;3m[CacheInterceptor] [39m[95mCacheable: checking cache for key: test-key[39m
[95m[Nest] 35067  - [39m02/20/2026, 10:50:59 AM [95m  DEBUG[39m [38;5;3m[CacheInterceptor] [39m[95mCacheable: cache miss for key: test-key, executing method[39m
[95m[Nest] 35067  - [39m02/20/2026, 10:50:59 AM [95m  DEBUG[39m [38;5;3m[CacheInterceptor] [39m[95mCacheEvict: evicting keys: key1[39m
[31m[Nest] 35067  - [39m02/20/2026, 10:50:59 AM [31m  ERROR[39m [38;5;3m[CacheInterceptor] [39m[31mCacheable: failed to cache result for key test-key: Cache set error[39m
[31m[Nest] 35067  - [39m02/20/2026, 10:50:59 AM [31m  ERROR[39m [38;5;3m[CacheInterceptor] [39m[31mCacheEvict: error evicting cache: Eviction error[39m
 ✓ packages/cache/test/unit/cache.interceptor.spec.ts > CacheInterceptor > intercept > should proceed without caching when no decorator metadata found
 ✓ packages/cache/test/unit/cache.interceptor.spec.ts > CacheInterceptor > @Cacheable handling > should return cached value on cache hit
 ✓ packages/cache/test/unit/cache.interceptor.spec.ts > CacheInterceptor > @Cacheable handling > should execute method and cache result on cache miss
 ✓ packages/cache/test/unit/cache.interceptor.spec.ts > CacheInterceptor > @Cacheable handling > should bypass cache when condition returns false
 ✓ packages/cache/test/unit/cache.interceptor.spec.ts > CacheInterceptor > @Cacheable handling > should cache when condition returns true
 ✓ packages/cache/test/unit/cache.interceptor.spec.ts > CacheInterceptor > @Cacheable handling > should use custom key generator when provided
 ✓ packages/cache/test/unit/cache.interceptor.spec.ts > CacheInterceptor > @Cacheable handling > should propagate cache errors (no graceful handling in pipe)
 ✓ packages/cache/test/unit/cache.interceptor.spec.ts > CacheInterceptor > @CachePut handling > should always execute method and cache result
 ✓ packages/cache/test/unit/cache.interceptor.spec.ts > CacheInterceptor > @CachePut handling > should skip caching null values when cacheNullValues is false
 ✓ packages/cache/test/unit/cache.interceptor.spec.ts > CacheInterceptor > @CachePut handling > should bypass cache when condition returns false
 ✓ packages/cache/test/unit/cache.interceptor.spec.ts > CacheInterceptor > @CacheEvict handling > should evict cache after method execution by default
 ✓ packages/cache/test/unit/cache.interceptor.spec.ts > CacheInterceptor > @CacheEvict handling > should evict cache before method execution when beforeInvocation is true
 ✓ packages/cache/test/unit/cache.interceptor.spec.ts > CacheInterceptor > @CacheEvict handling > should clear all entries when allEntries is true
 ✓ packages/cache/test/unit/cache.interceptor.spec.ts > CacheInterceptor > @CacheEvict handling > should invalidate tags when provided
 ✓ packages/cache/test/unit/cache.interceptor.spec.ts > CacheInterceptor > @CacheEvict handling > should bypass eviction when condition returns false
 ✓ packages/cache/test/unit/cache.interceptor.spec.ts > CacheInterceptor > key generation > should use provided key template
 ✓ packages/cache/test/unit/cache.interceptor.spec.ts > CacheInterceptor > key generation > should bypass cache when no key template provided (key generation fails)
 ✓ packages/cache/test/unit/cache.interceptor.spec.ts > CacheInterceptor > key generation > should include namespace in key when provided
 ✓ packages/cache/test/unit/cache.interceptor.spec.ts > CacheInterceptor > tags support > should resolve tags function and pass to cache set
 ✓ packages/cache/test/unit/cache.interceptor.spec.ts > CacheInterceptor > tags support > should handle static tags array
 ✓ packages/cache/test/unit/cache.interceptor.spec.ts > CacheInterceptor > error handling > should handle caching error and still return result
 ✓ packages/cache/test/unit/cache.interceptor.spec.ts > CacheInterceptor > error handling > should handle eviction error gracefully
[33m[Nest] 35067  - [39m02/20/2026, 10:51:00 AM [33m   WARN[39m [38;5;3m[TracingService] [39m[33mtraceRedisCommands requires @opentelemetry/instrumentation-redis to be installed and configured separately[39m
[33m[Nest] 35067  - [39m02/20/2026, 10:51:00 AM [33m   WARN[39m [38;5;3m[TracingService] [39m[33mtraceHttpRequests requires @opentelemetry/instrumentation-http to be installed and configured separately[39m
 ✓ packages/tracing/test/unit/tracing.service.spec.ts > TracingService > onModuleInit > should initialize tracing when enabled
 ✓ packages/tracing/test/unit/tracing.service.spec.ts > TracingService > onModuleInit > should not initialize when disabled
 ✓ packages/tracing/test/unit/tracing.service.spec.ts > TracingService > onModuleInit > should use console exporter
 ✓ packages/tracing/test/unit/tracing.service.spec.ts > TracingService > onModuleInit > should use OTLP exporter with endpoint
 ✓ packages/tracing/test/unit/tracing.service.spec.ts > TracingService > onModuleInit > should merge resourceAttributes into Resource
 ✓ packages/tracing/test/unit/tracing.service.spec.ts > TracingService > onModuleInit > should warn about traceRedisCommands external dependency
 ✓ packages/tracing/test/unit/tracing.service.spec.ts > TracingService > onModuleInit > should warn about traceHttpRequests external dependency
 ✓ packages/tracing/test/unit/tracing.service.spec.ts > TracingService > startSpan > should start a span
 ✓ packages/tracing/test/unit/tracing.service.spec.ts > TracingService > startSpan > should start span with options
 ✓ packages/tracing/test/unit/tracing.service.spec.ts > TracingService > startSpan > should return noop span when disabled
 ✓ packages/tracing/test/unit/tracing.service.spec.ts > TracingService > startSpan > should add service.name attribute to spans
 ✓ packages/tracing/test/unit/tracing.service.spec.ts > TracingService > startSpan > should skip span for excluded commands
 ✓ packages/tracing/test/unit/tracing.service.spec.ts > TracingService > startSpan > should not skip span for non-excluded commands
 ✓ packages/tracing/test/unit/tracing.service.spec.ts > TracingService > startSpan > should strip db.statement.args when includeArgs is false
 ✓ packages/tracing/test/unit/tracing.service.spec.ts > TracingService > startSpan > should keep db.statement.args when includeArgs is true
 ✓ packages/tracing/test/unit/tracing.service.spec.ts > TracingService > startSpan > should strip db.statement.result when includeResult is false
 ✓ packages/tracing/test/unit/tracing.service.spec.ts > TracingService > startSpan > should truncate args exceeding maxArgLength
 ✓ packages/tracing/test/unit/tracing.service.spec.ts > TracingService > startSpan > should return noop span when sampleRate is 0
 ✓ packages/tracing/test/unit/tracing.service.spec.ts > TracingService > withSpan > should execute function with span
 ✓ packages/tracing/test/unit/tracing.service.spec.ts > TracingService > withSpan > should handle errors in span
 ✓ packages/tracing/test/unit/tracing.service.spec.ts > TracingService > withSpan > should execute without span when disabled
 ✓ packages/tracing/test/unit/tracing.service.spec.ts > TracingService > getCurrentSpan > should return undefined when no active span
 ✓ packages/tracing/test/unit/tracing.service.spec.ts > TracingService > getCurrentSpan > should return undefined when disabled
 ✓ packages/tracing/test/unit/tracing.service.spec.ts > TracingService > addEvent > should add event to current span when no active span
 ✓ packages/tracing/test/unit/tracing.service.spec.ts > TracingService > addEvent > should add event to active span inside withSpan
 ✓ packages/tracing/test/unit/tracing.service.spec.ts > TracingService > setAttribute > should set attribute when no active span
 ✓ packages/tracing/test/unit/tracing.service.spec.ts > TracingService > setAttribute > should set attribute on active span inside withSpan
 ✓ packages/tracing/test/unit/tracing.service.spec.ts > TracingService > recordException > should record exception when no active span
 ✓ packages/tracing/test/unit/tracing.service.spec.ts > TracingService > recordException > should record exception on active span inside withSpan
 ✓ packages/tracing/test/unit/tracing.service.spec.ts > TracingService > onModuleDestroy > should shutdown provider
 ✓ packages/tracing/test/unit/tracing.service.spec.ts > TracingService > onModuleDestroy > should handle no provider
 ✓ packages/tracing/test/unit/tracing.service.spec.ts > TracingService > sampling strategies > should use always sampling
 ✓ packages/tracing/test/unit/tracing.service.spec.ts > TracingService > sampling strategies > should use never sampling
 ✓ packages/tracing/test/unit/tracing.service.spec.ts > TracingService > sampling strategies > should use ratio sampling
 ✓ packages/tracing/test/unit/tracing.service.spec.ts > TracingService > sampling strategies > should use parent sampling
 ✓ packages/tracing/test/unit/tracing.service.spec.ts > TracingService > sampling strategies > should fallback to always sampling for unknown strategy
 ✓ packages/tracing/test/unit/tracing.service.spec.ts > TracingService > span kinds > should handle CLIENT span kind
 ✓ packages/tracing/test/unit/tracing.service.spec.ts > TracingService > span kinds > should handle SERVER span kind
 ✓ packages/tracing/test/unit/tracing.service.spec.ts > TracingService > span kinds > should handle PRODUCER span kind
 ✓ packages/tracing/test/unit/tracing.service.spec.ts > TracingService > span kinds > should handle CONSUMER span kind
 ✓ packages/tracing/test/unit/tracing.service.spec.ts > TracingService > span kinds > should handle INTERNAL span kind
 ✓ packages/tracing/test/unit/tracing.service.spec.ts > TracingService > exporter types > should handle jaeger exporter
 ✓ packages/tracing/test/unit/tracing.service.spec.ts > TracingService > exporter types > should handle zipkin exporter
 ✓ packages/tracing/test/unit/tracing.service.spec.ts > TracingService > pluginTracing > should register tracer with version when pluginTracing is true
 ✓ packages/tracing/test/unit/tracing.service.spec.ts > TracingService > pluginTracing > should register tracer without version when pluginTracing is false
[95m[Nest] 35067  - [39m02/20/2026, 10:51:00 AM [95m  DEBUG[39m [38;5;3m[CacheInterceptor] [39m[95mCacheable: checking cache for key: test-key[39m
[95m[Nest] 35067  - [39m02/20/2026, 10:51:00 AM [95m  DEBUG[39m [38;5;3m[CacheInterceptor] [39m[95mCacheable: cache hit for key: test-key[39m
[95m[Nest] 35067  - [39m02/20/2026, 10:51:00 AM [95m  DEBUG[39m [38;5;3m[CacheInterceptor] [39m[95mCacheable: checking cache for key: test-key[39m
[95m[Nest] 35067  - [39m02/20/2026, 10:51:00 AM [95m  DEBUG[39m [38;5;3m[CacheInterceptor] [39m[95mCacheable: cache miss for key: test-key, executing method[39m
[95m[Nest] 35067  - [39m02/20/2026, 10:51:00 AM [95m  DEBUG[39m [38;5;3m[CacheInterceptor] [39m[95mCacheable: cached result for key: test-key[39m
 ✓ packages/cache/test/unit/decorators-cache.interceptor.spec.ts > CacheInterceptor (decorators) > intercept - no decorators > should bypass when no cache decorator found
 ✓ packages/cache/test/unit/decorators-cache.interceptor.spec.ts > CacheInterceptor (decorators) > intercept - @Cacheable > should return cached value on cache hit
[95m[Nest] 35067  - [39m02/20/2026, 10:51:00 AM [95m  DEBUG[39m [38;5;3m[CacheInterceptor] [39m[95mCacheable condition not met, executing method[39m
[95m[Nest] 35067  - [39m02/20/2026, 10:51:00 AM [95m  DEBUG[39m [38;5;3m[CacheInterceptor] [39m[95mCacheable: checking cache for key: custom:arg1[39m
[95m[Nest] 35067  - [39m02/20/2026, 10:51:00 AM [95m  DEBUG[39m [38;5;3m[CacheInterceptor] [39m[95mCacheable: cache hit for key: custom:arg1[39m
[95m[Nest] 35067  - [39m02/20/2026, 10:51:00 AM [95m  DEBUG[39m [38;5;3m[CacheInterceptor] [39m[95mCacheable: checking cache for key: test-key[39m
[95m[Nest] 35067  - [39m02/20/2026, 10:51:00 AM [95m  DEBUG[39m [38;5;3m[CacheInterceptor] [39m[95mCacheable: cache miss for key: test-key, executing method[39m
[95m[Nest] 35067  - [39m02/20/2026, 10:51:00 AM [95m  DEBUG[39m [38;5;3m[CacheInterceptor] [39m[95mCacheable: cached result for key: test-key[39m
 ✓ packages/cache/test/unit/decorators-cache.interceptor.spec.ts > CacheInterceptor (decorators) > intercept - @Cacheable > should execute method and cache result on cache miss
 ✓ packages/cache/test/unit/decorators-cache.interceptor.spec.ts > CacheInterceptor (decorators) > intercept - @Cacheable > should skip caching when condition returns false
 ✓ packages/cache/test/unit/decorators-cache.interceptor.spec.ts > CacheInterceptor (decorators) > intercept - @Cacheable > should use custom key generator
[95m[Nest] 35067  - [39m02/20/2026, 10:51:00 AM [95m  DEBUG[39m [38;5;3m[CacheInterceptor] [39m[95mCacheable: checking cache for key: test-key[39m
[95m[Nest] 35067  - [39m02/20/2026, 10:51:00 AM [95m  DEBUG[39m [38;5;3m[CacheInterceptor] [39m[95mCacheable: cache miss for key: test-key, executing method[39m
[95m[Nest] 35067  - [39m02/20/2026, 10:51:00 AM [95m  DEBUG[39m [38;5;3m[CacheInterceptor] [39m[95mCacheable: cached result for key: test-key[39m
 ✓ packages/cache/test/unit/decorators-cache.interceptor.spec.ts > CacheInterceptor (decorators) > intercept - @Cacheable > should cache with tags
[95m[Nest] 35067  - [39m02/20/2026, 10:51:00 AM [95m  DEBUG[39m [38;5;3m[CacheInterceptor] [39m[95mCacheable: checking cache for key: test-key[39m
[31m[Nest] 35067  - [39m02/20/2026, 10:51:00 AM [31m  ERROR[39m [38;5;3m[CacheInterceptor] [39m[31mCacheable: failed to cache result for key test-key: Cache error[39m
[95m[Nest] 35067  - [39m02/20/2026, 10:51:00 AM [95m  DEBUG[39m [38;5;3m[CacheInterceptor] [39m[95mCacheable: cache miss for key: test-key, executing method[39m
[95m[Nest] 35067  - [39m02/20/2026, 10:51:00 AM [95m  DEBUG[39m [38;5;3m[CacheInterceptor] [39m[95mCachePut: executing method for key: test-key[39m
[95m[Nest] 35067  - [39m02/20/2026, 10:51:00 AM [95m  DEBUG[39m [38;5;3m[CacheInterceptor] [39m[95mCachePut: cached result for key: test-key[39m
[31m[Nest] 35067  - [39m02/20/2026, 10:51:00 AM [31m  ERROR[39m [38;5;3m[CacheInterceptor] [39m[31mCacheable: error processing cache: Invalid cache key "invalid:{missing}": Parameter 'missing' not found in method signature[39m
 ✓ packages/cache/test/unit/decorators-cache.interceptor.spec.ts > CacheInterceptor (decorators) > intercept - @Cacheable > should evaluate dynamic tags function
 ✓ packages/cache/test/unit/decorators-cache.interceptor.spec.ts > CacheInterceptor (decorators) > intercept - @Cacheable > should handle caching error gracefully
 ✓ packages/cache/test/unit/decorators-cache.interceptor.spec.ts > CacheInterceptor (decorators) > intercept - @Cacheable > should handle key generation error by executing method
[95m[Nest] 35067  - [39m02/20/2026, 10:51:00 AM [95m  DEBUG[39m [38;5;3m[CacheInterceptor] [39m[95mCachePut condition not met, executing method without caching[39m
 ✓ packages/cache/test/unit/decorators-cache.interceptor.spec.ts > CacheInterceptor (decorators) > intercept - @CachePut > should execute method and cache result
[95m[Nest] 35067  - [39m02/20/2026, 10:51:00 AM [95m  DEBUG[39m [38;5;3m[CacheInterceptor] [39m[95mCachePut: executing method for key: test-key[39m
[95m[Nest] 35067  - [39m02/20/2026, 10:51:00 AM [95m  DEBUG[39m [38;5;3m[CacheInterceptor] [39m[95mCachePut: skipping null/undefined result for key: test-key[39m
 ✓ packages/cache/test/unit/decorators-cache.interceptor.spec.ts > CacheInterceptor (decorators) > intercept - @CachePut > should skip caching when condition returns false
 ✓ packages/cache/test/unit/key-builder.spec.ts > KeyBuilder > create > should create new instance with default options
 ✓ packages/cache/test/unit/key-builder.spec.ts > KeyBuilder > create > should create instance with custom separator
 ✓ packages/cache/test/unit/key-builder.spec.ts > KeyBuilder > create > should create instance with custom max length
 ✓ packages/cache/test/unit/key-builder.spec.ts > KeyBuilder > create > should create instance with validation disabled
 ✓ packages/cache/test/unit/key-builder.spec.ts > KeyBuilder > create > should create instance with lowercase enabled
 ✓ packages/cache/test/unit/key-builder.spec.ts > KeyBuilder > fromTemplate > should create key from template
 ✓ packages/cache/test/unit/key-builder.spec.ts > KeyBuilder > fromTemplate > should create key with multiple placeholders
 ✓ packages/cache/test/unit/key-builder.spec.ts > KeyBuilder > fromTemplate > should handle numeric params
 ✓ packages/cache/test/unit/key-builder.spec.ts > KeyBuilder > fromTemplate > should throw error when param not found
 ✓ packages/cache/test/unit/key-builder.spec.ts > KeyBuilder > fromTemplate > should throw error when param is null
 ✓ packages/cache/test/unit/key-builder.spec.ts > KeyBuilder > fromTemplate > should throw error when param is undefined
 ✓ packages/cache/test/unit/key-builder.spec.ts > KeyBuilder > fromSegments > should create key from segments array
 ✓ packages/cache/test/unit/key-builder.spec.ts > KeyBuilder > fromSegments > should create key with custom separator
 ✓ packages/cache/test/unit/key-builder.spec.ts > KeyBuilder > fromSegments > should handle single segment
 ✓ packages/cache/test/unit/key-builder.spec.ts > KeyBuilder > namespace > should add namespace as first segment
 ✓ packages/cache/test/unit/key-builder.spec.ts > KeyBuilder > namespace > should support chaining
 ✓ packages/cache/test/unit/key-builder.spec.ts > KeyBuilder > prefix > should add prefix segment
 ✓ packages/cache/test/unit/key-builder.spec.ts > KeyBuilder > version > should add version segment
 ✓ packages/cache/test/unit/key-builder.spec.ts > KeyBuilder > segment > should add string segment
 ✓ packages/cache/test/unit/key-builder.spec.ts > KeyBuilder > segment > should add numeric segment
 ✓ packages/cache/test/unit/key-builder.spec.ts > KeyBuilder > segment > should trim segments
 ✓ packages/cache/test/unit/key-builder.spec.ts > KeyBuilder > segment > should throw error for empty segment
 ✓ packages/cache/test/unit/key-builder.spec.ts > KeyBuilder > segment > should throw error for segment with separator
 ✓ packages/cache/test/unit/key-builder.spec.ts > KeyBuilder > segment > should throw error for segment with curly braces
 ✓ packages/cache/test/unit/key-builder.spec.ts > KeyBuilder > segment > should throw error for segment with spaces
 ✓ packages/cache/test/unit/key-builder.spec.ts > KeyBuilder > segment > should support chaining
 ✓ packages/cache/test/unit/key-builder.spec.ts > KeyBuilder > segments > should add multiple segments
 ✓ packages/cache/test/unit/key-builder.spec.ts > KeyBuilder > segments > should handle mixed string and number segments
 ✓ packages/cache/test/unit/key-builder.spec.ts > KeyBuilder > tag > should add tag prefix and value
 ✓ packages/cache/test/unit/key-builder.spec.ts > KeyBuilder > tag > should support chaining with other segments
 ✓ packages/cache/test/unit/key-builder.spec.ts > KeyBuilder > timestamp > should add current timestamp by default
 ✓ packages/cache/test/unit/key-builder.spec.ts > KeyBuilder > timestamp > should add custom timestamp
 ✓ packages/cache/test/unit/key-builder.spec.ts > KeyBuilder > hash > should add hash segment from object
 ✓ packages/cache/test/unit/key-builder.spec.ts > KeyBuilder > hash > should produce same hash for same object
 ✓ packages/cache/test/unit/key-builder.spec.ts > KeyBuilder > hash > should produce different hash for different objects
 ✓ packages/cache/test/unit/key-builder.spec.ts > KeyBuilder > build > should throw error when no segments
 ✓ packages/cache/test/unit/key-builder.spec.ts > KeyBuilder > build > should validate max length
 ✓ packages/cache/test/unit/key-builder.spec.ts > KeyBuilder > build > should allow building multiple keys from same builder
 ✓ packages/cache/test/unit/key-builder.spec.ts > KeyBuilder > reset > should clear all segments
 ✓ packages/cache/test/unit/key-builder.spec.ts > KeyBuilder > reset > should allow reusing builder
 ✓ packages/cache/test/unit/key-builder.spec.ts > KeyBuilder > reset > should support chaining
 ✓ packages/cache/test/unit/key-builder.spec.ts > KeyBuilder > getSegments > should return array of segments
 ✓ packages/cache/test/unit/key-builder.spec.ts > KeyBuilder > getSegments > should return copy of segments
 ✓ packages/cache/test/unit/key-builder.spec.ts > KeyBuilder > getSegments > should return empty array for new builder
 ✓ packages/cache/test/unit/key-builder.spec.ts > KeyBuilder > complex scenarios > should build multi-level key with namespace
 ✓ packages/cache/test/unit/key-builder.spec.ts > KeyBuilder > complex scenarios > should support custom separators
 ✓ packages/cache/test/unit/key-builder.spec.ts > KeyBuilder > complex scenarios > should enforce lowercase when enabled
 ✓ packages/cache/test/unit/key-builder.spec.ts > KeyBuilder > complex scenarios > should allow invalid chars when validation disabled
 ✓ packages/cache/test/unit/key-builder.spec.ts > KeyBuilder > validation edge cases > should throw for key starting with separator
 ✓ packages/cache/test/unit/key-builder.spec.ts > KeyBuilder > validation edge cases > should throw for key ending with separator
 ✓ packages/cache/test/unit/key-builder.spec.ts > KeyBuilder > validation edge cases > should throw for consecutive separators
[95m[Nest] 35067  - [39m02/20/2026, 10:51:00 AM [95m  DEBUG[39m [38;5;3m[CacheInterceptor] [39m[95mCachePut: executing method for key: test-key[39m
[95m[Nest] 35067  - [39m02/20/2026, 10:51:00 AM [95m  DEBUG[39m [38;5;3m[CacheInterceptor] [39m[95mCachePut: cached result for key: test-key[39m
 ✓ packages/cache/test/unit/decorators-cache.interceptor.spec.ts > CacheInterceptor (decorators) > intercept - @CachePut > should skip caching null value when cacheNullValues is false
[95m[Nest] 35067  - [39m02/20/2026, 10:51:00 AM [95m  DEBUG[39m [38;5;3m[CacheInterceptor] [39m[95mCachePut: executing method for key: test-key[39m
[95m[Nest] 35067  - [39m02/20/2026, 10:51:00 AM [95m  DEBUG[39m [38;5;3m[CacheInterceptor] [39m[95mCachePut: skipping null/undefined result for key: test-key[39m
 ✓ packages/cache/test/unit/decorators-cache.interceptor.spec.ts > CacheInterceptor (decorators) > intercept - @CachePut > should cache null value when cacheNullValues is true
[95m[Nest] 35067  - [39m02/20/2026, 10:51:00 AM [95m  DEBUG[39m [38;5;3m[CacheInterceptor] [39m[95mCacheEvict: evicting keys: key1, key2[39m
 ✓ packages/cache/test/unit/decorators-cache.interceptor.spec.ts > CacheInterceptor (decorators) > intercept - @CachePut > should skip caching undefined value
[95m[Nest] 35067  - [39m02/20/2026, 10:51:00 AM [95m  DEBUG[39m [38;5;3m[CacheInterceptor] [39m[95mCacheEvict: evicting keys: key1[39m
[95m[Nest] 35067  - [39m02/20/2026, 10:51:00 AM [95m  DEBUG[39m [38;5;3m[CacheInterceptor] [39m[95mCacheEvict: clearing all cache entries[39m
 ✓ packages/cache/test/unit/decorators-cache.interceptor.spec.ts > CacheInterceptor (decorators) > intercept - @CacheEvict > should evict keys after method execution
 ✓ packages/cache/test/unit/decorators-cache.interceptor.spec.ts > CacheInterceptor (decorators) > intercept - @CacheEvict > should evict keys before method execution when specified
[95m[Nest] 35067  - [39m02/20/2026, 10:51:00 AM [95m  DEBUG[39m [38;5;3m[CacheInterceptor] [39m[95mCacheEvict: invalidating tags: tag1, tag2[39m
 ✓ packages/cache/test/unit/decorators-cache.interceptor.spec.ts > CacheInterceptor (decorators) > intercept - @CacheEvict > should clear all entries when allEntries is true
[95m[Nest] 35067  - [39m02/20/2026, 10:51:00 AM [95m  DEBUG[39m [38;5;3m[CacheInterceptor] [39m[95mCacheEvict condition not met, executing method without eviction[39m
[95m[Nest] 35067  - [39m02/20/2026, 10:51:00 AM [95m  DEBUG[39m [38;5;3m[CacheInterceptor] [39m[95mCacheEvict: evicting keys: user:*[39m
[33m[Nest] 35067  - [39m02/20/2026, 10:51:00 AM [33m   WARN[39m [38;5;3m[CacheInterceptor] [39m[33mCacheEvict: wildcard keys not supported: user:*. Use tags instead.[39m
 ✓ packages/cache/test/unit/decorators-cache.interceptor.spec.ts > CacheInterceptor (decorators) > intercept - @CacheEvict > should invalidate tags
 ✓ packages/cache/test/unit/decorators-cache.interceptor.spec.ts > CacheInterceptor (decorators) > intercept - @CacheEvict > should skip eviction when condition returns false
[95m[Nest] 35067  - [39m02/20/2026, 10:51:00 AM [95m  DEBUG[39m [38;5;3m[CacheInterceptor] [39m[95mCacheEvict: evicting keys: custom:key1, custom:key2[39m
 ✓ packages/cache/test/unit/decorators-cache.interceptor.spec.ts > CacheInterceptor (decorators) > intercept - @CacheEvict > should warn about wildcard keys
 ✓ packages/cache/test/unit/tag-index.repository.spec.ts > TagIndexRepository > addKeyToTags > should add key to multiple tags
 ✓ packages/cache/test/unit/tag-index.repository.spec.ts > TagIndexRepository > addKeyToTags > should handle empty tags array
 ✓ packages/cache/test/unit/tag-index.repository.spec.ts > TagIndexRepository > addKeyToTags > should add key to single tag
 ✓ packages/cache/test/unit/tag-index.repository.spec.ts > TagIndexRepository > addKeyToTags > should use configured tag prefix
 ✓ packages/cache/test/unit/tag-index.repository.spec.ts > TagIndexRepository > addKeyToTags > should use configured tag TTL
 ✓ packages/cache/test/unit/tag-index.repository.spec.ts > TagIndexRepository > addKeyToTags > should throw TagInvalidationError on Redis failure
 ✓ packages/cache/test/unit/tag-index.repository.spec.ts > TagIndexRepository > removeKeyFromTags > should remove key from multiple tags
 ✓ packages/cache/test/unit/tag-index.repository.spec.ts > TagIndexRepository > removeKeyFromTags > should handle empty tags array
 ✓ packages/cache/test/unit/tag-index.repository.spec.ts > TagIndexRepository > removeKeyFromTags > should remove key from single tag
 ✓ packages/cache/test/unit/tag-index.repository.spec.ts > TagIndexRepository > removeKeyFromTags > should throw TagInvalidationError on Redis failure
 ✓ packages/cache/test/unit/tag-index.repository.spec.ts > TagIndexRepository > getKeysByTag > should return keys for tag
 ✓ packages/cache/test/unit/tag-index.repository.spec.ts > TagIndexRepository > getKeysByTag > should return empty array when tag has no keys
 ✓ packages/cache/test/unit/tag-index.repository.spec.ts > TagIndexRepository > getKeysByTag > should throw TagInvalidationError on Redis failure
 ✓ packages/cache/test/unit/tag-index.repository.spec.ts > TagIndexRepository > invalidateTag > should delete all keys for tag
 ✓ packages/cache/test/unit/tag-index.repository.spec.ts > TagIndexRepository > invalidateTag > should return 0 when tag has no keys
 ✓ packages/cache/test/unit/tag-index.repository.spec.ts > TagIndexRepository > invalidateTag > should handle large batch of keys
 ✓ packages/cache/test/unit/tag-index.repository.spec.ts > TagIndexRepository > invalidateTag > should delete tag set after deleting keys
 ✓ packages/cache/test/unit/tag-index.repository.spec.ts > TagIndexRepository > invalidateTag > should throw TagInvalidationError on Redis failure
 ✓ packages/cache/test/unit/tag-index.repository.spec.ts > TagIndexRepository > invalidateTags > should invalidate multiple tags
 ✓ packages/cache/test/unit/tag-index.repository.spec.ts > TagIndexRepository > invalidateTags > should return 0 for empty tags array
 ✓ packages/cache/test/unit/tag-index.repository.spec.ts > TagIndexRepository > invalidateTags > should sum invalidated keys across tags
 ✓ packages/cache/test/unit/tag-index.repository.spec.ts > TagIndexRepository > invalidateTags > should throw TagInvalidationError on failure
 ✓ packages/cache/test/unit/tag-index.repository.spec.ts > TagIndexRepository > clearAllTags > should delete all tag keys
 ✓ packages/cache/test/unit/tag-index.repository.spec.ts > TagIndexRepository > clearAllTags > should handle no tags
 ✓ packages/cache/test/unit/tag-index.repository.spec.ts > TagIndexRepository > clearAllTags > should scan all keys using cursor
 ✓ packages/cache/test/unit/tag-index.repository.spec.ts > TagIndexRepository > clearAllTags > should handle large batch of tags
 ✓ packages/cache/test/unit/tag-index.repository.spec.ts > TagIndexRepository > clearAllTags > should throw TagInvalidationError on scan failure
 ✓ packages/cache/test/unit/tag-index.repository.spec.ts > TagIndexRepository > getTagStats > should return stats for existing tag
 ✓ packages/cache/test/unit/tag-index.repository.spec.ts > TagIndexRepository > getTagStats > should return zero stats for non-existent tag
 ✓ packages/cache/test/unit/tag-index.repository.spec.ts > TagIndexRepository > getTagStats > should return safe defaults on error
 ✓ packages/cache/test/unit/tag-index.repository.spec.ts > TagIndexRepository > default configuration > should use default tag prefix when not configured
 ✓ packages/cache/test/unit/tag-index.repository.spec.ts > TagIndexRepository > default configuration > should use default L2 prefix when not configured
[95m[Nest] 35067  - [39m02/20/2026, 10:51:00 AM [95m  DEBUG[39m [38;5;3m[CacheInterceptor] [39m[95mCacheEvict: evicting keys: key1[39m
[31m[Nest] 35067  - [39m02/20/2026, 10:51:00 AM [31m  ERROR[39m [38;5;3m[CacheInterceptor] [39m[31mCacheEvict: error evicting cache: Eviction error[39m
[95m[Nest] 35067  - [39m02/20/2026, 10:51:00 AM [95m  DEBUG[39m [38;5;3m[CacheInterceptor] [39m[95mCachePut: executing method for key: test-key[39m
[31m[Nest] 35067  - [39m02/20/2026, 10:51:00 AM [31m  ERROR[39m [38;5;3m[CacheInterceptor] [39m[31mCachePut: failed to cache result for key test-key: Cache processing error[39m
 ✓ packages/cache/test/unit/decorators-cache.interceptor.spec.ts > CacheInterceptor (decorators) > intercept - @CacheEvict > should use custom key generator for eviction
 ✓ packages/cache/test/unit/decorators-cache.interceptor.spec.ts > CacheInterceptor (decorators) > intercept - @CacheEvict > should handle eviction errors gracefully
 ✓ packages/cache/test/unit/decorators-cache.interceptor.spec.ts > CacheInterceptor (decorators) > intercept - @CachePut error handling > should handle cache processing errors gracefully
[95m[Nest] 35067  - [39m02/20/2026, 10:51:01 AM [95m  DEBUG[39m [38;5;3m[PluginRegistryService] [39m[95mCalling onRegister for plugin "plugin-a"[39m
[95m[Nest] 35067  - [39m02/20/2026, 10:51:01 AM [95m  DEBUG[39m [38;5;3m[PluginRegistryService] [39m[95mCalling onRegister for plugin "plugin-b"[39m
[95m[Nest] 35067  - [39m02/20/2026, 10:51:01 AM [95m  DEBUG[39m [38;5;3m[PluginRegistryService] [39m[95mCalling onModuleInit for plugin "plugin-a"[39m
[95m[Nest] 35067  - [39m02/20/2026, 10:51:01 AM [95m  DEBUG[39m [38;5;3m[PluginRegistryService] [39m[95mCalling onModuleInit for plugin "plugin-b"[39m
[95m[Nest] 35067  - [39m02/20/2026, 10:51:01 AM [95m  DEBUG[39m [38;5;3m[PluginRegistryService] [39m[95mCalling onRegister for plugin "plugin-a"[39m
[95m[Nest] 35067  - [39m02/20/2026, 10:51:01 AM [95m  DEBUG[39m [38;5;3m[PluginRegistryService] [39m[95mCalling onRegister for plugin "plugin-b"[39m
[95m[Nest] 35067  - [39m02/20/2026, 10:51:01 AM [95m  DEBUG[39m [38;5;3m[PluginRegistryService] [39m[95mCalling onModuleInit for plugin "plugin-a"[39m
[95m[Nest] 35067  - [39m02/20/2026, 10:51:01 AM [95m  DEBUG[39m [38;5;3m[PluginRegistryService] [39m[95mCalling onModuleInit for plugin "plugin-b"[39m
[95m[Nest] 35067  - [39m02/20/2026, 10:51:01 AM [95m  DEBUG[39m [38;5;3m[PluginRegistryService] [39m[95mCalling onRegister for plugin "with-hooks"[39m
[95m[Nest] 35067  - [39m02/20/2026, 10:51:01 AM [95m  DEBUG[39m [38;5;3m[PluginRegistryService] [39m[95mCalling onModuleInit for plugin "with-hooks"[39m
[95m[Nest] 35067  - [39m02/20/2026, 10:51:01 AM [95m  DEBUG[39m [38;5;3m[PluginRegistryService] [39m[95mCalling onRegister for plugin "test-plugin"[39m
[95m[Nest] 35067  - [39m02/20/2026, 10:51:01 AM [95m  DEBUG[39m [38;5;3m[PluginRegistryService] [39m[95mCalling onRegister for plugin "plugin-b"[39m
[95m[Nest] 35067  - [39m02/20/2026, 10:51:01 AM [95m  DEBUG[39m [38;5;3m[PluginRegistryService] [39m[95mCalling onModuleDestroy for plugin "plugin-b"[39m
[95m[Nest] 35067  - [39m02/20/2026, 10:51:01 AM [95m  DEBUG[39m [38;5;3m[PluginRegistryService] [39m[95mCalling onModuleDestroy for plugin "plugin-a"[39m
[95m[Nest] 35067  - [39m02/20/2026, 10:51:01 AM [95m  DEBUG[39m [38;5;3m[PluginRegistryService] [39m[95mCalling onModuleDestroy for plugin "with-destroy"[39m
[95m[Nest] 35067  - [39m02/20/2026, 10:51:01 AM [95m  DEBUG[39m [38;5;3m[PluginRegistryService] [39m[95mCalling onRegister for plugin "plugin-a"[39m
[95m[Nest] 35067  - [39m02/20/2026, 10:51:01 AM [95m  DEBUG[39m [38;5;3m[PluginRegistryService] [39m[95mCalling onRegister for plugin "plugin-b"[39m
[95m[Nest] 35067  - [39m02/20/2026, 10:51:01 AM [95m  DEBUG[39m [38;5;3m[PluginRegistryService] [39m[95mCalling onModuleDestroy for plugin "plugin-b"[39m
[95m[Nest] 35067  - [39m02/20/2026, 10:51:01 AM [95m  DEBUG[39m [38;5;3m[PluginRegistryService] [39m[95mCalling onModuleDestroy for plugin "plugin-a"[39m
[95m[Nest] 35067  - [39m02/20/2026, 10:51:01 AM [95m  DEBUG[39m [38;5;3m[PluginRegistryService] [39m[95mCalling onRegister for plugin "test"[39m
[95m[Nest] 35067  - [39m02/20/2026, 10:51:01 AM [95m  DEBUG[39m [38;5;3m[PluginRegistryService] [39m[95mCalling onRegister for plugin "plugin-b"[39m
[95m[Nest] 35067  - [39m02/20/2026, 10:51:01 AM [95m  DEBUG[39m [38;5;3m[PluginRegistryService] [39m[95mCalling onRegister for plugin "test"[39m
[95m[Nest] 35067  - [39m02/20/2026, 10:51:01 AM [95m  DEBUG[39m [38;5;3m[PluginRegistryService] [39m[95mCalling onRegister for plugin "test"[39m
[95m[Nest] 35067  - [39m02/20/2026, 10:51:01 AM [95m  DEBUG[39m [38;5;3m[PluginRegistryService] [39m[95mCalling onRegister for plugin "test"[39m
 ✓ packages/core/test/unit/plugin-registry.service.spec.ts > PluginRegistryService > onModuleInit > should call onRegister on all plugins
 ✓ packages/core/test/unit/plugin-registry.service.spec.ts > PluginRegistryService > onModuleInit > should call onModuleInit on all plugins
 ✓ packages/core/test/unit/plugin-registry.service.spec.ts > PluginRegistryService > onModuleInit > should call onRegister before onModuleInit
 ✓ packages/core/test/unit/plugin-registry.service.spec.ts > PluginRegistryService > onModuleInit > should skip plugins without hooks
 ✓ packages/core/test/unit/plugin-registry.service.spec.ts > PluginRegistryService > onModuleInit > should work with empty plugins array
 ✓ packages/core/test/unit/plugin-registry.service.spec.ts > PluginRegistryService > onModuleInit > should pass IPluginContext to hooks
 ✓ packages/core/test/unit/plugin-registry.service.spec.ts > PluginRegistryService > onModuleInit > should provide working getPlugin and hasPlugin in context
 ✓ packages/core/test/unit/plugin-registry.service.spec.ts > PluginRegistryService > onModuleDestroy > should call onModuleDestroy on all plugins in reverse order
 ✓ packages/core/test/unit/plugin-registry.service.spec.ts > PluginRegistryService > onModuleDestroy > should work with empty plugins array
 ✓ packages/core/test/unit/plugin-registry.service.spec.ts > PluginRegistryService > onModuleDestroy > should skip plugins without onModuleDestroy
 ✓ packages/core/test/unit/plugin-registry.service.spec.ts > PluginRegistryService > sortByDependencies > should respect dependency order (B depends on A → A first)
 ✓ packages/core/test/unit/plugin-registry.service.spec.ts > PluginRegistryService > sortByDependencies > should handle chain dependencies (C → B → A)
 ✓ packages/core/test/unit/plugin-registry.service.spec.ts > PluginRegistryService > sortByDependencies > should throw on circular dependencies
 ✓ packages/core/test/unit/plugin-registry.service.spec.ts > PluginRegistryService > sortByDependencies > should throw on missing dependency
 ✓ packages/core/test/unit/plugin-registry.service.spec.ts > PluginRegistryService > sortByDependencies > should preserve original order for plugins without dependencies
 ✓ packages/core/test/unit/plugin-registry.service.spec.ts > PluginRegistryService > sortByDependencies > should return copy for single plugin
 ✓ packages/core/test/unit/plugin-registry.service.spec.ts > PluginRegistryService > sortByDependencies > should return empty array for empty input
 ✓ packages/core/test/unit/plugin-registry.service.spec.ts > PluginRegistryService > sortByDependencies > should handle diamond dependencies (D → B,C → A)
 ✓ packages/core/test/unit/plugin-registry.service.spec.ts > PluginRegistryService > onModuleDestroy with dependencies > should destroy in reverse dependency order
 ✓ packages/core/test/unit/plugin-registry.service.spec.ts > PluginRegistryService > context config > should include global config from module options
 ✓ packages/core/test/unit/plugin-registry.service.spec.ts > PluginRegistryService > context config > should include plugins list in config
 ✓ packages/core/test/unit/plugin-registry.service.spec.ts > PluginRegistryService > context clientManager > should delegate hasClient to real client manager
 ✓ packages/core/test/unit/plugin-registry.service.spec.ts > PluginRegistryService > context clientManager > should delegate getClient to real client manager
 ✓ packages/core/test/unit/plugin-registry.service.spec.ts > PluginRegistryService > context clientManager > should delegate getClientNames to real client manager
[32m[Nest] 35067  - [39m02/20/2026, 10:51:01 AM [32m    LOG[39m [38;5;3m[EventInvalidationService] [39m[32mEvent invalidation initialized with internal source[39m
[31m[Nest] 35067  - [39m02/20/2026, 10:51:01 AM [31m  ERROR[39m [38;5;3m[EventInvalidationService] [39m[31mFailed to process event "user.updated":[39m
[32m[Nest] 35067  - [39m02/20/2026, 10:51:01 AM [32m    LOG[39m [38;5;3m[EventInvalidationService] [39m[32mEvent invalidation initialized with internal source[39m
[95m[Nest] 35067  - [39m02/20/2026, 10:51:01 AM [95m  DEBUG[39m [38;5;3m[EventInvalidationService] [39m[95mSkipping duplicate event "user.updated"[39m
[95m[Nest] 35067  - [39m02/20/2026, 10:51:01 AM [95m  DEBUG[39m [38;5;3m[EventInvalidationService] [39m[95mNo matching rules for event "user.updated"[39m
[95m[Nest] 35067  - [39m02/20/2026, 10:51:01 AM [95m  DEBUG[39m [38;5;3m[EventInvalidationService] [39m[95mInvalidating tags: users, user:123 for event "user.updated"[39m
[32m[Nest] 35067  - [39m02/20/2026, 10:51:01 AM [32m    LOG[39m [38;5;3m[EventInvalidationService] [39m[32mProcessed event "user.updated": invalidated 2 tags, 0 keys, deleted 5 cache entries (0ms)[39m
[95m[Nest] 35067  - [39m02/20/2026, 10:51:01 AM [95m  DEBUG[39m [38;5;3m[EventInvalidationService] [39m[95mInvalidating keys: user:123, user:123:profile for event "user.updated"[39m
[32m[Nest] 35067  - [39m02/20/2026, 10:51:01 AM [32m    LOG[39m [38;5;3m[EventInvalidationService] [39m[32mProcessed event "user.updated": invalidated 0 tags, 2 keys, deleted 2 cache entries (0ms)[39m
[95m[Nest] 35067  - [39m02/20/2026, 10:51:01 AM [95m  DEBUG[39m [38;5;3m[EventInvalidationService] [39m[95mInvalidating tags: users for event "user.deleted"[39m
[95m[Nest] 35067  - [39m02/20/2026, 10:51:01 AM [95m  DEBUG[39m [38;5;3m[EventInvalidationService] [39m[95mInvalidating keys: user:123 for event "user.deleted"[39m
[32m[Nest] 35067  - [39m02/20/2026, 10:51:01 AM [32m    LOG[39m [38;5;3m[EventInvalidationService] [39m[32mProcessed event "user.deleted": invalidated 1 tags, 1 keys, deleted 4 cache entries (0ms)[39m
[95m[Nest] 35067  - [39m02/20/2026, 10:51:01 AM [95m  DEBUG[39m [38;5;3m[EventInvalidationService] [39m[95mInvalidating tags: users for event "user.updated"[39m
[32m[Nest] 35067  - [39m02/20/2026, 10:51:01 AM [32m    LOG[39m [38;5;3m[EventInvalidationService] [39m[32mProcessed event "user.updated": invalidated 1 tags, 0 keys, deleted 0 cache entries (0ms)[39m
[95m[Nest] 35067  - [39m02/20/2026, 10:51:01 AM [95m  DEBUG[39m [38;5;3m[EventInvalidationService] [39m[95mInvalidating tags: users for event "user.updated"[39m
[32m[Nest] 35067  - [39m02/20/2026, 10:51:01 AM [32m    LOG[39m [38;5;3m[EventInvalidationService] [39m[32mProcessed event "user.updated": invalidated 1 tags, 0 keys, deleted 0 cache entries (0ms)[39m
[95m[Nest] 35067  - [39m02/20/2026, 10:51:01 AM [95m  DEBUG[39m [38;5;3m[EventInvalidationService] [39m[95mInvalidating tags: users for event "user.updated"[39m
[32m[Nest] 35067  - [39m02/20/2026, 10:51:01 AM [32m    LOG[39m [38;5;3m[EventInvalidationService] [39m[32mProcessed event "user.updated": invalidated 1 tags, 0 keys, deleted 0 cache entries (0ms)[39m
[95m[Nest] 35067  - [39m02/20/2026, 10:51:01 AM [95m  DEBUG[39m [38;5;3m[EventInvalidationService] [39m[95mInvalidating tags: users for event "user.updated"[39m
[95m[Nest] 35067  - [39m02/20/2026, 10:51:01 AM [95m  DEBUG[39m [38;5;3m[EventInvalidationService] [39m[95mInvalidating tags: users for event "user.updated"[39m
[33m[Nest] 35067  - [39m02/20/2026, 10:51:01 AM [33m   WARN[39m [38;5;3m[EventInvalidationService] [39m[33mDeduplication check failed:[39m
[33m[Nest] 35067  - [39m02/20/2026, 10:51:01 AM [33m   WARN[39m [38;5;3m[EventInvalidationService] [39m[33mError: Redis error[39m
[95m[Nest] 35067  - [39m02/20/2026, 10:51:01 AM [95m  DEBUG[39m [38;5;3m[EventInvalidationService] [39m[95mInvalidating tags: users for event "user.updated"[39m
[32m[Nest] 35067  - [39m02/20/2026, 10:51:01 AM [32m    LOG[39m [38;5;3m[EventInvalidationService] [39m[32mProcessed event "user.updated": invalidated 1 tags, 0 keys, deleted 0 cache entries (0ms)[39m
[95m[Nest] 35067  - [39m02/20/2026, 10:51:01 AM [95m  DEBUG[39m [38;5;3m[EventInvalidationService] [39m[95mInvalidating tags: users for event "user.updated"[39m
[33m[Nest] 35067  - [39m02/20/2026, 10:51:01 AM [33m   WARN[39m [38;5;3m[EventInvalidationService] [39m[33mFailed to mark event as processed:[39m
[33m[Nest] 35067  - [39m02/20/2026, 10:51:01 AM [33m   WARN[39m [38;5;3m[EventInvalidationService] [39m[33mError: Redis error[39m
[32m[Nest] 35067  - [39m02/20/2026, 10:51:01 AM [32m    LOG[39m [38;5;3m[EventInvalidationService] [39m[32mProcessed event "user.updated": invalidated 1 tags, 0 keys, deleted 0 cache entries (0ms)[39m
[95m[Nest] 35067  - [39m02/20/2026, 10:51:01 AM [95m  DEBUG[39m [38;5;3m[EventInvalidationService] [39m[95mInvalidating tags: users for event "user.updated"[39m
[32m[Nest] 35067  - [39m02/20/2026, 10:51:01 AM [32m    LOG[39m [38;5;3m[EventInvalidationService] [39m[32mProcessed event "user.updated": invalidated 1 tags, 0 keys, deleted 0 cache entries (0ms)[39m
[32m[Nest] 35067  - [39m02/20/2026, 10:51:01 AM [32m    LOG[39m [38;5;3m[EventInvalidationService] [39m[32mEvent invalidation initialized with internal source[39m
[95m[Nest] 35067  - [39m02/20/2026, 10:51:01 AM [95m  DEBUG[39m [38;5;3m[EventInvalidationService] [39m[95mInvalidating tags: users for event "user.updated"[39m
[32m[Nest] 35067  - [39m02/20/2026, 10:51:01 AM [32m    LOG[39m [38;5;3m[EventInvalidationService] [39m[32mProcessed event "user.updated": invalidated 1 tags, 0 keys, deleted 0 cache entries (0ms)[39m
[31m[Nest] 35067  - [39m02/20/2026, 10:51:01 AM [31m  ERROR[39m [38;5;3m[EventInvalidationService] [39m[31mError: Cache error[39m
[31m[Nest] 35067  - [39m02/20/2026, 10:51:01 AM [31m  ERROR[39m [38;5;3m[EventInvalidationService] [39m[31mFailed to process event "user.updated":[39m
[31m[Nest] 35067  - [39m02/20/2026, 10:51:01 AM [31m  ERROR[39m [38;5;3m[EventInvalidationService] [39m[31mError: Cache error[39m
[31m[Nest] 35067  - [39m02/20/2026, 10:51:01 AM [31m  ERROR[39m [38;5;3m[EventInvalidationService] [39m[31mInvalidation handler error:[39m
[31m[Nest] 35067  - [39m02/20/2026, 10:51:01 AM [31m  ERROR[39m [38;5;3m[EventInvalidationService] [39m[31mError: Handler error[39m
 ✓ packages/cache/test/unit/event-invalidation.service.spec.ts > EventInvalidationService > onModuleInit > should setup internal source when configured
 ✓ packages/cache/test/unit/event-invalidation.service.spec.ts > EventInvalidationService > onModuleInit > should use default source when not configured
 ✓ packages/cache/test/unit/event-invalidation.service.spec.ts > EventInvalidationService > processEvent > should skip duplicate events
 ✓ packages/cache/test/unit/event-invalidation.service.spec.ts > EventInvalidationService > processEvent > should skip when no matching rules
 ✓ packages/cache/test/unit/event-invalidation.service.spec.ts > EventInvalidationService > processEvent > should invalidate tags when rules match
 ✓ packages/cache/test/unit/event-invalidation.service.spec.ts > EventInvalidationService > processEvent > should invalidate keys when rules match
 ✓ packages/cache/test/unit/event-invalidation.service.spec.ts > EventInvalidationService > processEvent > should invalidate both tags and keys
 ✓ packages/cache/test/unit/event-invalidation.service.spec.ts > EventInvalidationService > processEvent > should mark event as processed
 ✓ packages/cache/test/unit/event-invalidation.service.spec.ts > EventInvalidationService > processEvent > should include duration in result
 ✓ packages/cache/test/unit/event-invalidation.service.spec.ts > EventInvalidationService > processEvent > should notify handlers after processing
 ✓ packages/cache/test/unit/event-invalidation.service.spec.ts > EventInvalidationService > processEvent > should handle errors from invalidation
 ✓ packages/cache/test/unit/event-invalidation.service.spec.ts > EventInvalidationService > processEvent > should not mark as processed on error
 ✓ packages/cache/test/unit/event-invalidation.service.spec.ts > EventInvalidationService > processEvent > should continue processing if deduplication check fails
 ✓ packages/cache/test/unit/event-invalidation.service.spec.ts > EventInvalidationService > processEvent > should continue if marking as processed fails
 ✓ packages/cache/test/unit/event-invalidation.service.spec.ts > EventInvalidationService > processEvent > should handle handler errors gracefully
[32m[Nest] 35067  - [39m02/20/2026, 10:51:01 AM [32m    LOG[39m [38;5;3m[EventInvalidationService] [39m[32mEvent invalidation initialized with internal source[39m
[95m[Nest] 35067  - [39m02/20/2026, 10:51:01 AM [95m  DEBUG[39m [38;5;3m[EventInvalidationService] [39m[95mNo matching rules for event "user.updated"[39m
[95m[Nest] 35067  - [39m02/20/2026, 10:51:01 AM [95m  DEBUG[39m [38;5;3m[EventInvalidationService] [39m[95mInvalidating tags: users for event "test"[39m
[32m[Nest] 35067  - [39m02/20/2026, 10:51:01 AM [32m    LOG[39m [38;5;3m[EventInvalidationService] [39m[32mProcessed event "test": invalidated 1 tags, 0 keys, deleted 0 cache entries (1ms)[39m
[95m[Nest] 35067  - [39m02/20/2026, 10:51:01 AM [95m  DEBUG[39m [38;5;3m[EventInvalidationService] [39m[95mInvalidating tags: users for event "test"[39m
[32m[Nest] 35067  - [39m02/20/2026, 10:51:01 AM [32m    LOG[39m [38;5;3m[EventInvalidationService] [39m[32mProcessed event "test": invalidated 1 tags, 0 keys, deleted 0 cache entries (0ms)[39m
[95m[Nest] 35067  - [39m02/20/2026, 10:51:01 AM [95m  DEBUG[39m [38;5;3m[EventInvalidationService] [39m[95mInvalidating tags: users for event "user.updated"[39m
[32m[Nest] 35067  - [39m02/20/2026, 10:51:01 AM [32m    LOG[39m [38;5;3m[EventInvalidationService] [39m[32mProcessed event "user.updated": invalidated 1 tags, 0 keys, deleted 0 cache entries (0ms)[39m
[95m[Nest] 35067  - [39m02/20/2026, 10:51:01 AM [95m  DEBUG[39m [38;5;3m[EventInvalidationService] [39m[95mNo matching rules for event "user.updated"[39m
[95m[Nest] 35067  - [39m02/20/2026, 10:51:01 AM [95m  DEBUG[39m [38;5;3m[EventInvalidationService] [39m[95mNo matching rules for event "user.updated"[39m
[95m[Nest] 35067  - [39m02/20/2026, 10:51:01 AM [95m  DEBUG[39m [38;5;3m[EventInvalidationService] [39m[95mNo matching rules for event "user.updated"[39m
[95m[Nest] 35067  - [39m02/20/2026, 10:51:01 AM [95m  DEBUG[39m [38;5;3m[EventInvalidationService] [39m[95mNo matching rules for event "user.updated"[39m
[95m[Nest] 35067  - [39m02/20/2026, 10:51:01 AM [95m  DEBUG[39m [38;5;3m[EventInvalidationService] [39m[95mInvalidating tags: users for event "test"[39m
[32m[Nest] 35067  - [39m02/20/2026, 10:51:01 AM [32m    LOG[39m [38;5;3m[EventInvalidationService] [39m[32mProcessed event "test": invalidated 1 tags, 0 keys, deleted 0 cache entries (0ms)[39m
[95m[Nest] 35067  - [39m02/20/2026, 10:51:01 AM [95m  DEBUG[39m [38;5;3m[EventInvalidationService] [39m[95mInvalidating tags: users for event "test"[39m
[32m[Nest] 35067  - [39m02/20/2026, 10:51:01 AM [32m    LOG[39m [38;5;3m[EventInvalidationService] [39m[32mProcessed event "test": invalidated 1 tags, 0 keys, deleted 0 cache entries (0ms)[39m
 ✓ packages/cache/test/unit/event-invalidation.service.spec.ts > EventInvalidationService > emit > should emit event to internal source
 ✓ packages/cache/test/unit/event-invalidation.service.spec.ts > EventInvalidationService > emit > should not throw on emit error
 ✓ packages/cache/test/unit/event-invalidation.service.spec.ts > EventInvalidationService > subscribe > should add handler
 ✓ packages/cache/test/unit/event-invalidation.service.spec.ts > EventInvalidationService > subscribe > should return unsubscribe function
 ✓ packages/cache/test/unit/event-invalidation.service.spec.ts > EventInvalidationService > subscribe > should call multiple handlers
 ✓ packages/cache/test/unit/event-invalidation.service.spec.ts > EventInvalidationService > subscribe > should pass correct arguments to handler
 ✓ packages/cache/test/unit/event-invalidation.service.spec.ts > EventInvalidationService > deduplication > should generate same event ID for same event and payload
 ✓ packages/cache/test/unit/event-invalidation.service.spec.ts > EventInvalidationService > deduplication > should generate different event IDs for different payloads
 ✓ packages/cache/test/unit/event-invalidation.service.spec.ts > EventInvalidationService > deduplication > should use configured deduplication TTL
 ✓ packages/cache/test/unit/event-invalidation.service.spec.ts > EventInvalidationService > deduplication > should use default TTL when not configured
 ✓ packages/metrics/test/unit/metrics.service.spec.ts > MetricsService > onModuleInit > should register standard metrics when enabled
 ✓ packages/metrics/test/unit/metrics.service.spec.ts > MetricsService > onModuleInit > should not register metrics when disabled
 ✓ packages/metrics/test/unit/metrics.service.spec.ts > MetricsService > registerCounter > should register counter metric
 ✓ packages/metrics/test/unit/metrics.service.spec.ts > MetricsService > registerCounter > should register counter with labels
 ✓ packages/metrics/test/unit/metrics.service.spec.ts > MetricsService > registerCounter > should throw on duplicate registration
 ✓ packages/metrics/test/unit/metrics.service.spec.ts > MetricsService > registerCounter > should do nothing when disabled
 ✓ packages/metrics/test/unit/metrics.service.spec.ts > MetricsService > registerHistogram > should register histogram metric
 ✓ packages/metrics/test/unit/metrics.service.spec.ts > MetricsService > registerHistogram > should register histogram with custom buckets
 ✓ packages/metrics/test/unit/metrics.service.spec.ts > MetricsService > registerHistogram > should throw on duplicate registration
 ✓ packages/metrics/test/unit/metrics.service.spec.ts > MetricsService > registerGauge > should register gauge metric
 ✓ packages/metrics/test/unit/metrics.service.spec.ts > MetricsService > registerGauge > should register gauge with labels
 ✓ packages/metrics/test/unit/metrics.service.spec.ts > MetricsService > incrementCounter > should increment counter
 ✓ packages/metrics/test/unit/metrics.service.spec.ts > MetricsService > incrementCounter > should increment counter with labels
 ✓ packages/metrics/test/unit/metrics.service.spec.ts > MetricsService > incrementCounter > should do nothing for non-existent counter
 ✓ packages/metrics/test/unit/metrics.service.spec.ts > MetricsService > incrementCounter > should do nothing when disabled
 ✓ packages/metrics/test/unit/metrics.service.spec.ts > MetricsService > observeHistogram > should observe histogram value
 ✓ packages/metrics/test/unit/metrics.service.spec.ts > MetricsService > observeHistogram > should observe histogram value with labels
 ✓ packages/metrics/test/unit/metrics.service.spec.ts > MetricsService > observeHistogram > should do nothing for non-existent histogram
 ✓ packages/metrics/test/unit/metrics.service.spec.ts > MetricsService > startTimer > should return timer function
 ✓ packages/metrics/test/unit/metrics.service.spec.ts > MetricsService > startTimer > should work with labels
 ✓ packages/metrics/test/unit/metrics.service.spec.ts > MetricsService > startTimer > should return no-op function for non-existent histogram
 ✓ packages/metrics/test/unit/metrics.service.spec.ts > MetricsService > startTimer > should return no-op function when disabled
 ✓ packages/metrics/test/unit/metrics.service.spec.ts > MetricsService > setGauge > should set gauge value
 ✓ packages/metrics/test/unit/metrics.service.spec.ts > MetricsService > setGauge > should set gauge value with labels
 ✓ packages/metrics/test/unit/metrics.service.spec.ts > MetricsService > setGauge > should do nothing for non-existent gauge
 ✓ packages/metrics/test/unit/metrics.service.spec.ts > MetricsService > incrementGauge > should increment gauge
 ✓ packages/metrics/test/unit/metrics.service.spec.ts > MetricsService > incrementGauge > should increment gauge with labels
 ✓ packages/metrics/test/unit/metrics.service.spec.ts > MetricsService > incrementGauge > should do nothing for non-existent gauge
 ✓ packages/metrics/test/unit/metrics.service.spec.ts > MetricsService > decrementGauge > should decrement gauge
 ✓ packages/metrics/test/unit/metrics.service.spec.ts > MetricsService > decrementGauge > should decrement gauge with labels
 ✓ packages/metrics/test/unit/metrics.service.spec.ts > MetricsService > decrementGauge > should do nothing for non-existent gauge
 ✓ packages/metrics/test/unit/metrics.service.spec.ts > MetricsService > getMetrics > should return metrics in Prometheus format
 ✓ packages/metrics/test/unit/metrics.service.spec.ts > MetricsService > getMetrics > should return empty string when disabled
 ✓ packages/metrics/test/unit/metrics.service.spec.ts > MetricsService > getMetricsJson > should return metrics as JSON
 ✓ packages/metrics/test/unit/metrics.service.spec.ts > MetricsService > getMetricsJson > should return empty array when disabled
 ✓ packages/metrics/test/unit/metrics.service.spec.ts > MetricsService > custom configuration > should use custom prefix
 ✓ packages/metrics/test/unit/metrics.service.spec.ts > MetricsService > custom configuration > should use custom default labels
 ✓ packages/metrics/test/unit/metrics.service.spec.ts > MetricsService > custom configuration > should use custom latency buckets
 ✓ packages/metrics/test/unit/metrics.service.spec.ts > MetricsService > metric options > should register command metrics when enabled
 ✓ packages/metrics/test/unit/metrics.service.spec.ts > MetricsService > metric options > should not register command metrics when disabled
 ✓ packages/metrics/test/unit/metrics.service.spec.ts > MetricsService > metric options > should register plugin metrics when enabled
 ✓ packages/metrics/test/unit/metrics.service.spec.ts > MetricsService > metric options > should not register plugin metrics when disabled
 ✓ packages/metrics/test/unit/metrics.service.spec.ts > MetricsService > collectDefaultMetrics > should collect default Node.js metrics when enabled
 ✓ packages/metrics/test/unit/metrics.service.spec.ts > MetricsService > collectDefaultMetrics > should not collect default metrics when disabled
 ✓ packages/metrics/test/unit/metrics.service.spec.ts > MetricsService > onModuleDestroy > should clear registry on destroy
 ✓ packages/idempotency/test/unit/idempotency.interceptor.spec.ts > IdempotencyInterceptor > new request > should process new request and store result
 ✓ packages/idempotency/test/unit/idempotency.interceptor.spec.ts > IdempotencyInterceptor > new request > should use custom TTL from options
 ✓ packages/idempotency/test/unit/idempotency.interceptor.spec.ts > IdempotencyInterceptor > duplicate request > should replay stored response
 ✓ packages/idempotency/test/unit/idempotency.interceptor.spec.ts > IdempotencyInterceptor > duplicate request > should replay response with headers
 ✓ packages/idempotency/test/unit/idempotency.interceptor.spec.ts > IdempotencyInterceptor > fingerprint mismatch > should throw error on fingerprint mismatch
 ✓ packages/idempotency/test/unit/idempotency.interceptor.spec.ts > IdempotencyInterceptor > failed previous request > should throw error when previous request failed
 ✓ packages/idempotency/test/unit/idempotency.interceptor.spec.ts > IdempotencyInterceptor > skip condition > should bypass idempotency when skip returns true
 ✓ packages/idempotency/test/unit/idempotency.interceptor.spec.ts > IdempotencyInterceptor > skip condition > should process normally when skip returns false
 ✓ packages/idempotency/test/unit/idempotency.interceptor.spec.ts > IdempotencyInterceptor > no key > should bypass idempotency when no key provided
 ✓ packages/idempotency/test/unit/idempotency.interceptor.spec.ts > IdempotencyInterceptor > key extraction > should extract key from header
 ✓ packages/idempotency/test/unit/idempotency.interceptor.spec.ts > IdempotencyInterceptor > key extraction > should use custom header name from config
 ✓ packages/idempotency/test/unit/idempotency.interceptor.spec.ts > IdempotencyInterceptor > key extraction > should use custom keyExtractor from options
 ✓ packages/idempotency/test/unit/idempotency.interceptor.spec.ts > IdempotencyInterceptor > fingerprint generation > should generate fingerprint with default fields
 ✓ packages/idempotency/test/unit/idempotency.interceptor.spec.ts > IdempotencyInterceptor > fingerprint generation > should generate fingerprint with custom fields from options
 ✓ packages/idempotency/test/unit/idempotency.interceptor.spec.ts > IdempotencyInterceptor > fingerprint generation > should use custom fingerprint generator from config
 ✓ packages/idempotency/test/unit/idempotency.interceptor.spec.ts > IdempotencyInterceptor > error handling > should call fail when handler throws error
 ✓ packages/idempotency/test/unit/idempotency.interceptor.spec.ts > IdempotencyInterceptor > header caching > should cache specified headers
 ✓ packages/idempotency/test/unit/idempotency.interceptor.spec.ts > IdempotencyInterceptor > header caching > should not cache headers when none specified
 ✓ packages/rate-limit/test/unit/rate-limit.service.spec.ts > RateLimitService > check > should check rate limit with default algorithm
 ✓ packages/rate-limit/test/unit/rate-limit.service.spec.ts > RateLimitService > check > should check with fixed-window algorithm
 ✓ packages/rate-limit/test/unit/rate-limit.service.spec.ts > RateLimitService > check > should check with sliding-window algorithm
 ✓ packages/rate-limit/test/unit/rate-limit.service.spec.ts > RateLimitService > check > should check with token-bucket algorithm
 ✓ packages/rate-limit/test/unit/rate-limit.service.spec.ts > RateLimitService > check > should use default capacity and refillRate for token-bucket
 ✓ packages/rate-limit/test/unit/rate-limit.service.spec.ts > RateLimitService > check > should use default points and duration
 ✓ packages/rate-limit/test/unit/rate-limit.service.spec.ts > RateLimitService > check > should throw error for unknown algorithm
 ✓ packages/rate-limit/test/unit/rate-limit.service.spec.ts > RateLimitService > check > should handle error with fail-closed policy
 ✓ packages/rate-limit/test/unit/rate-limit.service.spec.ts > RateLimitService > check > should handle error with fail-open policy
 ✓ packages/rate-limit/test/unit/rate-limit.service.spec.ts > RateLimitService > check > should handle error with fail-open and minimal config
 ✓ packages/rate-limit/test/unit/rate-limit.service.spec.ts > RateLimitService > peek > should peek without consuming
 ✓ packages/rate-limit/test/unit/rate-limit.service.spec.ts > RateLimitService > peek > should peek with custom algorithm
 ✓ packages/rate-limit/test/unit/rate-limit.service.spec.ts > RateLimitService > peek > should peek with token-bucket config
 ✓ packages/rate-limit/test/unit/rate-limit.service.spec.ts > RateLimitService > peek > should handle peek error with fail-closed
 ✓ packages/rate-limit/test/unit/rate-limit.service.spec.ts > RateLimitService > peek > should handle peek error with fail-open
 ✓ packages/rate-limit/test/unit/rate-limit.service.spec.ts > RateLimitService > reset > should reset all algorithm variants
 ✓ packages/rate-limit/test/unit/rate-limit.service.spec.ts > RateLimitService > reset > should build full key with prefix for all algorithms
 ✓ packages/rate-limit/test/unit/rate-limit.service.spec.ts > RateLimitService > getState > should get current state
 ✓ packages/rate-limit/test/unit/rate-limit.service.spec.ts > RateLimitService > getState > should get state with custom config
 ✓ packages/rate-limit/test/unit/rate-limit.service.spec.ts > RateLimitService > key building > should use configured key prefix
 ✓ packages/rate-limit/test/unit/rate-limit.service.spec.ts > RateLimitService > key building > should use default prefix when not configured
 ✓ packages/rate-limit/test/unit/rate-limit.service.spec.ts > RateLimitService > token bucket calculations > should calculate refill rate from duration
 ✓ packages/rate-limit/test/unit/rate-limit.service.spec.ts > RateLimitService > token bucket calculations > should use capacity over points for token bucket
 ✓ packages/rate-limit/test/unit/rate-limit.service.spec.ts > RateLimitService > token bucket calculations > should use default refill rate when not specified
 ✓ packages/rate-limit/test/unit/rate-limit.service.spec.ts > RateLimitService > error handling > should throw RateLimitScriptError with fail-closed policy
 ✓ packages/rate-limit/test/unit/rate-limit.service.spec.ts > RateLimitService > error handling > should allow request with fail-open policy
 ✓ packages/rate-limit/test/unit/rate-limit.service.spec.ts > RateLimitService > configuration defaults > should use default algorithm when not specified
 ✓ packages/rate-limit/test/unit/rate-limit.service.spec.ts > RateLimitService > configuration defaults > should fallback to hardcoded defaults when config is empty
 ✓ packages/cache/test/unit/lru.strategy.spec.ts > LruStrategy > recordInsert > should add key with timestamp
 ✓ packages/cache/test/unit/lru.strategy.spec.ts > LruStrategy > recordInsert > should add multiple keys in order
 ✓ packages/cache/test/unit/lru.strategy.spec.ts > LruStrategy > recordInsert > should update timestamp on re-insert
 ✓ packages/cache/test/unit/lru.strategy.spec.ts > LruStrategy > recordInsert > should handle numeric keys
 ✓ packages/cache/test/unit/lru.strategy.spec.ts > LruStrategy > recordAccess > should update key to most recent
 ✓ packages/cache/test/unit/lru.strategy.spec.ts > LruStrategy > recordAccess > should handle accessing middle key
 ✓ packages/cache/test/unit/lru.strategy.spec.ts > LruStrategy > recordAccess > should handle accessing newest key
 ✓ packages/cache/test/unit/lru.strategy.spec.ts > LruStrategy > recordAccess > should handle multiple accesses to same key
 ✓ packages/cache/test/unit/lru.strategy.spec.ts > LruStrategy > recordAccess > should create new entry if key not present
 ✓ packages/cache/test/unit/lru.strategy.spec.ts > LruStrategy > recordDelete > should remove key
 ✓ packages/cache/test/unit/lru.strategy.spec.ts > LruStrategy > recordDelete > should handle deleting middle key
 ✓ packages/cache/test/unit/lru.strategy.spec.ts > LruStrategy > recordDelete > should handle deleting non-existent key
 ✓ packages/cache/test/unit/lru.strategy.spec.ts > LruStrategy > recordDelete > should handle deleting all keys
 ✓ packages/cache/test/unit/lru.strategy.spec.ts > LruStrategy > selectVictim > should return least recently used key
 ✓ packages/cache/test/unit/lru.strategy.spec.ts > LruStrategy > selectVictim > should return oldest when no accesses
 ✓ packages/cache/test/unit/lru.strategy.spec.ts > LruStrategy > selectVictim > should return undefined for empty strategy
 ✓ packages/cache/test/unit/lru.strategy.spec.ts > LruStrategy > selectVictim > should return only key when single item
 ✓ packages/cache/test/unit/lru.strategy.spec.ts > LruStrategy > selectVictim > should not remove victim from tracking
 ✓ packages/cache/test/unit/lru.strategy.spec.ts > LruStrategy > getVictims > should return least recently used keys
 ✓ packages/cache/test/unit/lru.strategy.spec.ts > LruStrategy > getVictims > should return empty array when at target size
 ✓ packages/cache/test/unit/lru.strategy.spec.ts > LruStrategy > getVictims > should return empty array when below target size
 ✓ packages/cache/test/unit/lru.strategy.spec.ts > LruStrategy > getVictims > should return all keys when target is zero
 ✓ packages/cache/test/unit/lru.strategy.spec.ts > LruStrategy > getVictims > should handle target size of 1
 ✓ packages/cache/test/unit/lru.strategy.spec.ts > LruStrategy > clear > should remove all keys
 ✓ packages/cache/test/unit/lru.strategy.spec.ts > LruStrategy > clear > should reset timestamp counter
 ✓ packages/cache/test/unit/lru.strategy.spec.ts > LruStrategy > clear > should allow adding keys after clear
 ✓ packages/cache/test/unit/lru.strategy.spec.ts > LruStrategy > size > should return zero for empty strategy
 ✓ packages/cache/test/unit/lru.strategy.spec.ts > LruStrategy > size > should return correct size after inserts
 ✓ packages/cache/test/unit/lru.strategy.spec.ts > LruStrategy > size > should not change on access
 ✓ packages/cache/test/unit/lru.strategy.spec.ts > LruStrategy > size > should update after delete
 ✓ packages/cache/test/unit/lru.strategy.spec.ts > LruStrategy > getKeys > should return empty array for empty strategy
 ✓ packages/cache/test/unit/lru.strategy.spec.ts > LruStrategy > getKeys > should return keys in LRU order
 ✓ packages/cache/test/unit/lru.strategy.spec.ts > LruStrategy > getKeys > should reflect access order
 ✓ packages/cache/test/unit/lru.strategy.spec.ts > LruStrategy > getKeys > should return copy of keys array
 ✓ packages/cache/test/unit/lru.strategy.spec.ts > LruStrategy > LRU behavior scenarios > should evict least recently used when full
 ✓ packages/cache/test/unit/lru.strategy.spec.ts > LruStrategy > LRU behavior scenarios > should handle complex access pattern
 ✓ packages/cache/test/unit/lru.strategy.spec.ts > LruStrategy > LRU behavior scenarios > should protect recently accessed keys from eviction
 ✓ packages/cache/test/unit/lru.strategy.spec.ts > LruStrategy > LRU behavior scenarios > should handle insert-access-insert sequence
 ✓ packages/cache/test/unit/lru.strategy.spec.ts > LruStrategy > LRU behavior scenarios > should maintain correct order with interleaved operations
stdout | packages/core/test/stress/connection-pool.stress.spec.ts > Redis Connection Pool Stress Tests > Maximum Connections > should handle 500 simultaneous client connections
✅ Created 500 clients in 930ms, operations completed in 53ms

 ✓ packages/core/test/stress/connection-pool.stress.spec.ts > Redis Connection Pool Stress Tests > Maximum Connections > should handle 500 simultaneous client connections 1096ms
 ✓ packages/rate-limit/test/unit/rate-limit.guard.spec.ts > RateLimitGuard > canActivate > should allow request when under limit
 ✓ packages/rate-limit/test/unit/rate-limit.guard.spec.ts > RateLimitGuard > canActivate > should block request when limit exceeded
 ✓ packages/rate-limit/test/unit/rate-limit.guard.spec.ts > RateLimitGuard > canActivate > should set response headers
 ✓ packages/rate-limit/test/unit/rate-limit.guard.spec.ts > RateLimitGuard > canActivate > should set retry-after header when limit exceeded
 ✓ packages/rate-limit/test/unit/rate-limit.guard.spec.ts > RateLimitGuard > canActivate > should not set headers when includeHeaders is false
 ✓ packages/rate-limit/test/unit/rate-limit.guard.spec.ts > RateLimitGuard > key extraction > should extract key from IP by default
 ✓ packages/rate-limit/test/unit/rate-limit.guard.spec.ts > RateLimitGuard > key extraction > should extract IP from X-Forwarded-For header
 ✓ packages/rate-limit/test/unit/rate-limit.guard.spec.ts > RateLimitGuard > key extraction > should extract IP from X-Real-IP header
 ✓ packages/rate-limit/test/unit/rate-limit.guard.spec.ts > RateLimitGuard > key extraction > should use unknown when IP not available
 ✓ packages/rate-limit/test/unit/rate-limit.guard.spec.ts > RateLimitGuard > key extraction > should extract user ID from request
 ✓ packages/rate-limit/test/unit/rate-limit.guard.spec.ts > RateLimitGuard > key extraction > should throw error when user ID not found
 ✓ packages/rate-limit/test/unit/rate-limit.guard.spec.ts > RateLimitGuard > key extraction > should extract API key from X-API-Key header
 ✓ packages/rate-limit/test/unit/rate-limit.guard.spec.ts > RateLimitGuard > key extraction > should throw error when API key not found
 ✓ packages/rate-limit/test/unit/rate-limit.guard.spec.ts > RateLimitGuard > key extraction > should use static string key from decorator
 ✓ packages/rate-limit/test/unit/rate-limit.guard.spec.ts > RateLimitGuard > key extraction > should use custom key extractor function
 ✓ packages/rate-limit/test/unit/rate-limit.guard.spec.ts > RateLimitGuard > skip condition > should skip rate limiting when decorator skip returns true
 ✓ packages/rate-limit/test/unit/rate-limit.guard.spec.ts > RateLimitGuard > skip condition > should skip rate limiting when module skip returns true
 ✓ packages/rate-limit/test/unit/rate-limit.guard.spec.ts > RateLimitGuard > skip condition > should not skip when skip returns false
 ✓ packages/rate-limit/test/unit/rate-limit.guard.spec.ts > RateLimitGuard > error factory > should use decorator-level error factory
 ✓ packages/rate-limit/test/unit/rate-limit.guard.spec.ts > RateLimitGuard > error factory > should use module-level error factory
 ✓ packages/rate-limit/test/unit/rate-limit.guard.spec.ts > RateLimitGuard > error factory > should use custom message from options
 ✓ packages/rate-limit/test/unit/rate-limit.guard.spec.ts > RateLimitGuard > error factory > should use default error message
 ✓ packages/rate-limit/test/unit/rate-limit.guard.spec.ts > RateLimitGuard > options merging > should merge class-level and method-level options
 ✓ packages/rate-limit/test/unit/rate-limit.guard.spec.ts > RateLimitGuard > options merging > should prioritize method options over class options
 ✓ packages/rate-limit/test/unit/rate-limit.guard.spec.ts > RateLimitGuard > custom headers > should use custom header names from config
 ✓ packages/cache/test/unit/tag-template.vo.spec.ts > TagTemplate > create > should create template from string
 ✓ packages/cache/test/unit/tag-template.vo.spec.ts > TagTemplate > create > should create template without placeholders
 ✓ packages/cache/test/unit/tag-template.vo.spec.ts > TagTemplate > create > should trim whitespace from template
 ✓ packages/cache/test/unit/tag-template.vo.spec.ts > TagTemplate > create > should throw error for empty template
 ✓ packages/cache/test/unit/tag-template.vo.spec.ts > TagTemplate > create > should throw error for whitespace-only template
 ✓ packages/cache/test/unit/tag-template.vo.spec.ts > TagTemplate > create > should extract single placeholder
 ✓ packages/cache/test/unit/tag-template.vo.spec.ts > TagTemplate > create > should extract multiple placeholders
 ✓ packages/cache/test/unit/tag-template.vo.spec.ts > TagTemplate > create > should extract nested placeholder
 ✓ packages/cache/test/unit/tag-template.vo.spec.ts > TagTemplate > create > should handle template with no placeholders
 ✓ packages/cache/test/unit/tag-template.vo.spec.ts > TagTemplate > resolve > should resolve simple placeholder
 ✓ packages/cache/test/unit/tag-template.vo.spec.ts > TagTemplate > resolve > should resolve multiple placeholders
 ✓ packages/cache/test/unit/tag-template.vo.spec.ts > TagTemplate > resolve > should resolve nested placeholder
 ✓ packages/cache/test/unit/tag-template.vo.spec.ts > TagTemplate > resolve > should resolve deep nested placeholder
 ✓ packages/cache/test/unit/tag-template.vo.spec.ts > TagTemplate > resolve > should keep unresolved placeholder when value not found
 ✓ packages/cache/test/unit/tag-template.vo.spec.ts > TagTemplate > resolve > should keep unresolved placeholder when nested value not found
 ✓ packages/cache/test/unit/tag-template.vo.spec.ts > TagTemplate > resolve > should resolve template without placeholders
 ✓ packages/cache/test/unit/tag-template.vo.spec.ts > TagTemplate > resolve > should convert numeric value to string
 ✓ packages/cache/test/unit/tag-template.vo.spec.ts > TagTemplate > resolve > should convert boolean value to string
 ✓ packages/cache/test/unit/tag-template.vo.spec.ts > TagTemplate > resolve > should keep placeholder when value is null
 ✓ packages/cache/test/unit/tag-template.vo.spec.ts > TagTemplate > resolve > should keep placeholder when value is undefined
 ✓ packages/cache/test/unit/tag-template.vo.spec.ts > TagTemplate > resolve > should keep placeholder when nested path is null
 ✓ packages/cache/test/unit/tag-template.vo.spec.ts > TagTemplate > resolve > should keep placeholder when nested path is undefined
 ✓ packages/cache/test/unit/tag-template.vo.spec.ts > TagTemplate > resolve > should keep placeholder when parent is not an object
 ✓ packages/cache/test/unit/tag-template.vo.spec.ts > TagTemplate > resolve > should keep placeholder when parent is a number
 ✓ packages/cache/test/unit/tag-template.vo.spec.ts > TagTemplate > resolve > should handle payload as null
 ✓ packages/cache/test/unit/tag-template.vo.spec.ts > TagTemplate > resolve > should handle payload as undefined
 ✓ packages/cache/test/unit/tag-template.vo.spec.ts > TagTemplate > resolve > should handle empty object payload
 ✓ packages/cache/test/unit/tag-template.vo.spec.ts > TagTemplate > resolve > should resolve mixed static and dynamic parts
 ✓ packages/cache/test/unit/tag-template.vo.spec.ts > TagTemplate > resolve > should resolve multiple same placeholders
 ✓ packages/cache/test/unit/tag-template.vo.spec.ts > TagTemplate > resolve > should handle deeply nested null in path
 ✓ packages/cache/test/unit/tag-template.vo.spec.ts > TagTemplate > resolve > should handle deeply nested undefined in path
 ✓ packages/cache/test/unit/tag-template.vo.spec.ts > TagTemplate > resolve > should handle non-object in middle of nested path
 ✓ packages/cache/test/unit/tag-template.vo.spec.ts > TagTemplate > toString > should return template string
 ✓ packages/cache/test/unit/tag-template.vo.spec.ts > TagTemplate > toString > should return template without placeholders
 ✓ packages/cache/test/unit/tag-template.vo.spec.ts > TagTemplate > getPlaceholders > should return array of placeholders
 ✓ packages/cache/test/unit/tag-template.vo.spec.ts > TagTemplate > getPlaceholders > should return empty array when no placeholders
 ✓ packages/cache/test/unit/tag-template.vo.spec.ts > TagTemplate > getPlaceholders > should return copy of placeholders array
 ✓ packages/cache/test/unit/tag-template.vo.spec.ts > TagTemplate > getPlaceholders > should not allow modifying internal placeholders
 ✓ packages/cache/test/unit/tag-template.vo.spec.ts > TagTemplate > getPlaceholders > should return nested placeholders
 ✓ packages/cache/test/unit/tag-template.vo.spec.ts > TagTemplate > hasPlaceholders > should return true when template has placeholders
 ✓ packages/cache/test/unit/tag-template.vo.spec.ts > TagTemplate > hasPlaceholders > should return false when template has no placeholders
 ✓ packages/cache/test/unit/tag-template.vo.spec.ts > TagTemplate > hasPlaceholders > should return true for multiple placeholders
stdout | packages/core/test/stress/connection-pool.stress.spec.ts > Redis Connection Pool Stress Tests > Maximum Connections > should handle connection churn (rapid create/destroy)
✅ Completed 1000 connection create/destroy cycles in 567ms

 ✓ packages/core/test/stress/connection-pool.stress.spec.ts > Redis Connection Pool Stress Tests > Maximum Connections > should handle connection churn (rapid create/destroy) 567ms
stdout | packages/core/test/stress/connection-pool.stress.spec.ts > Redis Connection Pool Stress Tests > Memory Pressure > should handle operations with large payloads under memory pressure
✅ Wrote 9.77MB in 71ms, read in 70ms

 ✓ packages/core/test/stress/connection-pool.stress.spec.ts > Redis Connection Pool Stress Tests > Memory Pressure > should handle operations with large payloads under memory pressure
stdout | packages/core/test/stress/connection-pool.stress.spec.ts > Redis Connection Pool Stress Tests > Memory Pressure > should handle many small keys (memory fragmentation)
✅ Created 50000 keys in 198ms (252525 keys/sec)

 ✓ packages/locks/test/unit/lock.service.spec.ts > LockService > acquire > should acquire lock successfully on first attempt
 ✓ packages/core/test/stress/connection-pool.stress.spec.ts > Redis Connection Pool Stress Tests > Memory Pressure > should handle many small keys (memory fragmentation) 359ms
stdout | packages/core/test/stress/connection-pool.stress.spec.ts > Redis Connection Pool Stress Tests > Error Recovery > should recover from temporary connection failures
✅ Success rate: 100.00% (1000/1000)

stdout | packages/core/test/stress/connection-pool.stress.spec.ts > Redis Connection Pool Stress Tests > Error Recovery > should handle invalid operations gracefully
✅ All invalid operations handled gracefully

 ✓ packages/core/test/stress/connection-pool.stress.spec.ts > Redis Connection Pool Stress Tests > Error Recovery > should recover from temporary connection failures
 ✓ packages/core/test/stress/connection-pool.stress.spec.ts > Redis Connection Pool Stress Tests > Error Recovery > should handle invalid operations gracefully
stdout | packages/core/test/stress/connection-pool.stress.spec.ts > Redis Connection Pool Stress Tests > Extreme Concurrency > should handle 1000 concurrent operations on single client
✅ Handled 1000 concurrent operations in 9ms (111111 ops/sec)

stdout | packages/core/test/stress/connection-pool.stress.spec.ts > Redis Connection Pool Stress Tests > Extreme Concurrency > should handle mixed operation types under high concurrency
✅ Mixed operations throughput: 100000 ops/sec

 ✓ packages/core/test/stress/connection-pool.stress.spec.ts > Redis Connection Pool Stress Tests > Extreme Concurrency > should handle 1000 concurrent operations on single client
 ✓ packages/core/test/stress/connection-pool.stress.spec.ts > Redis Connection Pool Stress Tests > Extreme Concurrency > should handle mixed operation types under high concurrency
stdout | packages/core/test/stress/connection-pool.stress.spec.ts > Redis Connection Pool Stress Tests > Transaction Stress > should handle 100 concurrent transactions
✅ Executed 100 transactions in 4ms

 ✓ packages/core/test/stress/connection-pool.stress.spec.ts > Redis Connection Pool Stress Tests > Transaction Stress > should handle 100 concurrent transactions
 ✓ packages/locks/test/unit/lock.service.spec.ts > LockService > acquire > should retry on failure and eventually succeed 301ms
stdout | packages/core/test/stress/connection-pool.stress.spec.ts > Redis Connection Pool Stress Tests > Pipeline Stress > should handle pipeline with 10,000 commands
✅ Pipeline with 10000 commands completed in 33ms (303030 ops/sec)

 ✓ packages/core/test/stress/connection-pool.stress.spec.ts > Redis Connection Pool Stress Tests > Pipeline Stress > should handle pipeline with 10,000 commands
[95m[Nest] 35067  - [39m02/20/2026, 10:51:04 AM [95m  DEBUG[39m [38;5;3m[SwrManagerService] [39m[95mStarting revalidation for key: test-key[39m
[95m[Nest] 35067  - [39m02/20/2026, 10:51:04 AM [95m  DEBUG[39m [38;5;3m[SwrManagerService] [39m[95mRevalidation successful for key: test-key[39m
 ✓ packages/cache/test/unit/swr-manager.service.spec.ts > SwrManagerService > constructor > should initialize with enabled SWR
 ✓ packages/cache/test/unit/swr-manager.service.spec.ts > SwrManagerService > constructor > should initialize with disabled SWR by default
 ✓ packages/cache/test/unit/swr-manager.service.spec.ts > SwrManagerService > constructor > should use default staleTtl when not configured
 ✓ packages/cache/test/unit/swr-manager.service.spec.ts > SwrManagerService > constructor > should use configured defaultStaleTime
 × packages/cache/test/unit/swr-manager.service.spec.ts > SwrManagerService > isStale > should return false when SWR is disabled
   → expected true to be false // Object.is equality
 ✓ packages/cache/test/unit/swr-manager.service.spec.ts > SwrManagerService > isStale > should return true when entry is stale
 ✓ packages/cache/test/unit/swr-manager.service.spec.ts > SwrManagerService > isStale > should return false when entry is fresh
 ✓ packages/cache/test/unit/swr-manager.service.spec.ts > SwrManagerService > isStale > should return false when entry is exactly at stale time
 ✓ packages/cache/test/unit/swr-manager.service.spec.ts > SwrManagerService > isExpired > should return true when entry is expired
 ✓ packages/cache/test/unit/swr-manager.service.spec.ts > SwrManagerService > isExpired > should return false when entry is not expired
 ✓ packages/cache/test/unit/swr-manager.service.spec.ts > SwrManagerService > isExpired > should return false when entry is exactly at expiration time
 ✓ packages/cache/test/unit/swr-manager.service.spec.ts > SwrManagerService > shouldRevalidate > should return true when no job is running for key
[95m[Nest] 35067  - [39m02/20/2026, 10:51:04 AM [95m  DEBUG[39m [38;5;3m[SwrManagerService] [39m[95mStarting revalidation for key: test-key[39m
[95m[Nest] 35067  - [39m02/20/2026, 10:51:04 AM [95m  DEBUG[39m [38;5;3m[SwrManagerService] [39m[95mRevalidation successful for key: test-key[39m
 ✓ packages/cache/test/unit/swr-manager.service.spec.ts > SwrManagerService > shouldRevalidate > should return false when job is already scheduled
[95m[Nest] 35067  - [39m02/20/2026, 10:51:04 AM [95m  DEBUG[39m [38;5;3m[SwrManagerService] [39m[95mRevalidation already scheduled for key: test-key[39m
[95m[Nest] 35067  - [39m02/20/2026, 10:51:04 AM [95m  DEBUG[39m [38;5;3m[SwrManagerService] [39m[95mStarting revalidation for key: test-key[39m
[95m[Nest] 35067  - [39m02/20/2026, 10:51:04 AM [95m  DEBUG[39m [38;5;3m[SwrManagerService] [39m[95mRevalidation successful for key: test-key[39m
 ✓ packages/cache/test/unit/swr-manager.service.spec.ts > SwrManagerService > scheduleRevalidation > should schedule revalidation job
[95m[Nest] 35067  - [39m02/20/2026, 10:51:04 AM [95m  DEBUG[39m [38;5;3m[SwrManagerService] [39m[95mStarting revalidation for key: test-key[39m
[31m[Nest] 35067  - [39m02/20/2026, 10:51:04 AM [31m  ERROR[39m [38;5;3m[SwrManagerService] [39m[31mRevalidation failed for key: test-key[39m
[31m[Nest] 35067  - [39m02/20/2026, 10:51:04 AM [31m  ERROR[39m [38;5;3m[SwrManagerService] [39m[31mError: Loader failed[39m
 ✓ packages/cache/test/unit/swr-manager.service.spec.ts > SwrManagerService > scheduleRevalidation > should not schedule duplicate job for same key
[95m[Nest] 35067  - [39m02/20/2026, 10:51:04 AM [95m  DEBUG[39m [38;5;3m[SwrManagerService] [39m[95mStarting revalidation for key: test-key[39m
[31m[Nest] 35067  - [39m02/20/2026, 10:51:04 AM [31m  ERROR[39m [38;5;3m[SwrManagerService] [39m[31mRevalidation failed for key: test-key[39m
[31m[Nest] 35067  - [39m02/20/2026, 10:51:04 AM [31m  ERROR[39m [38;5;3m[SwrManagerService] [39m[31mError: Failed[39m
[31m[Nest] 35067  - [39m02/20/2026, 10:51:04 AM [31m  ERROR[39m [38;5;3m[SwrManagerService] [39m[31mRevalidation failed for test-key:[39m
[31m[Nest] 35067  - [39m02/20/2026, 10:51:04 AM [31m  ERROR[39m [38;5;3m[SwrManagerService] [39m[31mError: Failed[39m
 ✓ packages/cache/test/unit/swr-manager.service.spec.ts > SwrManagerService > scheduleRevalidation > should call onError when loader fails
[95m[Nest] 35067  - [39m02/20/2026, 10:51:04 AM [95m  DEBUG[39m [38;5;3m[SwrManagerService] [39m[95mStarting revalidation for key: test-key[39m
[95m[Nest] 35067  - [39m02/20/2026, 10:51:04 AM [95m  DEBUG[39m [38;5;3m[SwrManagerService] [39m[95mRevalidation successful for key: test-key[39m
 ✓ packages/cache/test/unit/swr-manager.service.spec.ts > SwrManagerService > scheduleRevalidation > should use default error handler when onError not provided
[95m[Nest] 35067  - [39m02/20/2026, 10:51:04 AM [95m  DEBUG[39m [38;5;3m[SwrManagerService] [39m[95mStarting revalidation for key: test-key[39m
[31m[Nest] 35067  - [39m02/20/2026, 10:51:04 AM [31m  ERROR[39m [38;5;3m[SwrManagerService] [39m[31mRevalidation failed for key: test-key[39m
[95m[Nest] 35067  - [39m02/20/2026, 10:51:04 AM [95m  DEBUG[39m [38;5;3m[SwrManagerService] [39m[95mRevalidation successful for key: test-key[39m
[31m[Nest] 35067  - [39m02/20/2026, 10:51:04 AM [31m  ERROR[39m [38;5;3m[SwrManagerService] [39m[31mError: onSuccess failed[39m
 ✓ packages/cache/test/unit/swr-manager.service.spec.ts > SwrManagerService > scheduleRevalidation > should remove job after completion
[95m[Nest] 35067  - [39m02/20/2026, 10:51:04 AM [95m  DEBUG[39m [38;5;3m[SwrManagerService] [39m[95mStarting revalidation for key: key1[39m
[95m[Nest] 35067  - [39m02/20/2026, 10:51:04 AM [95m  DEBUG[39m [38;5;3m[SwrManagerService] [39m[95mStarting revalidation for key: key2[39m
 ✓ packages/cache/test/unit/swr-manager.service.spec.ts > SwrManagerService > scheduleRevalidation > should handle onSuccess errors
 ✓ packages/cache/test/unit/swr-manager.service.spec.ts > SwrManagerService > createSwrEntry > should create SWR entry with correct timestamps
 ✓ packages/cache/test/unit/swr-manager.service.spec.ts > SwrManagerService > createSwrEntry > should use custom staleTtl when provided
 ✓ packages/cache/test/unit/swr-manager.service.spec.ts > SwrManagerService > createSwrEntry > should use default staleTtl when not provided
 ✓ packages/cache/test/unit/swr-manager.service.spec.ts > SwrManagerService > createSwrEntry > should handle zero freshTtl
 ✓ packages/cache/test/unit/swr-manager.service.spec.ts > SwrManagerService > createSwrEntry > should create entry with object value
 ✓ packages/cache/test/unit/swr-manager.service.spec.ts > SwrManagerService > getStats > should return zero active revalidations initially
 ✓ packages/locks/test/unit/lock.service.spec.ts > LockService > acquire > should throw LockAcquisitionError after max retries 705ms
 ✓ packages/locks/test/unit/lock.service.spec.ts > LockService > acquire > should use custom TTL from options
 ✓ packages/locks/test/unit/lock.service.spec.ts > LockService > acquire > should enforce max TTL limit
[31m[Nest] 35067  - [39m02/20/2026, 10:51:04 AM [31m  ERROR[39m [38;5;3m[LockService] [39m[31mLock release failed for test-key:[39m
[31m[Nest] 35067  - [39m02/20/2026, 10:51:04 AM [31m  ERROR[39m [38;5;3m[LockService] [39m[31mError: Release error[39m
 ✓ packages/locks/test/unit/lock.service.spec.ts > LockService > acquire > should use custom retry configuration
 ✓ packages/locks/test/unit/lock.service.spec.ts > LockService > acquire > should start auto-renewal when enabled
 ✓ packages/locks/test/unit/lock.service.spec.ts > LockService > acquire > should not start auto-renewal when disabled
 ✓ packages/locks/test/unit/lock.service.spec.ts > LockService > tryAcquire > should acquire lock without retry
 ✓ packages/locks/test/unit/lock.service.spec.ts > LockService > tryAcquire > should return null immediately on failure
 ✓ packages/locks/test/unit/lock.service.spec.ts > LockService > tryAcquire > should use custom TTL
 ✓ packages/locks/test/unit/lock.service.spec.ts > LockService > withLock > should execute function with lock
 ✓ packages/locks/test/unit/lock.service.spec.ts > LockService > withLock > should release lock even if function throws
 ✓ packages/locks/test/unit/lock.service.spec.ts > LockService > withLock > should handle lock release errors gracefully
[95m[Nest] 35067  - [39m02/20/2026, 10:51:04 AM [95m  DEBUG[39m [38;5;3m[SwrManagerService] [39m[95mRevalidation successful for key: key1[39m
[95m[Nest] 35067  - [39m02/20/2026, 10:51:04 AM [95m  DEBUG[39m [38;5;3m[SwrManagerService] [39m[95mRevalidation successful for key: key2[39m
[95m[Nest] 35067  - [39m02/20/2026, 10:51:04 AM [95m  DEBUG[39m [38;5;3m[SwrManagerService] [39m[95mStarting revalidation for key: key1[39m
[95m[Nest] 35067  - [39m02/20/2026, 10:51:04 AM [95m  DEBUG[39m [38;5;3m[SwrManagerService] [39m[95mStarting revalidation for key: key2[39m
 ✓ packages/cache/test/unit/swr-manager.service.spec.ts > SwrManagerService > getStats > should count active revalidations
 ✓ packages/cache/test/unit/swr-manager.service.spec.ts > SwrManagerService > getStats > should return enabled status
 ✓ packages/cache/test/unit/swr-manager.service.spec.ts > SwrManagerService > getStats > should return staleTtl from configured defaultStaleTime
[95m[Nest] 35067  - [39m02/20/2026, 10:51:04 AM [95m  DEBUG[39m [38;5;3m[SwrManagerService] [39m[95mRevalidation successful for key: key1[39m
[95m[Nest] 35067  - [39m02/20/2026, 10:51:04 AM [95m  DEBUG[39m [38;5;3m[SwrManagerService] [39m[95mRevalidation successful for key: key2[39m
[95m[Nest] 35067  - [39m02/20/2026, 10:51:04 AM [95m  DEBUG[39m [38;5;3m[SwrManagerService] [39m[95mStarting revalidation for key: key1[39m
[95m[Nest] 35067  - [39m02/20/2026, 10:51:04 AM [95m  DEBUG[39m [38;5;3m[SwrManagerService] [39m[95mRevalidation successful for key: key1[39m
 ✓ packages/cache/test/unit/swr-manager.service.spec.ts > SwrManagerService > clearRevalidations > should clear all scheduled jobs
 ✓ packages/cache/test/unit/swr-manager.service.spec.ts > SwrManagerService > clearRevalidations > should allow scheduling new jobs after clear
 ✓ packages/cache/test/unit/cache.service.spec.ts > CacheService > get > should get value from cache
 ✓ packages/cache/test/unit/cache.service.spec.ts > CacheService > get > should return null when key not found
 ✓ packages/cache/test/unit/cache.service.spec.ts > CacheService > set > should set value in cache
 ✓ packages/cache/test/unit/cache.service.spec.ts > CacheService > set > should set value with options
 ✓ packages/cache/test/unit/cache.service.spec.ts > CacheService > del > should delete key from cache
 ✓ packages/cache/test/unit/cache.service.spec.ts > CacheService > del > should return false when key not found
 ✓ packages/cache/test/unit/cache.service.spec.ts > CacheService > getMany > should get multiple values
 ✓ packages/cache/test/unit/cache.service.spec.ts > CacheService > setMany > should set multiple values
 ✓ packages/cache/test/unit/cache.service.spec.ts > CacheService > getOrSet > should return cached value if exists
 ✓ packages/cache/test/unit/cache.service.spec.ts > CacheService > getOrSet > should call loader when cache miss
 ✓ packages/cache/test/unit/cache.service.spec.ts > CacheService > getOrSet > should pass options to internal cache
 ✓ packages/cache/test/unit/cache.service.spec.ts > CacheService > wrap > should create cached wrapper function
 ✓ packages/cache/test/unit/cache.service.spec.ts > CacheService > wrap > should support dynamic tags function
 ✓ packages/cache/test/unit/cache.service.spec.ts > CacheService > deleteMany > should delete multiple keys from cache
 ✓ packages/cache/test/unit/cache.service.spec.ts > CacheService > deleteMany > should return 0 when no keys deleted
 ✓ packages/cache/test/unit/cache.service.spec.ts > CacheService > getKeysByTag > should return keys associated with tag
 ✓ packages/cache/test/unit/cache.service.spec.ts > CacheService > getKeysByTag > should return empty array when no keys found
 ✓ packages/cache/test/unit/cache.service.spec.ts > CacheService > invalidate > should invalidate cache by tag
 ✓ packages/cache/test/unit/cache.service.spec.ts > CacheService > invalidateTags > should invalidate multiple tags
 ✓ packages/cache/test/unit/cache.service.spec.ts > CacheService > has > should check if key exists
 ✓ packages/cache/test/unit/cache.service.spec.ts > CacheService > has > should return false if key does not exist
 ✓ packages/cache/test/unit/cache.service.spec.ts > CacheService > ttl > should get TTL for key
 ✓ packages/cache/test/unit/cache.service.spec.ts > CacheService > ttl > should return -2 if key does not exist
 ✓ packages/cache/test/unit/cache.service.spec.ts > CacheService > clear > should clear all cache
 ✓ packages/cache/test/unit/cache.service.spec.ts > CacheService > getStats > should get cache statistics
 ✓ packages/cache/test/unit/cache.service.spec.ts > CacheService > invalidateByPattern > should delegate to internal cache invalidateByPattern
 ✓ packages/cache/test/unit/cache.service.spec.ts > CacheService > invalidateByPattern > should return 0 when no keys match pattern
 ✓ packages/cache/test/unit/cache.service.spec.ts > CacheService > invalidateByPattern > should handle wildcard patterns
[31m[Nest] 35067  - [39m02/20/2026, 10:51:05 AM [31m  ERROR[39m [38;5;3m[LockService] [39m[31mFailed to release lock _lock:key1 during shutdown:[39m
[31m[Nest] 35067  - [39m02/20/2026, 10:51:05 AM [31m  ERROR[39m [38;5;3m[LockService] [39m[31mError: Release error 1[39m
[31m[Nest] 35067  - [39m02/20/2026, 10:51:05 AM [31m  ERROR[39m [38;5;3m[LockService] [39m[31mFailed to release lock _lock:key3 during shutdown:[39m
[31m[Nest] 35067  - [39m02/20/2026, 10:51:05 AM [31m  ERROR[39m [38;5;3m[LockService] [39m[31mError: Release error 2[39m
 ✓ packages/locks/test/unit/lock.service.spec.ts > LockService > withLock > should throw if lock acquisition fails 704ms
 ✓ packages/locks/test/unit/lock.service.spec.ts > LockService > isLocked > should return true when lock exists
 ✓ packages/locks/test/unit/lock.service.spec.ts > LockService > isLocked > should return false when lock does not exist
 ✓ packages/locks/test/unit/lock.service.spec.ts > LockService > forceRelease > should force release lock
 ✓ packages/locks/test/unit/lock.service.spec.ts > LockService > forceRelease > should return false when lock does not exist
 ✓ packages/locks/test/unit/lock.service.spec.ts > LockService > onModuleDestroy > should release all active locks on shutdown
 ✓ packages/locks/test/unit/lock.service.spec.ts > LockService > onModuleDestroy > should continue shutdown even if release fails
 ✓ packages/locks/test/unit/lock.service.spec.ts > LockService > onModuleDestroy > should clear active locks after shutdown
 ✓ packages/locks/test/unit/lock.service.spec.ts > LockService > configuration > should use default key prefix when not configured
 ✓ packages/locks/test/unit/lock.service.spec.ts > LockService > configuration > should use custom key prefix
 ✓ packages/locks/test/unit/lock.service.spec.ts > LockService > configuration > should use default TTL when not configured
 ✓ packages/cache/test/unit/stampede-protection.service.spec.ts > StampedeProtectionService > protect > should execute loader on first call
 ✓ packages/cache/test/unit/stampede-protection.service.spec.ts > StampedeProtectionService > protect > should acquire distributed lock before executing loader
 ✓ packages/cache/test/unit/stampede-protection.service.spec.ts > StampedeProtectionService > protect > should release distributed lock after loader completes
 ✓ packages/cache/test/unit/stampede-protection.service.spec.ts > StampedeProtectionService > protect > should return same promise for concurrent calls within same process
 ✓ packages/cache/test/unit/stampede-protection.service.spec.ts > StampedeProtectionService > protect > should handle loader errors
 ✓ packages/cache/test/unit/stampede-protection.service.spec.ts > StampedeProtectionService > protect > should propagate loader errors to waiters
[33m[Nest] 35067  - [39m02/20/2026, 10:51:05 AM [33m   WARN[39m [38;5;3m[StampedeProtectionService] [39m[33mFailed to acquire distributed lock: Redis connection error[39m
 ✓ packages/cache/test/unit/stampede-protection.service.spec.ts > StampedeProtectionService > protect > should clean up flight after execution
 ✓ packages/cache/test/unit/stampede-protection.service.spec.ts > StampedeProtectionService > protect > should fallback to loader when distributed lock fails
 ✓ packages/cache/test/unit/stampede-protection.service.spec.ts > StampedeProtectionService > protect > should still execute loader when distributed lock not acquired
 ✓ packages/cache/test/unit/stampede-protection.service.spec.ts > StampedeProtectionService > clearKey > should do nothing if key not found
 ✓ packages/cache/test/unit/stampede-protection.service.spec.ts > StampedeProtectionService > getStats > should return zero stats when no flights
 ✓ packages/cache/test/unit/stampede-protection.service.spec.ts > StampedeProtectionService > getStats > should count active flights immediately
 ✓ packages/cache/test/unit/stampede-protection.service.spec.ts > StampedeProtectionService > getStats > should count total waiters
 ✓ packages/cache/test/unit/stampede-protection.service.spec.ts > StampedeProtectionService > getStats > should calculate oldest flight age
 ✓ packages/cache/test/unit/stampede-protection.service.spec.ts > StampedeProtectionService > distributed lock > should use SET NX EX for lock acquisition
 ✓ packages/locks/test/unit/lock.service.spec.ts > LockService > retry behavior > should use exponential backoff 704ms
[33m[Nest] 35067  - [39m02/20/2026, 10:51:06 AM [33m   WARN[39m [38;5;3m[StampedeProtectionService] [39m[33mFailed to release distributed lock: Redis error[39m
 ✓ packages/cache/test/unit/stampede-protection.service.spec.ts > StampedeProtectionService > distributed lock > should use Lua script for safe lock release
 ✓ packages/cache/test/unit/stampede-protection.service.spec.ts > StampedeProtectionService > distributed lock > should handle lock release failure gracefully
 ✓ packages/cache/test/unit/stampede-protection.service.spec.ts > StampedeProtectionService > timeout handling > should use default timeouts when not configured
 ✓ packages/cache/test/unit/stampede-protection.service.spec.ts > StampedeProtectionService > timeout handling > should clear timeout on successful loader completion
 ✓ packages/cache/test/unit/stampede-protection.service.spec.ts > StampedeProtectionService > timeout handling > should clear waiter timeout on flight completion
 ✓ packages/cache/test/unit/invalidation-rule.entity.spec.ts > InvalidationRule > create > should create rule with event only
 ✓ packages/cache/test/unit/invalidation-rule.entity.spec.ts > InvalidationRule > create > should create rule with tags
 ✓ packages/cache/test/unit/invalidation-rule.entity.spec.ts > InvalidationRule > create > should create rule with keys
 ✓ packages/cache/test/unit/invalidation-rule.entity.spec.ts > InvalidationRule > create > should create rule with condition
 ✓ packages/cache/test/unit/invalidation-rule.entity.spec.ts > InvalidationRule > create > should create rule with priority
 ✓ packages/cache/test/unit/invalidation-rule.entity.spec.ts > InvalidationRule > create > should use default priority of 0
 ✓ packages/cache/test/unit/invalidation-rule.entity.spec.ts > InvalidationRule > create > should create rule with all options
 ✓ packages/cache/test/unit/invalidation-rule.entity.spec.ts > InvalidationRule > matches > should match exact event
 ✓ packages/cache/test/unit/invalidation-rule.entity.spec.ts > InvalidationRule > matches > should not match different event
 ✓ packages/cache/test/unit/invalidation-rule.entity.spec.ts > InvalidationRule > matches > should match wildcard pattern
 ✓ packages/cache/test/unit/invalidation-rule.entity.spec.ts > InvalidationRule > matches > should not match different namespace with wildcard
 ✓ packages/cache/test/unit/invalidation-rule.entity.spec.ts > InvalidationRule > testCondition > should return true when no condition is set
 ✓ packages/cache/test/unit/invalidation-rule.entity.spec.ts > InvalidationRule > testCondition > should return true when condition passes
 ✓ packages/cache/test/unit/invalidation-rule.entity.spec.ts > InvalidationRule > testCondition > should return false when condition fails
 ✓ packages/cache/test/unit/invalidation-rule.entity.spec.ts > InvalidationRule > testCondition > should return false when condition throws error
 ✓ packages/cache/test/unit/invalidation-rule.entity.spec.ts > InvalidationRule > testCondition > should handle complex condition logic
 ✓ packages/cache/test/unit/invalidation-rule.entity.spec.ts > InvalidationRule > resolveTags > should return empty array when no tags
 ✓ packages/cache/test/unit/invalidation-rule.entity.spec.ts > InvalidationRule > resolveTags > should resolve static tags
 ✓ packages/cache/test/unit/invalidation-rule.entity.spec.ts > InvalidationRule > resolveTags > should resolve tag templates with payload
 ✓ packages/cache/test/unit/invalidation-rule.entity.spec.ts > InvalidationRule > resolveTags > should resolve multiple tag templates
 ✓ packages/cache/test/unit/invalidation-rule.entity.spec.ts > InvalidationRule > resolveKeys > should return empty array when no keys
 ✓ packages/cache/test/unit/invalidation-rule.entity.spec.ts > InvalidationRule > resolveKeys > should resolve static keys
 ✓ packages/cache/test/unit/invalidation-rule.entity.spec.ts > InvalidationRule > resolveKeys > should resolve key templates with payload
 ✓ packages/cache/test/unit/invalidation-rule.entity.spec.ts > InvalidationRule > resolveKeys > should resolve nested properties in templates
 ✓ packages/cache/test/unit/invalidation-rule.entity.spec.ts > InvalidationRule > getPriority > should return configured priority
 ✓ packages/cache/test/unit/invalidation-rule.entity.spec.ts > InvalidationRule > getPriority > should return 0 for default priority
 ✓ packages/cache/test/unit/invalidation-rule.entity.spec.ts > InvalidationRule > getPriority > should handle negative priority
 ✓ packages/cache/test/unit/invalidation-rule.entity.spec.ts > InvalidationRule > getEventPattern > should return event pattern string
 ✓ packages/cache/test/unit/invalidation-rule.entity.spec.ts > InvalidationRule > getEventPattern > should return wildcard pattern
 ✓ packages/cache/test/unit/invalidation-rule.entity.spec.ts > InvalidationRule > hasTags > should return true when tags exist
 ✓ packages/cache/test/unit/invalidation-rule.entity.spec.ts > InvalidationRule > hasTags > should return false when no tags
 ✓ packages/cache/test/unit/invalidation-rule.entity.spec.ts > InvalidationRule > hasTags > should return false when empty tags array
 ✓ packages/cache/test/unit/invalidation-rule.entity.spec.ts > InvalidationRule > hasKeys > should return true when keys exist
 ✓ packages/cache/test/unit/invalidation-rule.entity.spec.ts > InvalidationRule > hasKeys > should return false when no keys
 ✓ packages/cache/test/unit/invalidation-rule.entity.spec.ts > InvalidationRule > hasKeys > should return false when empty keys array
 ✓ packages/cache/test/unit/invalidation-rule.entity.spec.ts > InvalidationRule > hasCondition > should return true when condition exists
 ✓ packages/cache/test/unit/invalidation-rule.entity.spec.ts > InvalidationRule > hasCondition > should return false when no condition
 ✓ packages/cache/test/unit/lfu.strategy.spec.ts > LfuStrategy > recordInsert > should track inserted key with frequency 1
 ✓ packages/cache/test/unit/lfu.strategy.spec.ts > LfuStrategy > recordInsert > should not duplicate key on repeated insert
 ✓ packages/cache/test/unit/lfu.strategy.spec.ts > LfuStrategy > recordInsert > should track multiple keys
 ✓ packages/cache/test/unit/lfu.strategy.spec.ts > LfuStrategy > recordAccess > should increment frequency on access
 ✓ packages/cache/test/unit/lfu.strategy.spec.ts > LfuStrategy > recordAccess > should increment frequency multiple times
 ✓ packages/cache/test/unit/lfu.strategy.spec.ts > LfuStrategy > recordAccess > should not affect non-existent key
 ✓ packages/cache/test/unit/lfu.strategy.spec.ts > LfuStrategy > recordDelete > should remove key from tracking
 ✓ packages/cache/test/unit/lfu.strategy.spec.ts > LfuStrategy > recordDelete > should handle delete of non-existent key
 ✓ packages/cache/test/unit/lfu.strategy.spec.ts > LfuStrategy > selectVictim > should return undefined when empty
 ✓ packages/cache/test/unit/lfu.strategy.spec.ts > LfuStrategy > selectVictim > should return the only key when single entry
 ✓ packages/cache/test/unit/lfu.strategy.spec.ts > LfuStrategy > selectVictim > should return least frequently used key
 ✓ packages/cache/test/unit/lfu.strategy.spec.ts > LfuStrategy > selectVictim > should use insertion order as tiebreaker when frequencies equal
 ✓ packages/cache/test/unit/lfu.strategy.spec.ts > LfuStrategy > selectVictim > should select correct victim after mixed access patterns
 ✓ packages/cache/test/unit/lfu.strategy.spec.ts > LfuStrategy > selectVictim > should update victim after frequency changes
 ✓ packages/cache/test/unit/lfu.strategy.spec.ts > LfuStrategy > clear > should remove all entries
 ✓ packages/cache/test/unit/lfu.strategy.spec.ts > LfuStrategy > size > should return 0 when empty
 ✓ packages/cache/test/unit/lfu.strategy.spec.ts > LfuStrategy > size > should return correct count
 ✓ packages/cache/test/unit/lfu.strategy.spec.ts > LfuStrategy > size > should decrease after delete
 ✓ packages/cache/test/unit/lfu.strategy.spec.ts > LfuStrategy > getKeys > should return empty array when empty
 ✓ packages/cache/test/unit/lfu.strategy.spec.ts > LfuStrategy > getKeys > should return keys sorted by frequency ascending
 ✓ packages/cache/test/unit/lfu.strategy.spec.ts > LfuStrategy > getKeys > should use insertion order for same frequency
 ✓ packages/cache/test/unit/lfu.strategy.spec.ts > LfuStrategy > getVictims > should return empty when at or below target size
 ✓ packages/cache/test/unit/lfu.strategy.spec.ts > LfuStrategy > getVictims > should return empty when target exceeds current size
 ✓ packages/cache/test/unit/lfu.strategy.spec.ts > LfuStrategy > getVictims > should return correct number of victims
 ✓ packages/cache/test/unit/lfu.strategy.spec.ts > LfuStrategy > getVictims > should return multiple victims when needed
 ✓ packages/cache/test/unit/lfu.strategy.spec.ts > LfuStrategy > getVictims > should evict to target size 0
 ✓ packages/cache/test/unit/lfu.strategy.spec.ts > LfuStrategy > has > should return false for non-existent key
 ✓ packages/cache/test/unit/lfu.strategy.spec.ts > LfuStrategy > has > should return true for existing key
 ✓ packages/cache/test/unit/lfu.strategy.spec.ts > LfuStrategy > has > should return false after delete
 ✓ packages/cache/test/unit/lfu.strategy.spec.ts > LfuStrategy > getFrequency > should return 0 for non-existent key
 ✓ packages/cache/test/unit/lfu.strategy.spec.ts > LfuStrategy > getFrequency > should return 1 after insert
 ✓ packages/cache/test/unit/lfu.strategy.spec.ts > LfuStrategy > getFrequency > should track frequency accurately
 ✓ packages/cache/test/unit/lfu.strategy.spec.ts > LfuStrategy > LFU behavior scenarios > should prefer evicting least frequent over oldest
 ✓ packages/cache/test/unit/lfu.strategy.spec.ts > LfuStrategy > LFU behavior scenarios > should handle insert-delete-insert correctly
 ✓ packages/cache/test/unit/lfu.strategy.spec.ts > LfuStrategy > LFU behavior scenarios > should handle complex access patterns
 ✓ packages/cache/test/unit/lfu.strategy.spec.ts > LfuStrategy > LFU behavior scenarios > should work correctly with single element
 ✓ packages/locks/test/unit/lock.service.spec.ts > LockService > retry behavior > should cap delay at maxDelay 904ms
 ✓ packages/cache/test/unit/fifo.strategy.spec.ts > FifoStrategy > recordInsert > should add key to queue
 ✓ packages/cache/test/unit/fifo.strategy.spec.ts > FifoStrategy > recordInsert > should add multiple keys in order
 ✓ packages/cache/test/unit/fifo.strategy.spec.ts > FifoStrategy > recordInsert > should not add duplicate key
 ✓ packages/cache/test/unit/fifo.strategy.spec.ts > FifoStrategy > recordInsert > should handle numeric keys
 ✓ packages/cache/test/unit/fifo.strategy.spec.ts > FifoStrategy > recordAccess > should be no-op in FIFO
 ✓ packages/cache/test/unit/fifo.strategy.spec.ts > FifoStrategy > recordAccess > should not affect eviction order
 ✓ packages/cache/test/unit/fifo.strategy.spec.ts > FifoStrategy > recordDelete > should remove key from queue
 ✓ packages/cache/test/unit/fifo.strategy.spec.ts > FifoStrategy > recordDelete > should handle deleting middle key
 ✓ packages/cache/test/unit/fifo.strategy.spec.ts > FifoStrategy > recordDelete > should handle deleting last key
 ✓ packages/cache/test/unit/fifo.strategy.spec.ts > FifoStrategy > recordDelete > should handle deleting non-existent key
 ✓ packages/cache/test/unit/fifo.strategy.spec.ts > FifoStrategy > recordDelete > should remove all keys when deleted one by one
 ✓ packages/cache/test/unit/fifo.strategy.spec.ts > FifoStrategy > selectVictim > should return oldest key
 ✓ packages/cache/test/unit/fifo.strategy.spec.ts > FifoStrategy > selectVictim > should return undefined for empty strategy
 ✓ packages/cache/test/unit/fifo.strategy.spec.ts > FifoStrategy > selectVictim > should return only key when single item
 ✓ packages/cache/test/unit/fifo.strategy.spec.ts > FifoStrategy > selectVictim > should not remove victim from queue
 ✓ packages/cache/test/unit/fifo.strategy.spec.ts > FifoStrategy > getVictims > should return oldest keys up to target size
 ✓ packages/cache/test/unit/fifo.strategy.spec.ts > FifoStrategy > getVictims > should return empty array when at target size
 ✓ packages/cache/test/unit/fifo.strategy.spec.ts > FifoStrategy > getVictims > should return empty array when below target size
 ✓ packages/cache/test/unit/fifo.strategy.spec.ts > FifoStrategy > getVictims > should return all keys when target size is zero
 ✓ packages/cache/test/unit/fifo.strategy.spec.ts > FifoStrategy > getVictims > should handle target size of 1
 ✓ packages/cache/test/unit/fifo.strategy.spec.ts > FifoStrategy > clear > should remove all keys
 ✓ packages/cache/test/unit/fifo.strategy.spec.ts > FifoStrategy > clear > should allow adding keys after clear
 ✓ packages/cache/test/unit/fifo.strategy.spec.ts > FifoStrategy > size > should return zero for empty strategy
 ✓ packages/cache/test/unit/fifo.strategy.spec.ts > FifoStrategy > size > should return correct size after inserts
 ✓ packages/cache/test/unit/fifo.strategy.spec.ts > FifoStrategy > size > should update size after delete
 ✓ packages/cache/test/unit/fifo.strategy.spec.ts > FifoStrategy > has > should return true for existing key
 ✓ packages/cache/test/unit/fifo.strategy.spec.ts > FifoStrategy > has > should return false for non-existent key
 ✓ packages/cache/test/unit/fifo.strategy.spec.ts > FifoStrategy > has > should return false after key is deleted
 ✓ packages/cache/test/unit/fifo.strategy.spec.ts > FifoStrategy > has > should return false for empty strategy
 ✓ packages/cache/test/unit/fifo.strategy.spec.ts > FifoStrategy > getKeys > should return empty array for empty strategy
 ✓ packages/cache/test/unit/fifo.strategy.spec.ts > FifoStrategy > getKeys > should return all keys in insertion order
 ✓ packages/cache/test/unit/fifo.strategy.spec.ts > FifoStrategy > getKeys > should return copy of keys array
 ✓ packages/cache/test/unit/fifo.strategy.spec.ts > FifoStrategy > FIFO behavior scenarios > should maintain insertion order despite access patterns
 ✓ packages/cache/test/unit/fifo.strategy.spec.ts > FifoStrategy > FIFO behavior scenarios > should evict oldest even if recently accessed
 ✓ packages/cache/test/unit/fifo.strategy.spec.ts > FifoStrategy > FIFO behavior scenarios > should handle insert-delete-insert sequence
 ✓ packages/cache/test/unit/event-pattern.vo.spec.ts > EventPattern > create > should create pattern from string
 ✓ packages/cache/test/unit/event-pattern.vo.spec.ts > EventPattern > create > should create pattern with wildcard
 ✓ packages/cache/test/unit/event-pattern.vo.spec.ts > EventPattern > create > should create pattern with hash wildcard
 ✓ packages/cache/test/unit/event-pattern.vo.spec.ts > EventPattern > create > should trim whitespace from pattern
 ✓ packages/cache/test/unit/event-pattern.vo.spec.ts > EventPattern > create > should throw error for empty pattern
 ✓ packages/cache/test/unit/event-pattern.vo.spec.ts > EventPattern > create > should throw error for whitespace-only pattern
 ✓ packages/cache/test/unit/event-pattern.vo.spec.ts > EventPattern > create > should throw error for pattern with invalid characters
 ✓ packages/cache/test/unit/event-pattern.vo.spec.ts > EventPattern > create > should throw error for pattern with spaces
 ✓ packages/cache/test/unit/event-pattern.vo.spec.ts > EventPattern > create > should throw error for pattern with special chars
 ✓ packages/cache/test/unit/event-pattern.vo.spec.ts > EventPattern > create > should accept pattern with dashes
 ✓ packages/cache/test/unit/event-pattern.vo.spec.ts > EventPattern > create > should accept pattern with underscores
 ✓ packages/cache/test/unit/event-pattern.vo.spec.ts > EventPattern > create > should accept pattern with numbers
 ✓ packages/cache/test/unit/event-pattern.vo.spec.ts > EventPattern > create > should accept pattern with mixed case
 ✓ packages/cache/test/unit/event-pattern.vo.spec.ts > EventPattern > matches > should match exact event
 ✓ packages/cache/test/unit/event-pattern.vo.spec.ts > EventPattern > matches > should not match different event
 ✓ packages/cache/test/unit/event-pattern.vo.spec.ts > EventPattern > matches > should match with single wildcard
 ✓ packages/cache/test/unit/event-pattern.vo.spec.ts > EventPattern > matches > should not match multiple segments with single wildcard
 ✓ packages/cache/test/unit/event-pattern.vo.spec.ts > EventPattern > matches > should match with hash wildcard for multiple segments
 ✓ packages/cache/test/unit/event-pattern.vo.spec.ts > EventPattern > matches > should match zero segments with hash wildcard
 ✓ packages/cache/test/unit/event-pattern.vo.spec.ts > EventPattern > matches > should not match different namespace with wildcard
 ✓ packages/cache/test/unit/event-pattern.vo.spec.ts > EventPattern > matches > should match with wildcard in middle
 ✓ packages/cache/test/unit/event-pattern.vo.spec.ts > EventPattern > matches > should match with hash in middle
 ✓ packages/cache/test/unit/event-pattern.vo.spec.ts > EventPattern > matches > should match with multiple wildcards
 ✓ packages/cache/test/unit/event-pattern.vo.spec.ts > EventPattern > matches > should be case-sensitive
 ✓ packages/cache/test/unit/event-pattern.vo.spec.ts > EventPattern > matches > should match patterns with dashes
 ✓ packages/cache/test/unit/event-pattern.vo.spec.ts > EventPattern > matches > should match patterns with underscores
 ✓ packages/cache/test/unit/event-pattern.vo.spec.ts > EventPattern > toString > should return pattern string
 ✓ packages/cache/test/unit/event-pattern.vo.spec.ts > EventPattern > toString > should return pattern with wildcard
 ✓ packages/cache/test/unit/event-pattern.vo.spec.ts > EventPattern > equals > should return true for same pattern
 ✓ packages/cache/test/unit/event-pattern.vo.spec.ts > EventPattern > equals > should return false for different patterns
 ✓ packages/cache/test/unit/event-pattern.vo.spec.ts > EventPattern > equals > should return true for same pattern with whitespace
 ✓ packages/cache/test/unit/event-pattern.vo.spec.ts > EventPattern > equals > should be case-sensitive
stdout | packages/core/test/load/client-manager.load.spec.ts > Redis Client Manager Load Tests > Throughput Tests > should handle 10,000 SET operations
✅ Throughput: 87719 ops/sec

 ✓ packages/core/test/load/client-manager.load.spec.ts > Redis Client Manager Load Tests > Throughput Tests > should handle 10,000 SET operations
stdout | packages/core/test/load/client-manager.load.spec.ts > Redis Client Manager Load Tests > Throughput Tests > should handle 5,000 GET operations
✅ GET Throughput: 106383 ops/sec

 ✓ packages/core/test/load/client-manager.load.spec.ts > Redis Client Manager Load Tests > Throughput Tests > should handle 5,000 GET operations
 ✓ packages/idempotency/test/unit/redis-idempotency-store.adapter.spec.ts > RedisIdempotencyStoreAdapter > onModuleInit > should load Lua script on initialization
 ✓ packages/idempotency/test/unit/redis-idempotency-store.adapter.spec.ts > RedisIdempotencyStoreAdapter > checkAndLock > should return new status for new request
 ✓ packages/idempotency/test/unit/redis-idempotency-store.adapter.spec.ts > RedisIdempotencyStoreAdapter > checkAndLock > should return fingerprint_mismatch status when fingerprint differs
 ✓ packages/idempotency/test/unit/redis-idempotency-store.adapter.spec.ts > RedisIdempotencyStoreAdapter > checkAndLock > should return processing status when request is in progress
 ✓ packages/idempotency/test/unit/redis-idempotency-store.adapter.spec.ts > RedisIdempotencyStoreAdapter > checkAndLock > should return completed status with record
 ✓ packages/idempotency/test/unit/redis-idempotency-store.adapter.spec.ts > RedisIdempotencyStoreAdapter > checkAndLock > should return failed status with error
 ✓ packages/idempotency/test/unit/redis-idempotency-store.adapter.spec.ts > RedisIdempotencyStoreAdapter > checkAndLock > should handle empty optional fields
 ✓ packages/idempotency/test/unit/redis-idempotency-store.adapter.spec.ts > RedisIdempotencyStoreAdapter > complete > should store completed data with TTL
 ✓ packages/idempotency/test/unit/redis-idempotency-store.adapter.spec.ts > RedisIdempotencyStoreAdapter > complete > should handle missing optional fields
 ✓ packages/idempotency/test/unit/redis-idempotency-store.adapter.spec.ts > RedisIdempotencyStoreAdapter > fail > should store failed status with error message
 ✓ packages/idempotency/test/unit/redis-idempotency-store.adapter.spec.ts > RedisIdempotencyStoreAdapter > get > should return idempotency record when exists
 ✓ packages/idempotency/test/unit/redis-idempotency-store.adapter.spec.ts > RedisIdempotencyStoreAdapter > get > should return processing record
 ✓ packages/idempotency/test/unit/redis-idempotency-store.adapter.spec.ts > RedisIdempotencyStoreAdapter > get > should return failed record
 ✓ packages/idempotency/test/unit/redis-idempotency-store.adapter.spec.ts > RedisIdempotencyStoreAdapter > get > should return null when record does not exist
 ✓ packages/idempotency/test/unit/redis-idempotency-store.adapter.spec.ts > RedisIdempotencyStoreAdapter > get > should return null when record is empty
 ✓ packages/idempotency/test/unit/redis-idempotency-store.adapter.spec.ts > RedisIdempotencyStoreAdapter > get > should handle missing optional fields
 ✓ packages/idempotency/test/unit/redis-idempotency-store.adapter.spec.ts > RedisIdempotencyStoreAdapter > delete > should delete record and return true
 ✓ packages/idempotency/test/unit/redis-idempotency-store.adapter.spec.ts > RedisIdempotencyStoreAdapter > delete > should return false when record does not exist
 ✓ packages/core/test/unit/driver.factory.spec.ts > DriverFactory > createDriver > IoRedis driver > should create IoRedis driver for single connection
 ✓ packages/core/test/unit/driver.factory.spec.ts > DriverFactory > createDriver > IoRedis driver > should create IoRedis driver for cluster connection
 ✓ packages/core/test/unit/driver.factory.spec.ts > DriverFactory > createDriver > IoRedis driver > should create IoRedis driver for sentinel connection
 ✓ packages/core/test/unit/driver.factory.spec.ts > DriverFactory > createDriver > IoRedis driver > should create IoRedis driver by default
 ✓ packages/core/test/unit/driver.factory.spec.ts > DriverFactory > createDriver > IoRedis driver > should pass enableLogging option to driver
 ✓ packages/core/test/unit/driver.factory.spec.ts > DriverFactory > createDriver > NodeRedis driver > should create NodeRedis driver for single connection
 ✓ packages/core/test/unit/driver.factory.spec.ts > DriverFactory > createDriver > NodeRedis driver > should create NodeRedis driver for cluster connection
 ✓ packages/core/test/unit/driver.factory.spec.ts > DriverFactory > createDriver > NodeRedis driver > should create NodeRedis driver for sentinel connection
 ✓ packages/core/test/unit/driver.factory.spec.ts > DriverFactory > createDriver > should throw error for unknown driver type
 ✓ packages/core/test/unit/driver.factory.spec.ts > DriverFactory > createDrivers > should create multiple drivers with default type
 ✓ packages/core/test/unit/driver.factory.spec.ts > DriverFactory > createDrivers > should create multiple drivers with specified type
 ✓ packages/core/test/unit/driver.factory.spec.ts > DriverFactory > createDrivers > should create multiple drivers with different config types
 ✓ packages/core/test/unit/driver.factory.spec.ts > DriverFactory > createDrivers > should create empty object for empty configs
 ✓ packages/core/test/unit/driver.factory.spec.ts > DriverFactory > detectAvailableDriver > should detect ioredis as available
 ✓ packages/core/test/unit/driver.factory.spec.ts > DriverFactory > getRecommendedDriver > should recommend ioredis
 ✓ packages/core/test/unit/driver.factory.spec.ts > DriverFactory > DriverFactory class > create > should create driver with default type
 ✓ packages/core/test/unit/driver.factory.spec.ts > DriverFactory > DriverFactory class > create > should create driver with specified type
 ✓ packages/core/test/unit/driver.factory.spec.ts > DriverFactory > DriverFactory class > getSupportedTypes > should return all supported driver types
 ✓ packages/core/test/unit/driver.factory.spec.ts > DriverFactory > DriverFactory class > isSupported > should return true for ioredis
 ✓ packages/core/test/unit/driver.factory.spec.ts > DriverFactory > DriverFactory class > isSupported > should return true for node-redis
 ✓ packages/core/test/unit/driver.factory.spec.ts > DriverFactory > DriverFactory class > isSupported > should return false for unknown type
 ✓ packages/core/test/unit/driver.factory.spec.ts > DriverFactory > DriverFactory class > getDefaultType > should return default driver type
 ✓ packages/core/test/unit/driver.factory.spec.ts > DriverFactory > Edge Cases > should handle config with all optional fields
 ✓ packages/core/test/unit/driver.factory.spec.ts > DriverFactory > Edge Cases > should handle cluster config with options
 ✓ packages/core/test/unit/driver.factory.spec.ts > DriverFactory > Edge Cases > should handle sentinel config with options
 ✓ packages/core/test/unit/driver.factory.spec.ts > DriverFactory > Edge Cases > should handle TLS config
stdout | packages/core/test/load/client-manager.load.spec.ts > Redis Client Manager Load Tests > Latency Tests > should measure latency distribution for 1,000 operations
✅ Latency - Avg: 0.83ms, p50: 0.34ms, p95: 3.83ms, p99: 7.64ms

 ✓ packages/core/test/load/client-manager.load.spec.ts > Redis Client Manager Load Tests > Latency Tests > should measure latency distribution for 1,000 operations 848ms
stdout | packages/core/test/load/client-manager.load.spec.ts > Redis Client Manager Load Tests > Concurrent Operations > should handle 100 concurrent clients performing operations
✅ Concurrent Throughput: 108696 ops/sec (100 clients)

 ✓ packages/core/test/load/client-manager.load.spec.ts > Redis Client Manager Load Tests > Concurrent Operations > should handle 100 concurrent clients performing operations
 ✓ packages/rate-limit/test/unit/redis-rate-limit-store.adapter.spec.ts > RedisRateLimitStoreAdapter > onModuleInit > should load all Lua scripts on initialization
 ✓ packages/rate-limit/test/unit/redis-rate-limit-store.adapter.spec.ts > RedisRateLimitStoreAdapter > onModuleInit > should throw RateLimitScriptError when script loading fails
 ✓ packages/rate-limit/test/unit/redis-rate-limit-store.adapter.spec.ts > RedisRateLimitStoreAdapter > fixedWindow > should check fixed window rate limit successfully
 ✓ packages/rate-limit/test/unit/redis-rate-limit-store.adapter.spec.ts > RedisRateLimitStoreAdapter > fixedWindow > should return not allowed when limit exceeded
 ✓ packages/rate-limit/test/unit/redis-rate-limit-store.adapter.spec.ts > RedisRateLimitStoreAdapter > fixedWindow > should fallback to eval on NOSCRIPT error
 ✓ packages/rate-limit/test/unit/redis-rate-limit-store.adapter.spec.ts > RedisRateLimitStoreAdapter > fixedWindow > should throw RateLimitScriptError on non-NOSCRIPT error
 ✓ packages/rate-limit/test/unit/redis-rate-limit-store.adapter.spec.ts > RedisRateLimitStoreAdapter > slidingWindow > should check sliding window rate limit successfully
 ✓ packages/rate-limit/test/unit/redis-rate-limit-store.adapter.spec.ts > RedisRateLimitStoreAdapter > slidingWindow > should include retryAfter when limit exceeded
 ✓ packages/rate-limit/test/unit/redis-rate-limit-store.adapter.spec.ts > RedisRateLimitStoreAdapter > slidingWindow > should fallback to eval on NOSCRIPT error
 ✓ packages/rate-limit/test/unit/redis-rate-limit-store.adapter.spec.ts > RedisRateLimitStoreAdapter > slidingWindow > should throw RateLimitScriptError on error
 ✓ packages/rate-limit/test/unit/redis-rate-limit-store.adapter.spec.ts > RedisRateLimitStoreAdapter > tokenBucket > should check token bucket rate limit successfully
 ✓ packages/rate-limit/test/unit/redis-rate-limit-store.adapter.spec.ts > RedisRateLimitStoreAdapter > tokenBucket > should include retryAfter when bucket empty
 ✓ packages/rate-limit/test/unit/redis-rate-limit-store.adapter.spec.ts > RedisRateLimitStoreAdapter > tokenBucket > should fallback to eval on NOSCRIPT error
 ✓ packages/rate-limit/test/unit/redis-rate-limit-store.adapter.spec.ts > RedisRateLimitStoreAdapter > tokenBucket > should throw RateLimitScriptError on error
 ✓ packages/rate-limit/test/unit/redis-rate-limit-store.adapter.spec.ts > RedisRateLimitStoreAdapter > peek > should peek fixed-window state
 ✓ packages/rate-limit/test/unit/redis-rate-limit-store.adapter.spec.ts > RedisRateLimitStoreAdapter > peek > should peek sliding-window state
 ✓ packages/rate-limit/test/unit/redis-rate-limit-store.adapter.spec.ts > RedisRateLimitStoreAdapter > peek > should peek token-bucket state
 ✓ packages/rate-limit/test/unit/redis-rate-limit-store.adapter.spec.ts > RedisRateLimitStoreAdapter > peek > should throw RateLimitScriptError on peek error
 ✓ packages/rate-limit/test/unit/redis-rate-limit-store.adapter.spec.ts > RedisRateLimitStoreAdapter > reset > should reset rate limit key
 ✓ packages/rate-limit/test/unit/redis-rate-limit-store.adapter.spec.ts > RedisRateLimitStoreAdapter > reset > should throw RateLimitScriptError on reset error
stdout | packages/core/test/load/client-manager.load.spec.ts > Redis Client Manager Load Tests > Pipeline Performance > should demonstrate pipeline efficiency vs sequential
✅ Pipeline Speedup: 37.7x (Sequential: 264ms, Pipeline: 7ms)

 ✓ packages/core/test/load/client-manager.load.spec.ts > Redis Client Manager Load Tests > Pipeline Performance > should demonstrate pipeline efficiency vs sequential
stdout | packages/core/test/load/client-manager.load.spec.ts > Redis Client Manager Load Tests > Data Structure Performance > should handle bulk hash operations efficiently
✅ Hash Throughput: 833333 fields/sec

stdout | packages/core/test/load/client-manager.load.spec.ts > Redis Client Manager Load Tests > Data Structure Performance > should handle bulk list operations efficiently
✅ List Throughput: 3333333 items/sec

 ✓ packages/core/test/load/client-manager.load.spec.ts > Redis Client Manager Load Tests > Data Structure Performance > should handle bulk hash operations efficiently
 ✓ packages/core/test/load/client-manager.load.spec.ts > Redis Client Manager Load Tests > Data Structure Performance > should handle bulk list operations efficiently
stdout | packages/core/test/load/client-manager.load.spec.ts > Redis Client Manager Load Tests > Memory Efficiency > should handle large value operations
✅ Large Value Throughput: 97.66 MB/s

 ✓ packages/core/test/load/client-manager.load.spec.ts > Redis Client Manager Load Tests > Memory Efficiency > should handle large value operations
 ✓ packages/core/test/unit/inject-redis.decorator.spec.ts > InjectRedis Decorator > Token Generation > should generate token for default client
 ✓ packages/core/test/unit/inject-redis.decorator.spec.ts > InjectRedis Decorator > Token Generation > should generate token for named client
 ✓ packages/core/test/unit/inject-redis.decorator.spec.ts > InjectRedis Decorator > Token Generation > should return same token for same client name
 ✓ packages/core/test/unit/inject-redis.decorator.spec.ts > InjectRedis Decorator > Token Generation > should create different tokens for different client names
 ✓ packages/core/test/unit/inject-redis.decorator.spec.ts > InjectRedis Decorator > Multiple Injections > should support multiple @InjectRedis decorators in same class
 ✓ packages/core/test/unit/inject-redis.decorator.spec.ts > InjectRedis Decorator > Edge Cases > should handle empty string as client name
 ✓ packages/core/test/unit/inject-redis.decorator.spec.ts > InjectRedis Decorator > Edge Cases > should handle client names with special characters
 ✓ packages/core/test/unit/inject-redis.decorator.spec.ts > InjectRedis Decorator > Edge Cases > should handle client names with spaces
 ✓ packages/core/test/unit/inject-redis.decorator.spec.ts > InjectRedis Decorator > Edge Cases > should handle very long client names
 ✓ packages/core/test/unit/inject-redis.decorator.spec.ts > InjectRedis Decorator > Edge Cases > should handle Unicode characters in client names
 ✓ packages/core/test/unit/inject-redis.decorator.spec.ts > InjectRedis Decorator > Type Safety > should work with typed Redis driver
 ✓ packages/core/test/unit/inject-redis.decorator.spec.ts > InjectRedis Decorator > Decorator Returns ParameterDecorator > should return a parameter decorator function
 ✓ packages/core/test/unit/inject-redis.decorator.spec.ts > InjectRedis Decorator > Decorator Returns ParameterDecorator > should be usable as parameter decorator
 ✓ packages/core/test/unit/inject-redis.decorator.spec.ts > InjectRedis Decorator > Integration with NestJS DI > should generate symbols for NestJS DI
 ✓ packages/core/test/unit/inject-redis.decorator.spec.ts > InjectRedis Decorator > Integration with NestJS DI > should return stable tokens for same client name
 ✓ packages/core/test/unit/inject-redis.decorator.spec.ts > InjectRedis Decorator > Usage Examples > should work in basic service
 ✓ packages/core/test/unit/inject-redis.decorator.spec.ts > InjectRedis Decorator > Usage Examples > should work with named client
 ✓ packages/core/test/unit/inject-redis.decorator.spec.ts > InjectRedis Decorator > Usage Examples > should work with multiple named clients
 ✓ packages/core/test/unit/inject-redis.decorator.spec.ts > InjectRedis Decorator > Default Value Behavior > should use DEFAULT_CLIENT_NAME when called without arguments
 ✓ packages/core/test/unit/inject-redis.decorator.spec.ts > InjectRedis Decorator > Default Value Behavior > should create different tokens for default vs custom names
 ✓ packages/locks/test/unit/lock.entity.spec.ts > Lock Entity > constructor > should create lock with provided parameters
 ✓ packages/locks/test/unit/lock.entity.spec.ts > Lock Entity > constructor > should calculate expiration timestamp correctly
 ✓ packages/locks/test/unit/lock.entity.spec.ts > Lock Entity > release > should release lock successfully
 ✓ packages/locks/test/unit/lock.entity.spec.ts > Lock Entity > release > should throw LockNotOwnedError when release fails
 ✓ packages/locks/test/unit/lock.entity.spec.ts > Lock Entity > release > should be idempotent - safe to call multiple times
 ✓ packages/locks/test/unit/lock.entity.spec.ts > Lock Entity > release > should stop auto-renewal on release
 ✓ packages/locks/test/unit/lock.entity.spec.ts > Lock Entity > extend > should extend lock TTL successfully
 ✓ packages/locks/test/unit/lock.entity.spec.ts > Lock Entity > extend > should throw LockExtensionError when extension fails
 ✓ packages/locks/test/unit/lock.entity.spec.ts > Lock Entity > extend > should throw LockNotOwnedError when lock already released
 ✓ packages/locks/test/unit/lock.entity.spec.ts > Lock Entity > extend > should update expiresAt timestamp
 ✓ packages/locks/test/unit/lock.entity.spec.ts > Lock Entity > isHeld > should return true when lock is held
 ✓ packages/locks/test/unit/lock.entity.spec.ts > Lock Entity > isHeld > should return false when lock is not held
 ✓ packages/locks/test/unit/lock.entity.spec.ts > Lock Entity > isHeld > should return false when lock was released
 ✓ packages/locks/test/unit/lock.entity.spec.ts > Lock Entity > startAutoRenew > should start automatic renewal
 ✓ packages/locks/test/unit/lock.entity.spec.ts > Lock Entity > startAutoRenew > should be idempotent - not start multiple timers
 ✓ packages/streams/test/unit/stream-consumer.service.spec.ts > StreamConsumerService > consume > should create consumer and return handle
 ✓ packages/streams/test/unit/stream-consumer.service.spec.ts > StreamConsumerService > consume > should use custom options
 ✓ packages/streams/test/unit/stream-consumer.service.spec.ts > StreamConsumerService > consume > should use default config values
 ✓ packages/streams/test/unit/stream-consumer.service.spec.ts > StreamConsumerService > consume > should throw error when consumer already exists
 ✓ packages/streams/test/unit/stream-consumer.service.spec.ts > StreamConsumerService > consume > should allow different consumers with same stream and group
 ✓ packages/streams/test/unit/stream-consumer.service.spec.ts > StreamConsumerService > stop > should stop consumer by handle
 ✓ packages/streams/test/unit/stream-consumer.service.spec.ts > StreamConsumerService > stop > should do nothing when stopping non-existent consumer
 ✓ packages/streams/test/unit/stream-consumer.service.spec.ts > StreamConsumerService > createGroup > should create consumer group
 ✓ packages/streams/test/unit/stream-consumer.service.spec.ts > StreamConsumerService > createGroup > should create group with custom start ID
 ✓ packages/streams/test/unit/stream-consumer.service.spec.ts > StreamConsumerService > createGroup > should ignore BUSYGROUP error
 ✓ packages/streams/test/unit/stream-consumer.service.spec.ts > StreamConsumerService > createGroup > should throw other errors
 ✓ packages/streams/test/unit/stream-consumer.service.spec.ts > StreamConsumerService > getPending > should return pending info
 ✓ packages/streams/test/unit/stream-consumer.service.spec.ts > StreamConsumerService > getPending > should handle no pending messages
 ✓ packages/streams/test/unit/stream-consumer.service.spec.ts > StreamConsumerService > claimIdle > should return empty array when no idle messages
 ✓ packages/streams/test/unit/stream-consumer.service.spec.ts > StreamConsumerService > claimIdle > should claim idle messages via xclaim
 ✓ packages/streams/test/unit/stream-consumer.service.spec.ts > StreamConsumerService > claimIdle > should filter by minIdleTime
 ✓ packages/streams/test/unit/stream-consumer.service.spec.ts > StreamConsumerService > onModuleDestroy > should stop all consumers on module destroy
 ✓ packages/streams/test/unit/stream-consumer.service.spec.ts > StreamConsumerService > onModuleDestroy > should handle empty consumers map
 ✓ packages/locks/test/unit/lock.entity.spec.ts > Lock Entity > startAutoRenew > should stop renewal when extension fails
 ✓ packages/rate-limit/test/unit/strategies.spec.ts > Rate Limit Strategies > FixedWindowStrategy > should have correct name
 ✓ packages/rate-limit/test/unit/strategies.spec.ts > Rate Limit Strategies > FixedWindowStrategy > should return Lua script
 ✓ packages/rate-limit/test/unit/strategies.spec.ts > Rate Limit Strategies > FixedWindowStrategy > should include INCR command in script
 ✓ packages/rate-limit/test/unit/strategies.spec.ts > Rate Limit Strategies > FixedWindowStrategy > should include EXPIRE command in script
 ✓ packages/rate-limit/test/unit/strategies.spec.ts > Rate Limit Strategies > FixedWindowStrategy > should calculate window and reset time
 ✓ packages/rate-limit/test/unit/strategies.spec.ts > Rate Limit Strategies > FixedWindowStrategy > should throw error when check is called without store
 ✓ packages/rate-limit/test/unit/strategies.spec.ts > Rate Limit Strategies > FixedWindowStrategy > should delegate check to store when store is provided
 ✓ packages/rate-limit/test/unit/strategies.spec.ts > Rate Limit Strategies > FixedWindowStrategy > should return non-empty script
 ✓ packages/rate-limit/test/unit/strategies.spec.ts > Rate Limit Strategies > SlidingWindowStrategy > should have correct name
 ✓ packages/rate-limit/test/unit/strategies.spec.ts > Rate Limit Strategies > SlidingWindowStrategy > should return Lua script
 ✓ packages/rate-limit/test/unit/strategies.spec.ts > Rate Limit Strategies > SlidingWindowStrategy > should use sorted set commands
 ✓ packages/rate-limit/test/unit/strategies.spec.ts > Rate Limit Strategies > SlidingWindowStrategy > should include PEXPIRE for TTL
 ✓ packages/rate-limit/test/unit/strategies.spec.ts > Rate Limit Strategies > SlidingWindowStrategy > should calculate retry time when limit exceeded
 ✓ packages/rate-limit/test/unit/strategies.spec.ts > Rate Limit Strategies > SlidingWindowStrategy > should throw error when check is called without store
 ✓ packages/rate-limit/test/unit/strategies.spec.ts > Rate Limit Strategies > SlidingWindowStrategy > should delegate check to store when store is provided
 ✓ packages/rate-limit/test/unit/strategies.spec.ts > Rate Limit Strategies > SlidingWindowStrategy > should return non-empty script
 ✓ packages/rate-limit/test/unit/strategies.spec.ts > Rate Limit Strategies > TokenBucketStrategy > should have correct name
 ✓ packages/rate-limit/test/unit/strategies.spec.ts > Rate Limit Strategies > TokenBucketStrategy > should return Lua script
 ✓ packages/rate-limit/test/unit/strategies.spec.ts > Rate Limit Strategies > TokenBucketStrategy > should use hash commands for state storage
 ✓ packages/rate-limit/test/unit/strategies.spec.ts > Rate Limit Strategies > TokenBucketStrategy > should implement token refill logic
 ✓ packages/rate-limit/test/unit/strategies.spec.ts > Rate Limit Strategies > TokenBucketStrategy > should implement token consumption
 ✓ packages/rate-limit/test/unit/strategies.spec.ts > Rate Limit Strategies > TokenBucketStrategy > should include PEXPIRE for TTL
 ✓ packages/rate-limit/test/unit/strategies.spec.ts > Rate Limit Strategies > TokenBucketStrategy > should calculate retry time when bucket empty
 ✓ packages/rate-limit/test/unit/strategies.spec.ts > Rate Limit Strategies > TokenBucketStrategy > should throw error when check is called without store
 ✓ packages/rate-limit/test/unit/strategies.spec.ts > Rate Limit Strategies > TokenBucketStrategy > should delegate check to store when store is provided
 ✓ packages/rate-limit/test/unit/strategies.spec.ts > Rate Limit Strategies > TokenBucketStrategy > should return non-empty script
 ✓ packages/rate-limit/test/unit/strategies.spec.ts > Rate Limit Strategies > Strategy Comparison > should have unique names for each strategy
 ✓ packages/rate-limit/test/unit/strategies.spec.ts > Rate Limit Strategies > Strategy Comparison > should all return non-empty scripts
 ✓ packages/rate-limit/test/unit/strategies.spec.ts > Rate Limit Strategies > Strategy Comparison > should all throw error on direct check call without store
 ✓ packages/locks/test/unit/lock.entity.spec.ts > Lock Entity > startAutoRenew > should continue renewal on successful extensions
 ✓ packages/locks/test/unit/lock.entity.spec.ts > Lock Entity > stopAutoRenew > should stop automatic renewal
 ✓ packages/locks/test/unit/lock.entity.spec.ts > Lock Entity > stopAutoRenew > should be safe to call multiple times
 ✓ packages/locks/test/unit/lock.entity.spec.ts > Lock Entity > stopAutoRenew > should be safe to call when not renewing
 ✓ packages/locks/test/unit/lock.entity.spec.ts > Lock Entity > expiresAt > should return expiration timestamp
 ✓ packages/locks/test/unit/lock.entity.spec.ts > Lock Entity > isAutoRenewing > should return false initially
 ✓ packages/locks/test/unit/lock.entity.spec.ts > Lock Entity > isAutoRenewing > should return true when auto-renewing
 ✓ packages/locks/test/unit/lock.entity.spec.ts > Lock Entity > isAutoRenewing > should return false after stopping
 ✓ packages/streams/test/unit/dead-letter.service.spec.ts > DeadLetterService > add > should add message to DLQ
 ✓ packages/streams/test/unit/dead-letter.service.spec.ts > DeadLetterService > add > should add message without error object
 ✓ packages/streams/test/unit/dead-letter.service.spec.ts > DeadLetterService > add > should return empty string when DLQ is disabled
 ✓ packages/streams/test/unit/dead-letter.service.spec.ts > DeadLetterService > add > should use custom DLQ suffix
 ✓ packages/streams/test/unit/dead-letter.service.spec.ts > DeadLetterService > add > should use custom maxLen
 ✓ packages/streams/test/unit/dead-letter.service.spec.ts > DeadLetterService > add > should include failedAt timestamp
 ✓ packages/streams/test/unit/dead-letter.service.spec.ts > DeadLetterService > getMessages > should retrieve DLQ messages
 ✓ packages/streams/test/unit/dead-letter.service.spec.ts > DeadLetterService > getMessages > should retrieve with custom count
 ✓ packages/streams/test/unit/dead-letter.service.spec.ts > DeadLetterService > getMessages > should use custom DLQ suffix
 ✓ packages/streams/test/unit/dead-letter.service.spec.ts > DeadLetterService > getMessages > should return empty array when no messages
 ✓ packages/streams/test/unit/dead-letter.service.spec.ts > DeadLetterService > requeue > should requeue message from DLQ
 ✓ packages/streams/test/unit/dead-letter.service.spec.ts > DeadLetterService > requeue > should throw error when message not found
 ✓ packages/streams/test/unit/dead-letter.service.spec.ts > DeadLetterService > requeue > should use custom DLQ suffix when requeueing
 ✓ packages/streams/test/unit/dead-letter.service.spec.ts > DeadLetterService > purge > should purge DLQ stream
 ✓ packages/streams/test/unit/dead-letter.service.spec.ts > DeadLetterService > purge > should use custom DLQ suffix when purging
 ✓ packages/streams/test/unit/dead-letter.service.spec.ts > DeadLetterService > purge > should return 0 when DLQ stream does not exist
 ✓ packages/locks/test/unit/locks.plugin.spec.ts > LocksPlugin > plugin metadata > should have correct name
 × packages/locks/test/unit/locks.plugin.spec.ts > LocksPlugin > plugin metadata > should have version
   → expected '1.0.2' to be '0.1.0' // Object.is equality
 ✓ packages/locks/test/unit/locks.plugin.spec.ts > LocksPlugin > plugin metadata > should have description
 ✓ packages/locks/test/unit/locks.plugin.spec.ts > LocksPlugin > default configuration > should use default configuration when no options provided
 ✓ packages/locks/test/unit/locks.plugin.spec.ts > LocksPlugin > default configuration > should use default configuration when empty options provided
 ✓ packages/locks/test/unit/locks.plugin.spec.ts > LocksPlugin > configuration merging > should override defaultTtl
 ✓ packages/locks/test/unit/locks.plugin.spec.ts > LocksPlugin > configuration merging > should override keyPrefix
 ✓ packages/locks/test/unit/locks.plugin.spec.ts > LocksPlugin > configuration merging > should merge retry options with defaults
 ✓ packages/locks/test/unit/locks.plugin.spec.ts > LocksPlugin > configuration merging > should merge autoRenew options with defaults
 ✓ packages/locks/test/unit/locks.plugin.spec.ts > LocksPlugin > configuration merging > should override multiple options
 ✓ packages/locks/test/unit/locks.plugin.spec.ts > LocksPlugin > getProviders > should return configuration provider
 ✓ packages/locks/test/unit/locks.plugin.spec.ts > LocksPlugin > getProviders > should return lock store provider
 ✓ packages/locks/test/unit/locks.plugin.spec.ts > LocksPlugin > getProviders > should return lock service provider
 ✓ packages/locks/test/unit/locks.plugin.spec.ts > LocksPlugin > getProviders > should return exactly 5 providers
 ✓ packages/locks/test/unit/locks.plugin.spec.ts > LocksPlugin > getExports > should export lock service
 ✓ packages/locks/test/unit/locks.plugin.spec.ts > LocksPlugin > getExports > should export exactly 1 item
 ✓ packages/locks/test/unit/locks.plugin.spec.ts > LocksPlugin > plugin instantiation > should create plugin with no options
 ✓ packages/locks/test/unit/locks.plugin.spec.ts > LocksPlugin > plugin instantiation > should create plugin with partial options
 ✓ packages/locks/test/unit/locks.plugin.spec.ts > LocksPlugin > plugin instantiation > should create plugin with full options
 ✓ packages/tracing/test/unit/span-wrapper.spec.ts > SpanWrapper > spanId > should return span ID from context
 ✓ packages/tracing/test/unit/span-wrapper.spec.ts > SpanWrapper > traceId > should return trace ID from context
 ✓ packages/tracing/test/unit/span-wrapper.spec.ts > SpanWrapper > setAttribute > should set attribute on underlying span
 ✓ packages/tracing/test/unit/span-wrapper.spec.ts > SpanWrapper > setAttribute > should support fluent API
 ✓ packages/tracing/test/unit/span-wrapper.spec.ts > SpanWrapper > setAttribute > should handle different attribute types
 ✓ packages/tracing/test/unit/span-wrapper.spec.ts > SpanWrapper > setAttributes > should set multiple attributes on underlying span
 ✓ packages/tracing/test/unit/span-wrapper.spec.ts > SpanWrapper > setAttributes > should support fluent API
 ✓ packages/tracing/test/unit/span-wrapper.spec.ts > SpanWrapper > setAttributes > should handle empty attributes object
 ✓ packages/tracing/test/unit/span-wrapper.spec.ts > SpanWrapper > addEvent > should add event without attributes
 ✓ packages/tracing/test/unit/span-wrapper.spec.ts > SpanWrapper > addEvent > should add event with attributes
 ✓ packages/tracing/test/unit/span-wrapper.spec.ts > SpanWrapper > addEvent > should support fluent API
 ✓ packages/tracing/test/unit/span-wrapper.spec.ts > SpanWrapper > recordException > should record exception on underlying span
 ✓ packages/tracing/test/unit/span-wrapper.spec.ts > SpanWrapper > recordException > should support fluent API
 ✓ packages/tracing/test/unit/span-wrapper.spec.ts > SpanWrapper > recordException > should handle different error types
 ✓ packages/tracing/test/unit/span-wrapper.spec.ts > SpanWrapper > setStatus > should set OK status
 ✓ packages/tracing/test/unit/span-wrapper.spec.ts > SpanWrapper > setStatus > should set ERROR status
 ✓ packages/tracing/test/unit/span-wrapper.spec.ts > SpanWrapper > setStatus > should support fluent API
 ✓ packages/tracing/test/unit/span-wrapper.spec.ts > SpanWrapper > end > should end the underlying span
 ✓ packages/tracing/test/unit/span-wrapper.spec.ts > SpanWrapper > end > should allow ending span multiple times
 ✓ packages/tracing/test/unit/span-wrapper.spec.ts > SpanWrapper > unwrap > should return underlying span
 ✓ packages/tracing/test/unit/span-wrapper.spec.ts > SpanWrapper > unwrap > should allow access to native span methods
 ✓ packages/tracing/test/unit/span-wrapper.spec.ts > SpanWrapper > fluent API integration > should chain multiple operations
 ✓ packages/streams/test/unit/stream-producer.service.spec.ts > StreamProducerService > publish > should publish message to stream
 ✓ packages/streams/test/unit/stream-producer.service.spec.ts > StreamProducerService > publish > should publish with custom maxLen from options
 ✓ packages/streams/test/unit/stream-producer.service.spec.ts > StreamProducerService > publish > should publish with custom ID
 ✓ packages/streams/test/unit/stream-producer.service.spec.ts > StreamProducerService > publish > should use default maxLen when not configured
 ✓ packages/streams/test/unit/stream-producer.service.spec.ts > StreamProducerService > publish > should throw StreamPublishError on failure
 ✓ packages/streams/test/unit/stream-producer.service.spec.ts > StreamProducerService > publishBatch > should publish multiple messages
 ✓ packages/streams/test/unit/stream-producer.service.spec.ts > StreamProducerService > publishBatch > should publish batch with custom maxLen
 ✓ packages/streams/test/unit/stream-producer.service.spec.ts > StreamProducerService > publishBatch > should handle empty batch
 ✓ packages/streams/test/unit/stream-producer.service.spec.ts > StreamProducerService > publishBatch > should throw StreamPublishError on batch failure
 ✓ packages/streams/test/unit/stream-producer.service.spec.ts > StreamProducerService > getStreamInfo > should return stream info with entries
 ✓ packages/streams/test/unit/stream-producer.service.spec.ts > StreamProducerService > getStreamInfo > should handle stream with no entries
 ✓ packages/streams/test/unit/stream-producer.service.spec.ts > StreamProducerService > getStreamInfo > should return empty info when stream does not exist
 ✓ packages/streams/test/unit/stream-producer.service.spec.ts > StreamProducerService > trim > should trim stream to maxLen
 ✓ packages/streams/test/unit/stream-producer.service.spec.ts > StreamProducerService > trim > should trim with different maxLen values
 ✓ packages/cache/test/unit/json.serializer.spec.ts > JsonSerializer > serialize > should serialize simple object
 ✓ packages/cache/test/unit/json.serializer.spec.ts > JsonSerializer > serialize > should serialize array
 ✓ packages/cache/test/unit/json.serializer.spec.ts > JsonSerializer > serialize > should serialize string
 ✓ packages/cache/test/unit/json.serializer.spec.ts > JsonSerializer > serialize > should serialize number
 ✓ packages/cache/test/unit/json.serializer.spec.ts > JsonSerializer > serialize > should serialize boolean
 ✓ packages/cache/test/unit/json.serializer.spec.ts > JsonSerializer > serialize > should serialize null
 ✓ packages/cache/test/unit/json.serializer.spec.ts > JsonSerializer > serialize > should serialize nested object
 ✓ packages/cache/test/unit/json.serializer.spec.ts > JsonSerializer > serialize > should throw SerializationError for circular reference
 ✓ packages/cache/test/unit/json.serializer.spec.ts > JsonSerializer > serialize > should serialize Date to ISO string
 ✓ packages/cache/test/unit/json.serializer.spec.ts > JsonSerializer > deserialize > should deserialize string to object
 ✓ packages/cache/test/unit/json.serializer.spec.ts > JsonSerializer > deserialize > should deserialize buffer to object
 ✓ packages/cache/test/unit/json.serializer.spec.ts > JsonSerializer > deserialize > should deserialize array
 ✓ packages/cache/test/unit/json.serializer.spec.ts > JsonSerializer > deserialize > should deserialize string value
 ✓ packages/cache/test/unit/json.serializer.spec.ts > JsonSerializer > deserialize > should deserialize number
 ✓ packages/cache/test/unit/json.serializer.spec.ts > JsonSerializer > deserialize > should deserialize boolean
 ✓ packages/cache/test/unit/json.serializer.spec.ts > JsonSerializer > deserialize > should deserialize null
 ✓ packages/cache/test/unit/json.serializer.spec.ts > JsonSerializer > deserialize > should throw SerializationError for invalid JSON
 ✓ packages/cache/test/unit/json.serializer.spec.ts > JsonSerializer > deserialize > should throw SerializationError for empty string
 ✓ packages/cache/test/unit/json.serializer.spec.ts > JsonSerializer > deserialize > should deserialize nested object
 ✓ packages/cache/test/unit/json.serializer.spec.ts > JsonSerializer > tryDeserialize > should deserialize valid JSON
 ✓ packages/cache/test/unit/json.serializer.spec.ts > JsonSerializer > tryDeserialize > should return null for invalid JSON
 ✓ packages/cache/test/unit/json.serializer.spec.ts > JsonSerializer > tryDeserialize > should return null for empty string
 ✓ packages/cache/test/unit/json.serializer.spec.ts > JsonSerializer > tryDeserialize > should deserialize buffer
 ✓ packages/cache/test/unit/json.serializer.spec.ts > JsonSerializer > tryDeserialize > should return null for malformed buffer
 ✓ packages/cache/test/unit/json.serializer.spec.ts > JsonSerializer > getContentType > should return correct content type
 ✓ packages/cache/test/unit/json.serializer.spec.ts > JsonSerializer > round-trip serialization > should serialize and deserialize object correctly
 ✓ packages/cache/test/unit/json.serializer.spec.ts > JsonSerializer > round-trip serialization > should serialize and deserialize array correctly
 ✓ packages/cache/test/unit/json.serializer.spec.ts > JsonSerializer > round-trip serialization > should serialize and deserialize with Buffer
[95m[Nest] 35067  - [39m02/20/2026, 10:51:10 AM [95m  DEBUG[39m [38;5;3m[LuaScriptLoader] [39m[95mLoaded Lua script: invalidate-tag (SHA: sha1hash)[39m
[31m[Nest] 35067  - [39m02/20/2026, 10:51:10 AM [31m  ERROR[39m [38;5;3m[LuaScriptLoader] [39m[31mFailed to load script invalidate-tag:[39m
[95m[Nest] 35067  - [39m02/20/2026, 10:51:10 AM [95m  DEBUG[39m [38;5;3m[LuaScriptLoader] [39m[95mLoaded Lua script: add-key-to-tags (SHA: sha1hash)[39m
[32m[Nest] 35067  - [39m02/20/2026, 10:51:10 AM [32m    LOG[39m [38;5;3m[LuaScriptLoader] [39m[32mSuccessfully loaded 2 Lua scripts[39m
[95m[Nest] 35067  - [39m02/20/2026, 10:51:10 AM [95m  DEBUG[39m [38;5;3m[LuaScriptLoader] [39m[95mLoaded Lua script: invalidate-tag (SHA: sha1)[39m
[95m[Nest] 35067  - [39m02/20/2026, 10:51:10 AM [95m  DEBUG[39m [38;5;3m[LuaScriptLoader] [39m[95mLoaded Lua script: add-key-to-tags (SHA: sha2)[39m
[32m[Nest] 35067  - [39m02/20/2026, 10:51:10 AM [32m    LOG[39m [38;5;3m[LuaScriptLoader] [39m[32mSuccessfully loaded 2 Lua scripts[39m
[95m[Nest] 35067  - [39m02/20/2026, 10:51:10 AM [95m  DEBUG[39m [38;5;3m[LuaScriptLoader] [39m[95mLoaded Lua script: invalidate-tag (SHA: sha-invalidate)[39m
[95m[Nest] 35067  - [39m02/20/2026, 10:51:10 AM [95m  DEBUG[39m [38;5;3m[LuaScriptLoader] [39m[95mLoaded Lua script: add-key-to-tags (SHA: sha-add)[39m
[32m[Nest] 35067  - [39m02/20/2026, 10:51:10 AM [32m    LOG[39m [38;5;3m[LuaScriptLoader] [39m[32mSuccessfully loaded 2 Lua scripts[39m
[95m[Nest] 35067  - [39m02/20/2026, 10:51:10 AM [95m  DEBUG[39m [38;5;3m[LuaScriptLoader] [39m[95mLoaded Lua script: invalidate-tag (SHA: sha-invalidate)[39m
[95m[Nest] 35067  - [39m02/20/2026, 10:51:10 AM [95m  DEBUG[39m [38;5;3m[LuaScriptLoader] [39m[95mLoaded Lua script: add-key-to-tags (SHA: sha-add)[39m
[32m[Nest] 35067  - [39m02/20/2026, 10:51:10 AM [32m    LOG[39m [38;5;3m[LuaScriptLoader] [39m[32mSuccessfully loaded 2 Lua scripts[39m
[95m[Nest] 35067  - [39m02/20/2026, 10:51:10 AM [95m  DEBUG[39m [38;5;3m[LuaScriptLoader] [39m[95mLoaded Lua script: invalidate-tag (SHA: sha-invalidate)[39m
[95m[Nest] 35067  - [39m02/20/2026, 10:51:10 AM [95m  DEBUG[39m [38;5;3m[LuaScriptLoader] [39m[95mLoaded Lua script: add-key-to-tags (SHA: sha-add)[39m
[32m[Nest] 35067  - [39m02/20/2026, 10:51:10 AM [32m    LOG[39m [38;5;3m[LuaScriptLoader] [39m[32mSuccessfully loaded 2 Lua scripts[39m
[95m[Nest] 35067  - [39m02/20/2026, 10:51:10 AM [95m  DEBUG[39m [38;5;3m[LuaScriptLoader] [39m[95mLoaded Lua script: invalidate-tag (SHA: sha-invalidate)[39m
[95m[Nest] 35067  - [39m02/20/2026, 10:51:10 AM [95m  DEBUG[39m [38;5;3m[LuaScriptLoader] [39m[95mLoaded Lua script: add-key-to-tags (SHA: sha-add)[39m
[32m[Nest] 35067  - [39m02/20/2026, 10:51:10 AM [32m    LOG[39m [38;5;3m[LuaScriptLoader] [39m[32mSuccessfully loaded 2 Lua scripts[39m
[95m[Nest] 35067  - [39m02/20/2026, 10:51:10 AM [95m  DEBUG[39m [38;5;3m[LuaScriptLoader] [39m[95mLoaded Lua script: invalidate-tag (SHA: sha-invalidate)[39m
[95m[Nest] 35067  - [39m02/20/2026, 10:51:10 AM [95m  DEBUG[39m [38;5;3m[LuaScriptLoader] [39m[95mLoaded Lua script: add-key-to-tags (SHA: sha-add)[39m
[32m[Nest] 35067  - [39m02/20/2026, 10:51:10 AM [32m    LOG[39m [38;5;3m[LuaScriptLoader] [39m[32mSuccessfully loaded 2 Lua scripts[39m
[95m[Nest] 35067  - [39m02/20/2026, 10:51:10 AM [95m  DEBUG[39m [38;5;3m[LuaScriptLoader] [39m[95mLoaded Lua script: invalidate-tag (SHA: sha-invalidate)[39m
[95m[Nest] 35067  - [39m02/20/2026, 10:51:10 AM [95m  DEBUG[39m [38;5;3m[LuaScriptLoader] [39m[95mLoaded Lua script: add-key-to-tags (SHA: sha-add)[39m
[32m[Nest] 35067  - [39m02/20/2026, 10:51:10 AM [32m    LOG[39m [38;5;3m[LuaScriptLoader] [39m[32mSuccessfully loaded 2 Lua scripts[39m
[95m[Nest] 35067  - [39m02/20/2026, 10:51:10 AM [95m  DEBUG[39m [38;5;3m[LuaScriptLoader] [39m[95mLoaded Lua script: invalidate-tag (SHA: sha-invalidate)[39m
[95m[Nest] 35067  - [39m02/20/2026, 10:51:10 AM [95m  DEBUG[39m [38;5;3m[LuaScriptLoader] [39m[95mLoaded Lua script: add-key-to-tags (SHA: sha-add)[39m
[32m[Nest] 35067  - [39m02/20/2026, 10:51:10 AM [32m    LOG[39m [38;5;3m[LuaScriptLoader] [39m[32mSuccessfully loaded 2 Lua scripts[39m
[95m[Nest] 35067  - [39m02/20/2026, 10:51:10 AM [95m  DEBUG[39m [38;5;3m[LuaScriptLoader] [39m[95mLoaded Lua script: invalidate-tag (SHA: sha-invalidate)[39m
[95m[Nest] 35067  - [39m02/20/2026, 10:51:10 AM [95m  DEBUG[39m [38;5;3m[LuaScriptLoader] [39m[95mLoaded Lua script: add-key-to-tags (SHA: sha-add)[39m
[32m[Nest] 35067  - [39m02/20/2026, 10:51:10 AM [32m    LOG[39m [38;5;3m[LuaScriptLoader] [39m[32mSuccessfully loaded 2 Lua scripts[39m
[95m[Nest] 35067  - [39m02/20/2026, 10:51:10 AM [95m  DEBUG[39m [38;5;3m[LuaScriptLoader] [39m[95mLoaded Lua script: invalidate-tag (SHA: sha-invalidate)[39m
[95m[Nest] 35067  - [39m02/20/2026, 10:51:10 AM [95m  DEBUG[39m [38;5;3m[LuaScriptLoader] [39m[95mLoaded Lua script: add-key-to-tags (SHA: sha-add)[39m
[32m[Nest] 35067  - [39m02/20/2026, 10:51:10 AM [32m    LOG[39m [38;5;3m[LuaScriptLoader] [39m[32mSuccessfully loaded 2 Lua scripts[39m
[95m[Nest] 35067  - [39m02/20/2026, 10:51:10 AM [95m  DEBUG[39m [38;5;3m[LuaScriptLoader] [39m[95mLoaded Lua script: invalidate-tag (SHA: sha-invalidate)[39m
[95m[Nest] 35067  - [39m02/20/2026, 10:51:10 AM [95m  DEBUG[39m [38;5;3m[LuaScriptLoader] [39m[95mLoaded Lua script: add-key-to-tags (SHA: sha-add)[39m
[32m[Nest] 35067  - [39m02/20/2026, 10:51:10 AM [32m    LOG[39m [38;5;3m[LuaScriptLoader] [39m[32mSuccessfully loaded 2 Lua scripts[39m
[95m[Nest] 35067  - [39m02/20/2026, 10:51:10 AM [95m  DEBUG[39m [38;5;3m[LuaScriptLoader] [39m[95mLoaded Lua script: invalidate-tag (SHA: sha-invalidate)[39m
[95m[Nest] 35067  - [39m02/20/2026, 10:51:10 AM [95m  DEBUG[39m [38;5;3m[LuaScriptLoader] [39m[95mLoaded Lua script: add-key-to-tags (SHA: sha-add)[39m
[32m[Nest] 35067  - [39m02/20/2026, 10:51:10 AM [32m    LOG[39m [38;5;3m[LuaScriptLoader] [39m[32mSuccessfully loaded 2 Lua scripts[39m
[95m[Nest] 35067  - [39m02/20/2026, 10:51:10 AM [95m  DEBUG[39m [38;5;3m[LuaScriptLoader] [39m[95mLoaded Lua script: invalidate-tag (SHA: sha-invalidate)[39m
[95m[Nest] 35067  - [39m02/20/2026, 10:51:10 AM [95m  DEBUG[39m [38;5;3m[LuaScriptLoader] [39m[95mLoaded Lua script: add-key-to-tags (SHA: sha-add)[39m
[32m[Nest] 35067  - [39m02/20/2026, 10:51:10 AM [32m    LOG[39m [38;5;3m[LuaScriptLoader] [39m[32mSuccessfully loaded 2 Lua scripts[39m
[95m[Nest] 35067  - [39m02/20/2026, 10:51:10 AM [95m  DEBUG[39m [38;5;3m[LuaScriptLoader] [39m[95mLoaded Lua script: invalidate-tag (SHA: sha-invalidate)[39m
[95m[Nest] 35067  - [39m02/20/2026, 10:51:10 AM [95m  DEBUG[39m [38;5;3m[LuaScriptLoader] [39m[95mLoaded Lua script: add-key-to-tags (SHA: sha-add)[39m
[32m[Nest] 35067  - [39m02/20/2026, 10:51:10 AM [32m    LOG[39m [38;5;3m[LuaScriptLoader] [39m[32mSuccessfully loaded 2 Lua scripts[39m
[95m[Nest] 35067  - [39m02/20/2026, 10:51:10 AM [95m  DEBUG[39m [38;5;3m[LuaScriptLoader] [39m[95mLoaded Lua script: invalidate-tag (SHA: sha-invalidate)[39m
[95m[Nest] 35067  - [39m02/20/2026, 10:51:10 AM [95m  DEBUG[39m [38;5;3m[LuaScriptLoader] [39m[95mLoaded Lua script: add-key-to-tags (SHA: sha-add)[39m
[32m[Nest] 35067  - [39m02/20/2026, 10:51:10 AM [32m    LOG[39m [38;5;3m[LuaScriptLoader] [39m[32mSuccessfully loaded 2 Lua scripts[39m
[95m[Nest] 35067  - [39m02/20/2026, 10:51:10 AM [95m  DEBUG[39m [38;5;3m[LuaScriptLoader] [39m[95mLoaded Lua script: invalidate-tag (SHA: sha-invalidate)[39m
[95m[Nest] 35067  - [39m02/20/2026, 10:51:10 AM [95m  DEBUG[39m [38;5;3m[LuaScriptLoader] [39m[95mLoaded Lua script: add-key-to-tags (SHA: sha-add)[39m
[32m[Nest] 35067  - [39m02/20/2026, 10:51:10 AM [32m    LOG[39m [38;5;3m[LuaScriptLoader] [39m[32mSuccessfully loaded 2 Lua scripts[39m
[95m[Nest] 35067  - [39m02/20/2026, 10:51:10 AM [95m  DEBUG[39m [38;5;3m[LuaScriptLoader] [39m[95mLoaded Lua script: invalidate-tag (SHA: sha-invalidate)[39m
[95m[Nest] 35067  - [39m02/20/2026, 10:51:10 AM [95m  DEBUG[39m [38;5;3m[LuaScriptLoader] [39m[95mLoaded Lua script: add-key-to-tags (SHA: sha-add)[39m
[32m[Nest] 35067  - [39m02/20/2026, 10:51:10 AM [32m    LOG[39m [38;5;3m[LuaScriptLoader] [39m[32mSuccessfully loaded 2 Lua scripts[39m
[95m[Nest] 35067  - [39m02/20/2026, 10:51:10 AM [95m  DEBUG[39m [38;5;3m[LuaScriptLoader] [39m[95mLoaded Lua script: invalidate-tag (SHA: sha1)[39m
[31m[Nest] 35067  - [39m02/20/2026, 10:51:10 AM [31m  ERROR[39m [38;5;3m[LuaScriptLoader] [39m[31mError: Redis error[39m
[31m[Nest] 35067  - [39m02/20/2026, 10:51:10 AM [31m  ERROR[39m [38;5;3m[LuaScriptLoader] [39m[31mFailed to load script add-key-to-tags:[39m
[31m[Nest] 35067  - [39m02/20/2026, 10:51:10 AM [31m  ERROR[39m [38;5;3m[LuaScriptLoader] [39m[31mError: Second script failed[39m
[31m[Nest] 35067  - [39m02/20/2026, 10:51:10 AM [31m  ERROR[39m [38;5;3m[LuaScriptLoader] [39m[31mFailed to load script invalidate-tag:[39m
[31m[Nest] 35067  - [39m02/20/2026, 10:51:10 AM [31m  ERROR[39m [38;5;3m[LuaScriptLoader] [39m[31mError: NOSCRIPT No matching script[39m
 ✓ packages/cache/test/unit/lua-script-loader.service.spec.ts > LuaScriptLoader > onModuleInit > should load all scripts on module initialization
 ✓ packages/cache/test/unit/lua-script-loader.service.spec.ts > LuaScriptLoader > onModuleInit > should load multiple scripts
 ✓ packages/cache/test/unit/lua-script-loader.service.spec.ts > LuaScriptLoader > onModuleInit > should throw error when script loading fails
 ✓ packages/cache/test/unit/lua-script-loader.service.spec.ts > LuaScriptLoader > onModuleInit > should store SHA hashes for loaded scripts
 ✓ packages/cache/test/unit/lua-script-loader.service.spec.ts > LuaScriptLoader > evalSha > should execute loaded script
 ✓ packages/cache/test/unit/lua-script-loader.service.spec.ts > LuaScriptLoader > evalSha > should execute script with no keys
 ✓ packages/cache/test/unit/lua-script-loader.service.spec.ts > LuaScriptLoader > evalSha > should execute script with no args
 ✓ packages/cache/test/unit/lua-script-loader.service.spec.ts > LuaScriptLoader > evalSha > should throw error for unloaded script
 ✓ packages/cache/test/unit/lua-script-loader.service.spec.ts > LuaScriptLoader > evalSha > should execute different scripts with correct SHAs
 ✓ packages/cache/test/unit/lua-script-loader.service.spec.ts > LuaScriptLoader > evalSha > should handle script execution errors
 ✓ packages/cache/test/unit/lua-script-loader.service.spec.ts > LuaScriptLoader > getSha > should return SHA for loaded script
 ✓ packages/cache/test/unit/lua-script-loader.service.spec.ts > LuaScriptLoader > getSha > should return different SHAs for different scripts
 ✓ packages/cache/test/unit/lua-script-loader.service.spec.ts > LuaScriptLoader > getSha > should return undefined for unloaded script
 ✓ packages/cache/test/unit/lua-script-loader.service.spec.ts > LuaScriptLoader > getSha > should return undefined before initialization
 ✓ packages/cache/test/unit/lua-script-loader.service.spec.ts > LuaScriptLoader > isLoaded > should return true for loaded script
 ✓ packages/cache/test/unit/lua-script-loader.service.spec.ts > LuaScriptLoader > isLoaded > should return true for all loaded scripts
 ✓ packages/cache/test/unit/lua-script-loader.service.spec.ts > LuaScriptLoader > isLoaded > should return false for unloaded script
 ✓ packages/cache/test/unit/lua-script-loader.service.spec.ts > LuaScriptLoader > isLoaded > should return false before initialization
 ✓ packages/cache/test/unit/lua-script-loader.service.spec.ts > LuaScriptLoader > isLoaded > should be case-sensitive
 ✓ packages/cache/test/unit/lua-script-loader.service.spec.ts > LuaScriptLoader > error handling > should handle partial load failure
 ✓ packages/cache/test/unit/lua-script-loader.service.spec.ts > LuaScriptLoader > error handling > should propagate Redis errors
[32m[Nest] 35067  - [39m02/20/2026, 10:51:11 AM [32m    LOG[39m [38;5;3m[WarmupService] [39m[32mStarting cache warmup for 1 keys...[39m
[31m[Nest] 35067  - [39m02/20/2026, 10:51:11 AM [31m  ERROR[39m [38;5;3m[WarmupService] [39m[31mFailed to warm up key key2:[39m
[95m[Nest] 35067  - [39m02/20/2026, 10:51:11 AM [95m  DEBUG[39m [38;5;3m[WarmupService] [39m[95mWarming up key: test-key[39m
[95m[Nest] 35067  - [39m02/20/2026, 10:51:11 AM [95m  DEBUG[39m [38;5;3m[WarmupService] [39m[95mSuccessfully warmed up key: test-key[39m
[32m[Nest] 35067  - [39m02/20/2026, 10:51:11 AM [32m    LOG[39m [38;5;3m[WarmupService] [39m[32mCache warmup completed: 1 succeeded, 0 failed (0ms)[39m
[32m[Nest] 35067  - [39m02/20/2026, 10:51:11 AM [32m    LOG[39m [38;5;3m[WarmupService] [39m[32mStarting cache warmup for 2 keys...[39m
[95m[Nest] 35067  - [39m02/20/2026, 10:51:11 AM [95m  DEBUG[39m [38;5;3m[WarmupService] [39m[95mWarming up key: key1[39m
[95m[Nest] 35067  - [39m02/20/2026, 10:51:11 AM [95m  DEBUG[39m [38;5;3m[WarmupService] [39m[95mWarming up key: key2[39m
[95m[Nest] 35067  - [39m02/20/2026, 10:51:11 AM [95m  DEBUG[39m [38;5;3m[WarmupService] [39m[95mSuccessfully warmed up key: key1[39m
[95m[Nest] 35067  - [39m02/20/2026, 10:51:11 AM [95m  DEBUG[39m [38;5;3m[WarmupService] [39m[95mSuccessfully warmed up key: key2[39m
[32m[Nest] 35067  - [39m02/20/2026, 10:51:11 AM [32m    LOG[39m [38;5;3m[WarmupService] [39m[32mCache warmup completed: 2 succeeded, 0 failed (0ms)[39m
[32m[Nest] 35067  - [39m02/20/2026, 10:51:11 AM [32m    LOG[39m [38;5;3m[WarmupService] [39m[32mStarting cache warmup for 1 keys...[39m
[95m[Nest] 35067  - [39m02/20/2026, 10:51:11 AM [95m  DEBUG[39m [38;5;3m[WarmupService] [39m[95mWarming up key: test-key[39m
[95m[Nest] 35067  - [39m02/20/2026, 10:51:11 AM [95m  DEBUG[39m [38;5;3m[WarmupService] [39m[95mSuccessfully warmed up key: test-key[39m
[32m[Nest] 35067  - [39m02/20/2026, 10:51:11 AM [32m    LOG[39m [38;5;3m[WarmupService] [39m[32mCache warmup completed: 1 succeeded, 0 failed (0ms)[39m
[32m[Nest] 35067  - [39m02/20/2026, 10:51:11 AM [32m    LOG[39m [38;5;3m[WarmupService] [39m[32mStarting cache warmup for 3 keys...[39m
[95m[Nest] 35067  - [39m02/20/2026, 10:51:11 AM [95m  DEBUG[39m [38;5;3m[WarmupService] [39m[95mWarming up key: key1[39m
[95m[Nest] 35067  - [39m02/20/2026, 10:51:11 AM [95m  DEBUG[39m [38;5;3m[WarmupService] [39m[95mWarming up key: key2[39m
[95m[Nest] 35067  - [39m02/20/2026, 10:51:11 AM [95m  DEBUG[39m [38;5;3m[WarmupService] [39m[95mWarming up key: key3[39m
[95m[Nest] 35067  - [39m02/20/2026, 10:51:11 AM [95m  DEBUG[39m [38;5;3m[WarmupService] [39m[95mSuccessfully warmed up key: key1[39m
[95m[Nest] 35067  - [39m02/20/2026, 10:51:11 AM [95m  DEBUG[39m [38;5;3m[WarmupService] [39m[95mSuccessfully warmed up key: key3[39m
[32m[Nest] 35067  - [39m02/20/2026, 10:51:11 AM [32m    LOG[39m [38;5;3m[WarmupService] [39m[32mCache warmup completed: 2 succeeded, 1 failed (0ms)[39m
[32m[Nest] 35067  - [39m02/20/2026, 10:51:11 AM [32m    LOG[39m [38;5;3m[WarmupService] [39m[32mStarting cache warmup for 25 keys...[39m
[95m[Nest] 35067  - [39m02/20/2026, 10:51:11 AM [95m  DEBUG[39m [38;5;3m[WarmupService] [39m[95mWarming up key: key0[39m
[95m[Nest] 35067  - [39m02/20/2026, 10:51:11 AM [95m  DEBUG[39m [38;5;3m[WarmupService] [39m[95mWarming up key: key1[39m
[95m[Nest] 35067  - [39m02/20/2026, 10:51:11 AM [95m  DEBUG[39m [38;5;3m[WarmupService] [39m[95mWarming up key: key2[39m
[95m[Nest] 35067  - [39m02/20/2026, 10:51:11 AM [95m  DEBUG[39m [38;5;3m[WarmupService] [39m[95mWarming up key: key3[39m
[95m[Nest] 35067  - [39m02/20/2026, 10:51:11 AM [95m  DEBUG[39m [38;5;3m[WarmupService] [39m[95mWarming up key: key4[39m
[95m[Nest] 35067  - [39m02/20/2026, 10:51:11 AM [95m  DEBUG[39m [38;5;3m[WarmupService] [39m[95mWarming up key: key5[39m
[95m[Nest] 35067  - [39m02/20/2026, 10:51:11 AM [95m  DEBUG[39m [38;5;3m[WarmupService] [39m[95mWarming up key: key6[39m
[95m[Nest] 35067  - [39m02/20/2026, 10:51:11 AM [95m  DEBUG[39m [38;5;3m[WarmupService] [39m[95mWarming up key: key7[39m
[95m[Nest] 35067  - [39m02/20/2026, 10:51:11 AM [95m  DEBUG[39m [38;5;3m[WarmupService] [39m[95mWarming up key: key8[39m
[95m[Nest] 35067  - [39m02/20/2026, 10:51:11 AM [95m  DEBUG[39m [38;5;3m[WarmupService] [39m[95mWarming up key: key9[39m
[95m[Nest] 35067  - [39m02/20/2026, 10:51:11 AM [95m  DEBUG[39m [38;5;3m[WarmupService] [39m[95mSuccessfully warmed up key: key0[39m
[95m[Nest] 35067  - [39m02/20/2026, 10:51:11 AM [95m  DEBUG[39m [38;5;3m[WarmupService] [39m[95mSuccessfully warmed up key: key1[39m
[95m[Nest] 35067  - [39m02/20/2026, 10:51:11 AM [95m  DEBUG[39m [38;5;3m[WarmupService] [39m[95mSuccessfully warmed up key: key2[39m
[95m[Nest] 35067  - [39m02/20/2026, 10:51:11 AM [95m  DEBUG[39m [38;5;3m[WarmupService] [39m[95mSuccessfully warmed up key: key3[39m
[95m[Nest] 35067  - [39m02/20/2026, 10:51:11 AM [95m  DEBUG[39m [38;5;3m[WarmupService] [39m[95mSuccessfully warmed up key: key4[39m
[95m[Nest] 35067  - [39m02/20/2026, 10:51:11 AM [95m  DEBUG[39m [38;5;3m[WarmupService] [39m[95mSuccessfully warmed up key: key5[39m
[95m[Nest] 35067  - [39m02/20/2026, 10:51:11 AM [95m  DEBUG[39m [38;5;3m[WarmupService] [39m[95mSuccessfully warmed up key: key6[39m
[95m[Nest] 35067  - [39m02/20/2026, 10:51:11 AM [95m  DEBUG[39m [38;5;3m[WarmupService] [39m[95mSuccessfully warmed up key: key7[39m
[95m[Nest] 35067  - [39m02/20/2026, 10:51:11 AM [95m  DEBUG[39m [38;5;3m[WarmupService] [39m[95mSuccessfully warmed up key: key8[39m
[95m[Nest] 35067  - [39m02/20/2026, 10:51:11 AM [95m  DEBUG[39m [38;5;3m[WarmupService] [39m[95mSuccessfully warmed up key: key9[39m
[95m[Nest] 35067  - [39m02/20/2026, 10:51:11 AM [95m  DEBUG[39m [38;5;3m[WarmupService] [39m[95mWarming up key: key10[39m
[95m[Nest] 35067  - [39m02/20/2026, 10:51:11 AM [95m  DEBUG[39m [38;5;3m[WarmupService] [39m[95mWarming up key: key11[39m
[95m[Nest] 35067  - [39m02/20/2026, 10:51:11 AM [95m  DEBUG[39m [38;5;3m[WarmupService] [39m[95mWarming up key: key12[39m
[95m[Nest] 35067  - [39m02/20/2026, 10:51:11 AM [95m  DEBUG[39m [38;5;3m[WarmupService] [39m[95mWarming up key: key13[39m
[95m[Nest] 35067  - [39m02/20/2026, 10:51:11 AM [95m  DEBUG[39m [38;5;3m[WarmupService] [39m[95mWarming up key: key14[39m
[95m[Nest] 35067  - [39m02/20/2026, 10:51:11 AM [95m  DEBUG[39m [38;5;3m[WarmupService] [39m[95mWarming up key: key15[39m
[95m[Nest] 35067  - [39m02/20/2026, 10:51:11 AM [95m  DEBUG[39m [38;5;3m[WarmupService] [39m[95mWarming up key: key16[39m
[95m[Nest] 35067  - [39m02/20/2026, 10:51:11 AM [95m  DEBUG[39m [38;5;3m[WarmupService] [39m[95mWarming up key: key17[39m
[95m[Nest] 35067  - [39m02/20/2026, 10:51:11 AM [95m  DEBUG[39m [38;5;3m[WarmupService] [39m[95mWarming up key: key18[39m
[95m[Nest] 35067  - [39m02/20/2026, 10:51:11 AM [95m  DEBUG[39m [38;5;3m[WarmupService] [39m[95mWarming up key: key19[39m
[95m[Nest] 35067  - [39m02/20/2026, 10:51:11 AM [95m  DEBUG[39m [38;5;3m[WarmupService] [39m[95mSuccessfully warmed up key: key10[39m
[95m[Nest] 35067  - [39m02/20/2026, 10:51:11 AM [95m  DEBUG[39m [38;5;3m[WarmupService] [39m[95mSuccessfully warmed up key: key11[39m
[95m[Nest] 35067  - [39m02/20/2026, 10:51:11 AM [95m  DEBUG[39m [38;5;3m[WarmupService] [39m[95mSuccessfully warmed up key: key12[39m
[95m[Nest] 35067  - [39m02/20/2026, 10:51:11 AM [95m  DEBUG[39m [38;5;3m[WarmupService] [39m[95mSuccessfully warmed up key: key13[39m
[95m[Nest] 35067  - [39m02/20/2026, 10:51:11 AM [95m  DEBUG[39m [38;5;3m[WarmupService] [39m[95mSuccessfully warmed up key: key14[39m
[95m[Nest] 35067  - [39m02/20/2026, 10:51:11 AM [95m  DEBUG[39m [38;5;3m[WarmupService] [39m[95mSuccessfully warmed up key: key15[39m
[95m[Nest] 35067  - [39m02/20/2026, 10:51:11 AM [95m  DEBUG[39m [38;5;3m[WarmupService] [39m[95mSuccessfully warmed up key: key16[39m
[95m[Nest] 35067  - [39m02/20/2026, 10:51:11 AM [95m  DEBUG[39m [38;5;3m[WarmupService] [39m[95mSuccessfully warmed up key: key17[39m
[95m[Nest] 35067  - [39m02/20/2026, 10:51:11 AM [95m  DEBUG[39m [38;5;3m[WarmupService] [39m[95mSuccessfully warmed up key: key18[39m
[95m[Nest] 35067  - [39m02/20/2026, 10:51:11 AM [95m  DEBUG[39m [38;5;3m[WarmupService] [39m[95mSuccessfully warmed up key: key19[39m
[95m[Nest] 35067  - [39m02/20/2026, 10:51:11 AM [95m  DEBUG[39m [38;5;3m[WarmupService] [39m[95mWarming up key: key20[39m
[95m[Nest] 35067  - [39m02/20/2026, 10:51:11 AM [95m  DEBUG[39m [38;5;3m[WarmupService] [39m[95mWarming up key: key21[39m
[95m[Nest] 35067  - [39m02/20/2026, 10:51:11 AM [95m  DEBUG[39m [38;5;3m[WarmupService] [39m[95mWarming up key: key22[39m
[95m[Nest] 35067  - [39m02/20/2026, 10:51:11 AM [95m  DEBUG[39m [38;5;3m[WarmupService] [39m[95mWarming up key: key23[39m
[95m[Nest] 35067  - [39m02/20/2026, 10:51:11 AM [95m  DEBUG[39m [38;5;3m[WarmupService] [39m[95mWarming up key: key24[39m
[95m[Nest] 35067  - [39m02/20/2026, 10:51:11 AM [95m  DEBUG[39m [38;5;3m[WarmupService] [39m[95mSuccessfully warmed up key: key20[39m
[95m[Nest] 35067  - [39m02/20/2026, 10:51:11 AM [95m  DEBUG[39m [38;5;3m[WarmupService] [39m[95mSuccessfully warmed up key: key21[39m
[95m[Nest] 35067  - [39m02/20/2026, 10:51:11 AM [95m  DEBUG[39m [38;5;3m[WarmupService] [39m[95mSuccessfully warmed up key: key22[39m
[95m[Nest] 35067  - [39m02/20/2026, 10:51:11 AM [95m  DEBUG[39m [38;5;3m[WarmupService] [39m[95mSuccessfully warmed up key: key23[39m
[95m[Nest] 35067  - [39m02/20/2026, 10:51:11 AM [95m  DEBUG[39m [38;5;3m[WarmupService] [39m[95mSuccessfully warmed up key: key24[39m
[32m[Nest] 35067  - [39m02/20/2026, 10:51:11 AM [32m    LOG[39m [38;5;3m[WarmupService] [39m[32mCache warmup completed: 25 succeeded, 0 failed (0ms)[39m
[32m[Nest] 35067  - [39m02/20/2026, 10:51:11 AM [32m    LOG[39m [38;5;3m[WarmupService] [39m[32mStarting cache warmup for 1 keys...[39m
[95m[Nest] 35067  - [39m02/20/2026, 10:51:11 AM [95m  DEBUG[39m [38;5;3m[WarmupService] [39m[95mWarming up key: key1[39m
[95m[Nest] 35067  - [39m02/20/2026, 10:51:11 AM [95m  DEBUG[39m [38;5;3m[WarmupService] [39m[95mSuccessfully warmed up key: key1[39m
[32m[Nest] 35067  - [39m02/20/2026, 10:51:11 AM [32m    LOG[39m [38;5;3m[WarmupService] [39m[32mCache warmup completed: 1 succeeded, 0 failed (0ms)[39m
[32m[Nest] 35067  - [39m02/20/2026, 10:51:11 AM [32m    LOG[39m [38;5;3m[WarmupService] [39m[32mStarting cache warmup for 5 keys...[39m
[95m[Nest] 35067  - [39m02/20/2026, 10:51:11 AM [95m  DEBUG[39m [38;5;3m[WarmupService] [39m[95mWarming up key: key0[39m
[95m[Nest] 35067  - [39m02/20/2026, 10:51:11 AM [95m  DEBUG[39m [38;5;3m[WarmupService] [39m[95mWarming up key: key1[39m
[95m[Nest] 35067  - [39m02/20/2026, 10:51:11 AM [95m  DEBUG[39m [38;5;3m[WarmupService] [39m[95mSuccessfully warmed up key: key0[39m
[95m[Nest] 35067  - [39m02/20/2026, 10:51:11 AM [95m  DEBUG[39m [38;5;3m[WarmupService] [39m[95mSuccessfully warmed up key: key1[39m
[95m[Nest] 35067  - [39m02/20/2026, 10:51:11 AM [95m  DEBUG[39m [38;5;3m[WarmupService] [39m[95mWarming up key: key2[39m
[95m[Nest] 35067  - [39m02/20/2026, 10:51:11 AM [95m  DEBUG[39m [38;5;3m[WarmupService] [39m[95mWarming up key: key3[39m
[95m[Nest] 35067  - [39m02/20/2026, 10:51:11 AM [95m  DEBUG[39m [38;5;3m[WarmupService] [39m[95mSuccessfully warmed up key: key2[39m
[95m[Nest] 35067  - [39m02/20/2026, 10:51:11 AM [95m  DEBUG[39m [38;5;3m[WarmupService] [39m[95mSuccessfully warmed up key: key3[39m
[95m[Nest] 35067  - [39m02/20/2026, 10:51:11 AM [95m  DEBUG[39m [38;5;3m[WarmupService] [39m[95mWarming up key: key4[39m
[95m[Nest] 35067  - [39m02/20/2026, 10:51:11 AM [95m  DEBUG[39m [38;5;3m[WarmupService] [39m[95mSuccessfully warmed up key: key4[39m
[32m[Nest] 35067  - [39m02/20/2026, 10:51:11 AM [32m    LOG[39m [38;5;3m[WarmupService] [39m[32mCache warmup completed: 5 succeeded, 0 failed (0ms)[39m
[32m[Nest] 35067  - [39m02/20/2026, 10:51:11 AM [32m    LOG[39m [38;5;3m[WarmupService] [39m[32mStarting cache warmup for 2 keys...[39m
[95m[Nest] 35067  - [39m02/20/2026, 10:51:11 AM [95m  DEBUG[39m [38;5;3m[WarmupService] [39m[95mWarming up key: key1[39m
[95m[Nest] 35067  - [39m02/20/2026, 10:51:11 AM [95m  DEBUG[39m [38;5;3m[WarmupService] [39m[95mWarming up key: key2[39m
[95m[Nest] 35067  - [39m02/20/2026, 10:51:11 AM [95m  DEBUG[39m [38;5;3m[WarmupService] [39m[95mSuccessfully warmed up key: key1[39m
[95m[Nest] 35067  - [39m02/20/2026, 10:51:11 AM [95m  DEBUG[39m [38;5;3m[WarmupService] [39m[95mSuccessfully warmed up key: key2[39m
[32m[Nest] 35067  - [39m02/20/2026, 10:51:11 AM [32m    LOG[39m [38;5;3m[WarmupService] [39m[32mCache warmup completed: 2 succeeded, 0 failed (0ms)[39m
[32m[Nest] 35067  - [39m02/20/2026, 10:51:11 AM [32m    LOG[39m [38;5;3m[WarmupService] [39m[32mStarting cache warmup for 3 keys...[39m
[95m[Nest] 35067  - [39m02/20/2026, 10:51:11 AM [95m  DEBUG[39m [38;5;3m[WarmupService] [39m[95mWarming up key: key1[39m
[95m[Nest] 35067  - [39m02/20/2026, 10:51:11 AM [95m  DEBUG[39m [38;5;3m[WarmupService] [39m[95mWarming up key: key2[39m
[95m[Nest] 35067  - [39m02/20/2026, 10:51:11 AM [95m  DEBUG[39m [38;5;3m[WarmupService] [39m[95mWarming up key: key3[39m
[95m[Nest] 35067  - [39m02/20/2026, 10:51:11 AM [95m  DEBUG[39m [38;5;3m[WarmupService] [39m[95mSuccessfully warmed up key: key1[39m
[95m[Nest] 35067  - [39m02/20/2026, 10:51:11 AM [95m  DEBUG[39m [38;5;3m[WarmupService] [39m[95mSuccessfully warmed up key: key3[39m
[32m[Nest] 35067  - [39m02/20/2026, 10:51:11 AM [32m    LOG[39m [38;5;3m[WarmupService] [39m[32mCache warmup completed: 2 succeeded, 1 failed (0ms)[39m
[31m[Nest] 35067  - [39m02/20/2026, 10:51:11 AM [31m  ERROR[39m [38;5;3m[WarmupService] [39m[31mError: Loader error[39m
[31m[Nest] 35067  - [39m02/20/2026, 10:51:11 AM [31m  ERROR[39m [38;5;3m[WarmupService] [39m[31mFailed to warm up key key2:[39m
[31m[Nest] 35067  - [39m02/20/2026, 10:51:11 AM [31m  ERROR[39m [38;5;3m[WarmupService] [39m[31mError: Error[39m
 ✓ packages/cache/test/unit/warmup.service.spec.ts > WarmupService > onModuleInit > should skip warmup when disabled
 ✓ packages/cache/test/unit/warmup.service.spec.ts > WarmupService > onModuleInit > should skip warmup when no keys configured
 ✓ packages/cache/test/unit/warmup.service.spec.ts > WarmupService > onModuleInit > should warmup single key
 ✓ packages/cache/test/unit/warmup.service.spec.ts > WarmupService > onModuleInit > should warmup multiple keys
 ✓ packages/cache/test/unit/warmup.service.spec.ts > WarmupService > onModuleInit > should warmup keys with tags
 ✓ packages/cache/test/unit/warmup.service.spec.ts > WarmupService > onModuleInit > should handle loader errors gracefully
 ✓ packages/cache/test/unit/warmup.service.spec.ts > WarmupService > onModuleInit > should respect concurrency limit
 ✓ packages/cache/test/unit/warmup.service.spec.ts > WarmupService > onModuleInit > should use default concurrency when not specified
 ✓ packages/cache/test/unit/warmup.service.spec.ts > WarmupService > onModuleInit > should process keys in chunks
 ✓ packages/cache/test/unit/warmup.service.spec.ts > WarmupService > onModuleInit > should handle warmup when options not provided
 ✓ packages/cache/test/unit/warmup.service.spec.ts > WarmupService > onModuleInit > should count succeeded and failed warmups
 ✓ packages/cache/test/unit/warmup.service.spec.ts > WarmupService > onModuleInit > should complete warmup even with some failures
 ✓ packages/cache/test/unit/warmup.service.spec.ts > WarmupService > warmup configuration > should use default enabled value when not specified
 ✓ packages/cache/test/unit/warmup.service.spec.ts > WarmupService > warmup configuration > should use default keys array when not specified
 ✓ packages/cache/test/unit/warmup.service.spec.ts > WarmupService > warmup configuration > should use default concurrency when not specified
 ✓ packages/locks/test/unit/redis-lock-store.adapter.spec.ts > RedisLockStoreAdapter > onModuleInit > should load Lua scripts on initialization
 ✓ packages/locks/test/unit/redis-lock-store.adapter.spec.ts > RedisLockStoreAdapter > onModuleInit > should cache script SHA hashes
 ✓ packages/locks/test/unit/redis-lock-store.adapter.spec.ts > RedisLockStoreAdapter > acquire > should acquire lock successfully
 ✓ packages/locks/test/unit/redis-lock-store.adapter.spec.ts > RedisLockStoreAdapter > acquire > should fail when lock already exists
 ✓ packages/locks/test/unit/redis-lock-store.adapter.spec.ts > RedisLockStoreAdapter > acquire > should use correct Redis options
 ✓ packages/locks/test/unit/redis-lock-store.adapter.spec.ts > RedisLockStoreAdapter > release > should release lock using Lua script
 ✓ packages/locks/test/unit/redis-lock-store.adapter.spec.ts > RedisLockStoreAdapter > release > should return false when lock not owned
 ✓ packages/locks/test/unit/redis-lock-store.adapter.spec.ts > RedisLockStoreAdapter > release > should load script if not initialized
 ✓ packages/locks/test/unit/redis-lock-store.adapter.spec.ts > RedisLockStoreAdapter > extend > should extend lock TTL using Lua script
 ✓ packages/locks/test/unit/redis-lock-store.adapter.spec.ts > RedisLockStoreAdapter > extend > should return false when lock not owned
 ✓ packages/locks/test/unit/redis-lock-store.adapter.spec.ts > RedisLockStoreAdapter > extend > should load script if not initialized
 ✓ packages/locks/test/unit/redis-lock-store.adapter.spec.ts > RedisLockStoreAdapter > extend > should pass TTL as number
 ✓ packages/locks/test/unit/redis-lock-store.adapter.spec.ts > RedisLockStoreAdapter > exists > should return true when lock exists
 ✓ packages/locks/test/unit/redis-lock-store.adapter.spec.ts > RedisLockStoreAdapter > exists > should return false when lock does not exist
 ✓ packages/locks/test/unit/redis-lock-store.adapter.spec.ts > RedisLockStoreAdapter > isHeldBy > should return true when token matches
 ✓ packages/locks/test/unit/redis-lock-store.adapter.spec.ts > RedisLockStoreAdapter > isHeldBy > should return false when token does not match
 ✓ packages/locks/test/unit/redis-lock-store.adapter.spec.ts > RedisLockStoreAdapter > isHeldBy > should return false when lock does not exist
 ✓ packages/locks/test/unit/redis-lock-store.adapter.spec.ts > RedisLockStoreAdapter > forceRelease > should delete lock and return true
 ✓ packages/locks/test/unit/redis-lock-store.adapter.spec.ts > RedisLockStoreAdapter > forceRelease > should return false when lock does not exist
 ✓ packages/core/test/unit/redis.module.simple.spec.ts > RedisModule (Structure) > forRoot > should return DynamicModule
 ✓ packages/core/test/unit/redis.module.simple.spec.ts > RedisModule (Structure) > forRoot > should always be global
 ✓ packages/core/test/unit/redis.module.simple.spec.ts > RedisModule (Structure) > forRoot > should export RedisService
 ✓ packages/core/test/unit/redis.module.simple.spec.ts > RedisModule (Structure) > forRoot > should export CLIENT_MANAGER
 ✓ packages/core/test/unit/redis.module.simple.spec.ts > RedisModule (Structure) > forRootAsync > should return DynamicModule
 ✓ packages/core/test/unit/redis.module.simple.spec.ts > RedisModule (Structure) > forRootAsync > should always be global
 ✓ packages/core/test/unit/redis.module.simple.spec.ts > RedisModule (Structure) > forRootAsync > should include imports
 ✓ packages/core/test/unit/redis.module.simple.spec.ts > RedisModule (Structure) > forRootAsync > should include PluginRegistryService in providers
 ✓ packages/core/test/unit/redis.module.simple.spec.ts > RedisModule (Structure) > forRootAsync > should include REGISTERED_PLUGINS provider
 ✓ packages/core/test/unit/redis.module.simple.spec.ts > RedisModule (Structure) > plugins > should register plugin providers
 ✓ packages/core/test/unit/redis.module.simple.spec.ts > RedisModule (Structure) > plugins > should handle multiple plugins
 ✓ packages/core/test/unit/redis.module.simple.spec.ts > RedisModule (Structure) > plugins > should work without plugins
 ✓ packages/core/test/unit/redis.module.simple.spec.ts > RedisModule (Structure) > plugins > should include PluginRegistryService in providers
 ✓ packages/core/test/unit/redis.module.simple.spec.ts > RedisModule (Structure) > plugins > should include REGISTERED_PLUGINS provider
 ✓ packages/core/test/unit/redis.module.simple.spec.ts > RedisModule (Structure) > plugins > should include REGISTERED_PLUGINS with empty array when no plugins
 ✓ packages/core/test/unit/redis.module.simple.spec.ts > RedisModule (Structure) > global module > should always be global in forRoot
 ✓ packages/core/test/unit/redis.module.simple.spec.ts > RedisModule (Structure) > global module > should always be global in forRootAsync
 ✓ packages/idempotency/test/unit/idempotency.service.spec.ts > IdempotencyService > checkAndLock > should return isNew for new request
 ✓ packages/idempotency/test/unit/idempotency.service.spec.ts > IdempotencyService > checkAndLock > should return fingerprintMismatch on mismatch
 ✓ packages/idempotency/test/unit/idempotency.service.spec.ts > IdempotencyService > checkAndLock > should return record on completed request
 ✓ packages/idempotency/test/unit/idempotency.service.spec.ts > IdempotencyService > checkAndLock > should wait for processing request
 ✓ packages/idempotency/test/unit/idempotency.service.spec.ts > IdempotencyService > checkAndLock > should wait for processing request and return failed record
 ✓ packages/idempotency/test/unit/idempotency.service.spec.ts > IdempotencyService > checkAndLock > should throw timeout error when waiting too long
 ✓ packages/idempotency/test/unit/idempotency.service.spec.ts > IdempotencyService > checkAndLock > should throw error when record not found during wait
 ✓ packages/idempotency/test/unit/idempotency.service.spec.ts > IdempotencyService > complete > should complete idempotency record
 ✓ packages/idempotency/test/unit/idempotency.service.spec.ts > IdempotencyService > complete > should use custom TTL
 ✓ packages/idempotency/test/unit/idempotency.service.spec.ts > IdempotencyService > complete > should complete with headers
 ✓ packages/idempotency/test/unit/idempotency.service.spec.ts > IdempotencyService > fail > should mark record as failed
 ✓ packages/idempotency/test/unit/idempotency.service.spec.ts > IdempotencyService > get > should get idempotency record
 ✓ packages/idempotency/test/unit/idempotency.service.spec.ts > IdempotencyService > get > should return null when not found
 ✓ packages/idempotency/test/unit/idempotency.service.spec.ts > IdempotencyService > delete > should delete idempotency record
 ✓ packages/idempotency/test/unit/idempotency.service.spec.ts > IdempotencyService > key building > should use configured prefix
 × packages/cache/test/unit/cache.plugin.spec.ts > CachePlugin > should have correct metadata
   → expected '1.0.2' to be '0.1.0' // Object.is equality
 ✓ packages/cache/test/unit/cache.plugin.spec.ts > CachePlugin > getProviders > should return all required providers
 ✓ packages/cache/test/unit/cache.plugin.spec.ts > CachePlugin > getProviders > should merge user options with defaults
 ✓ packages/cache/test/unit/cache.plugin.spec.ts > CachePlugin > getProviders > should provide default config when no options given
 ✓ packages/cache/test/unit/cache.plugin.spec.ts > CachePlugin > getExports > should export cache service and module options
 ✓ packages/cache/test/unit/cache.plugin.spec.ts > CachePlugin > getImports > should return empty array by default
 ✓ packages/cache/test/unit/cache.plugin.spec.ts > CachePlugin > configuration options > should accept l1 cache configuration
 ✓ packages/cache/test/unit/cache.plugin.spec.ts > CachePlugin > configuration options > should accept l2 cache configuration
 ✓ packages/cache/test/unit/cache.plugin.spec.ts > CachePlugin > configuration options > should accept stampede protection configuration
 ✓ packages/cache/test/unit/cache.plugin.spec.ts > CachePlugin > configuration options > should accept tags configuration
 ✓ packages/cache/test/unit/cache.plugin.spec.ts > CachePlugin > configuration options > should accept invalidation configuration with rules
 ✓ packages/cache/test/unit/cache.plugin.spec.ts > CachePlugin > configuration options > should handle empty invalidation rules
 ✓ packages/cache/test/unit/cache-entry.vo.spec.ts > CacheEntry > create > should create cache entry with value and ttl
 ✓ packages/cache/test/unit/cache-entry.vo.spec.ts > CacheEntry > create > should create cache entry with tags
 ✓ packages/cache/test/unit/cache-entry.vo.spec.ts > CacheEntry > create > should create cache entry without tags
 ✓ packages/cache/test/unit/cache-entry.vo.spec.ts > CacheEntry > isExpired > should return false for fresh entry
 ✓ packages/cache/test/unit/cache-entry.vo.spec.ts > CacheEntry > isExpired > should return true for expired entry
 ✓ packages/cache/test/unit/cache-entry.vo.spec.ts > CacheEntry > isExpired > should return false at exact expiration time
 ✓ packages/cache/test/unit/cache-entry.vo.spec.ts > CacheEntry > isExpired > should return true after expiration time
 ✓ packages/cache/test/unit/cache-entry.vo.spec.ts > CacheEntry > getTimeToLive > should return remaining time for fresh entry
 ✓ packages/cache/test/unit/cache-entry.vo.spec.ts > CacheEntry > getTimeToLive > should return 0 for expired entry
 ✓ packages/cache/test/unit/cache-entry.vo.spec.ts > CacheEntry > getTimeToLive > should return full ttl immediately after creation
 ✓ packages/cache/test/unit/cache-entry.vo.spec.ts > CacheEntry > getAge > should return 0 immediately after creation
 ✓ packages/cache/test/unit/cache-entry.vo.spec.ts > CacheEntry > getAge > should return elapsed time since creation
 ✓ packages/cache/test/unit/cache-entry.vo.spec.ts > CacheEntry > getAge > should return age even for expired entry
 ✓ packages/cache/test/unit/cache-entry.vo.spec.ts > CacheEntry > hasTag > should return true if entry has tag
 ✓ packages/cache/test/unit/cache-entry.vo.spec.ts > CacheEntry > hasTag > should return false if entry does not have tag
 ✓ packages/cache/test/unit/cache-entry.vo.spec.ts > CacheEntry > hasTag > should return false if entry has no tags
 ✓ packages/cache/test/unit/cache-entry.vo.spec.ts > CacheEntry > toJSON > should serialize entry to JSON
 ✓ packages/cache/test/unit/cache-entry.vo.spec.ts > CacheEntry > toJSON > should serialize entry without tags
 ✓ packages/cache/test/unit/cache-entry.vo.spec.ts > CacheEntry > fromJSON > should deserialize entry from JSON
 ✓ packages/cache/test/unit/cache-entry.vo.spec.ts > CacheEntry > fromJSON > should deserialize entry without tags
 ✓ packages/cache/test/unit/cache-entry.vo.spec.ts > CacheEntry > roundtrip > should handle toJSON/fromJSON roundtrip
 ✓ packages/cache/test/unit/l1-memory-store.adapter.spec.ts > L1MemoryStoreAdapter > get/set > should store and retrieve value
 ✓ packages/cache/test/unit/l1-memory-store.adapter.spec.ts > L1MemoryStoreAdapter > get/set > should return null for non-existent key
 ✓ packages/cache/test/unit/l1-memory-store.adapter.spec.ts > L1MemoryStoreAdapter > get/set > should overwrite existing value
 ✓ packages/cache/test/unit/l1-memory-store.adapter.spec.ts > L1MemoryStoreAdapter > has > should return true for existing key
 ✓ packages/cache/test/unit/l1-memory-store.adapter.spec.ts > L1MemoryStoreAdapter > has > should return false for non-existent key
 ✓ packages/cache/test/unit/l1-memory-store.adapter.spec.ts > L1MemoryStoreAdapter > delete > should delete existing key
 ✓ packages/cache/test/unit/l1-memory-store.adapter.spec.ts > L1MemoryStoreAdapter > delete > should not throw error for non-existent key
 ✓ packages/cache/test/unit/l1-memory-store.adapter.spec.ts > L1MemoryStoreAdapter > clear > should clear all entries
 ✓ packages/cache/test/unit/l1-memory-store.adapter.spec.ts > L1MemoryStoreAdapter > size > should return current size
 ✓ packages/cache/test/unit/l1-memory-store.adapter.spec.ts > L1MemoryStoreAdapter > size > should return 0 for empty store
 ✓ packages/cache/test/unit/l1-memory-store.adapter.spec.ts > L1MemoryStoreAdapter > LRU eviction > should handle max entries configuration
 ✓ packages/cache/test/unit/l1-memory-store.adapter.spec.ts > L1MemoryStoreAdapter > LRU eviction > should evict least recently used item when exceeding max
 ✓ packages/cache/test/unit/l1-memory-store.adapter.spec.ts > L1MemoryStoreAdapter > LRU eviction > should update LRU order on access
 ✓ packages/cache/test/unit/l1-memory-store.adapter.spec.ts > L1MemoryStoreAdapter > getStats > should return stats with hits and misses
 ✓ packages/cache/test/unit/l1-memory-store.adapter.spec.ts > L1MemoryStoreAdapter > getStats > should return zero stats for empty store
 ✓ packages/cache/test/unit/l1-memory-store.adapter.spec.ts > L1MemoryStoreAdapter > getStats > should track cache size correctly
 ✓ packages/cache/test/unit/l1-memory-store.adapter.spec.ts > L1MemoryStoreAdapter > getStats > should increment hits on successful get
 ✓ packages/cache/test/unit/l1-memory-store.adapter.spec.ts > L1MemoryStoreAdapter > getStats > should increment misses on failed get
 ✓ packages/cache/test/unit/l1-memory-store.adapter.spec.ts > L1MemoryStoreAdapter > getStats > should update size after delete
 ✓ packages/cache/test/unit/l1-memory-store.adapter.spec.ts > L1MemoryStoreAdapter > getStats > should reset size to zero after clear
 ✓ packages/rate-limit/test/unit/rate-limit.plugin.spec.ts > RateLimitPlugin > plugin metadata > should have correct name
 × packages/rate-limit/test/unit/rate-limit.plugin.spec.ts > RateLimitPlugin > plugin metadata > should have version
   → expected '1.0.2' to be '0.1.0' // Object.is equality
 ✓ packages/rate-limit/test/unit/rate-limit.plugin.spec.ts > RateLimitPlugin > plugin metadata > should have description
 ✓ packages/rate-limit/test/unit/rate-limit.plugin.spec.ts > RateLimitPlugin > default configuration > should use default configuration when no options provided
 ✓ packages/rate-limit/test/unit/rate-limit.plugin.spec.ts > RateLimitPlugin > configuration merging > should override defaultAlgorithm
 ✓ packages/rate-limit/test/unit/rate-limit.plugin.spec.ts > RateLimitPlugin > configuration merging > should override defaultPoints
 ✓ packages/rate-limit/test/unit/rate-limit.plugin.spec.ts > RateLimitPlugin > configuration merging > should merge headers with defaults
 ✓ packages/rate-limit/test/unit/rate-limit.plugin.spec.ts > RateLimitPlugin > configuration merging > should override multiple options
 ✓ packages/rate-limit/test/unit/rate-limit.plugin.spec.ts > RateLimitPlugin > getProviders > should return configuration provider
 ✓ packages/rate-limit/test/unit/rate-limit.plugin.spec.ts > RateLimitPlugin > getProviders > should return store provider
 ✓ packages/rate-limit/test/unit/rate-limit.plugin.spec.ts > RateLimitPlugin > getProviders > should return service provider
 ✓ packages/rate-limit/test/unit/rate-limit.plugin.spec.ts > RateLimitPlugin > getProviders > should return exactly 5 providers
 ✓ packages/rate-limit/test/unit/rate-limit.plugin.spec.ts > RateLimitPlugin > getExports > should export rate limit service
 ✓ packages/rate-limit/test/unit/rate-limit.plugin.spec.ts > RateLimitPlugin > getExports > should export exactly 3 items
 × packages/tracing/test/unit/tracing.plugin.spec.ts > TracingPlugin > should have correct metadata
   → expected '1.0.2' to be '0.1.0' // Object.is equality
 ✓ packages/tracing/test/unit/tracing.plugin.spec.ts > TracingPlugin > should use default configuration
 ✓ packages/tracing/test/unit/tracing.plugin.spec.ts > TracingPlugin > should merge custom options
 ✓ packages/tracing/test/unit/tracing.plugin.spec.ts > TracingPlugin > should configure with exporter
 ✓ packages/tracing/test/unit/tracing.plugin.spec.ts > TracingPlugin > should configure with resource attributes
 ✓ packages/tracing/test/unit/tracing.plugin.spec.ts > TracingPlugin > should disable Redis command tracing
 ✓ packages/tracing/test/unit/tracing.plugin.spec.ts > TracingPlugin > should disable HTTP request tracing
 ✓ packages/tracing/test/unit/tracing.plugin.spec.ts > TracingPlugin > should provide tracing service
 ✓ packages/tracing/test/unit/tracing.plugin.spec.ts > TracingPlugin > should export tracing service
 ✓ packages/tracing/test/unit/tracing.plugin.spec.ts > TracingPlugin > should propagate sampling options
 ✓ packages/tracing/test/unit/tracing.plugin.spec.ts > TracingPlugin > should propagate spans options
 ✓ packages/tracing/test/unit/tracing.plugin.spec.ts > TracingPlugin > should propagate pluginTracing option
 ✓ packages/tracing/test/unit/tracing.plugin.spec.ts > TracingPlugin > should configure all options together
 ✓ packages/rate-limit/test/unit/rate-limit.decorator.spec.ts > @RateLimit Decorator > metadata > should set rate limit options metadata
 ✓ packages/rate-limit/test/unit/rate-limit.decorator.spec.ts > @RateLimit Decorator > metadata > should set options with algorithm
 ✓ packages/rate-limit/test/unit/rate-limit.decorator.spec.ts > @RateLimit Decorator > metadata > should set options with custom key
 ✓ packages/rate-limit/test/unit/rate-limit.decorator.spec.ts > @RateLimit Decorator > metadata > should set options with key extractor function
 ✓ packages/rate-limit/test/unit/rate-limit.decorator.spec.ts > @RateLimit Decorator > guard attachment > should apply decorators
 ✓ packages/rate-limit/test/unit/rate-limit.decorator.spec.ts > @RateLimit Decorator > class decorator > should apply to class
 ✓ packages/rate-limit/test/unit/rate-limit.decorator.spec.ts > @RateLimit Decorator > default options > should allow empty options object
 ✓ packages/rate-limit/test/unit/rate-limit.decorator.spec.ts > @RateLimit Decorator > default options > should allow no options
 ✓ packages/rate-limit/test/unit/rate-limit.decorator.spec.ts > @RateLimit Decorator > multiple decorators > should allow multiple decorated methods in same class
 ✓ packages/rate-limit/test/unit/rate-limit.decorator.spec.ts > @RateLimit Decorator > algorithm options > should support fixed-window algorithm
 ✓ packages/rate-limit/test/unit/rate-limit.decorator.spec.ts > @RateLimit Decorator > algorithm options > should support sliding-window algorithm
 ✓ packages/rate-limit/test/unit/rate-limit.decorator.spec.ts > @RateLimit Decorator > algorithm options > should support token-bucket algorithm
 ✓ packages/cache/test/unit/invalidate-tags.decorator.spec.ts > @InvalidateTags decorator > decorator metadata > should set metadata for default options
 ✓ packages/cache/test/unit/invalidate-tags.decorator.spec.ts > @InvalidateTags decorator > decorator metadata > should set metadata with when=before
 ✓ packages/cache/test/unit/invalidate-tags.decorator.spec.ts > @InvalidateTags decorator > decorator metadata > should set metadata with when=after
 ✓ packages/cache/test/unit/invalidate-tags.decorator.spec.ts > @InvalidateTags decorator > decorator metadata > should set metadata with function tags
 ✓ packages/cache/test/unit/invalidate-tags.decorator.spec.ts > @InvalidateTags decorator > decorator metadata > should set metadata with complex options
 ✓ packages/cache/test/unit/invalidate-tags.decorator.spec.ts > @InvalidateTags decorator > decorator application > should not modify method functionality
 ✓ packages/cache/test/unit/invalidate-tags.decorator.spec.ts > @InvalidateTags decorator > decorator application > should preserve method signature
 ✓ packages/cache/test/unit/invalidate-tags.decorator.spec.ts > @InvalidateTags decorator > static tags > should support single tag
 ✓ packages/cache/test/unit/invalidate-tags.decorator.spec.ts > @InvalidateTags decorator > static tags > should support multiple tags
 ✓ packages/cache/test/unit/invalidate-tags.decorator.spec.ts > @InvalidateTags decorator > function tags > should support single argument function
 ✓ packages/cache/test/unit/invalidate-tags.decorator.spec.ts > @InvalidateTags decorator > function tags > should support multiple argument function
 ✓ packages/cache/test/unit/tags.vo.spec.ts > Tags > create > should create tags collection from array
 ✓ packages/cache/test/unit/tags.vo.spec.ts > Tags > create > should remove duplicate tags
 ✓ packages/cache/test/unit/tags.vo.spec.ts > Tags > create > should throw error for too many tags
 ✓ packages/cache/test/unit/tags.vo.spec.ts > Tags > create > should accept custom max tags
 ✓ packages/cache/test/unit/tags.vo.spec.ts > Tags > create > should reject when exceeding custom max tags
 ✓ packages/cache/test/unit/tags.vo.spec.ts > Tags > create > should normalize tags during creation
 ✓ packages/cache/test/unit/tags.vo.spec.ts > Tags > create > should handle duplicate tags after normalization
 ✓ packages/cache/test/unit/tags.vo.spec.ts > Tags > create > should validate each tag
 ✓ packages/cache/test/unit/tags.vo.spec.ts > Tags > empty > should create empty tags collection
 ✓ packages/cache/test/unit/tags.vo.spec.ts > Tags > toStrings > should return array of tag strings
 ✓ packages/cache/test/unit/tags.vo.spec.ts > Tags > toStrings > should return empty array for empty tags
 ✓ packages/cache/test/unit/tags.vo.spec.ts > Tags > toArray > should return array of Tag objects
 ✓ packages/cache/test/unit/tags.vo.spec.ts > Tags > size > should return number of tags
 ✓ packages/cache/test/unit/tags.vo.spec.ts > Tags > size > should return 0 for empty tags
 ✓ packages/cache/test/unit/tags.vo.spec.ts > Tags > has > should return true if tag exists
 ✓ packages/cache/test/unit/tags.vo.spec.ts > Tags > has > should return false if tag does not exist
 ✓ packages/cache/test/unit/tags.vo.spec.ts > Tags > isEmpty > should return true for empty tags
 ✓ packages/cache/test/unit/tags.vo.spec.ts > Tags > isEmpty > should return false for non-empty tags
 ✓ packages/cache/test/unit/tags.vo.spec.ts > Tags > forEach > should iterate over tags
 ✓ packages/cache/test/unit/tags.vo.spec.ts > Tags > forEach > should provide index in callback
 ✓ packages/cache/test/unit/tags.vo.spec.ts > Tags > map > should map over tags
 ✓ packages/cache/test/unit/tags.vo.spec.ts > Tags > map > should provide index in callback
 ✓ packages/cache/test/unit/tags.vo.spec.ts > Tags > map > should return empty array for empty tags
 ✓ packages/idempotency/test/unit/idempotent.decorator.spec.ts > Idempotent Decorator > metadata > should set default options when no options provided
 ✓ packages/idempotency/test/unit/idempotent.decorator.spec.ts > Idempotent Decorator > metadata > should set TTL option
 ✓ packages/idempotency/test/unit/idempotent.decorator.spec.ts > Idempotent Decorator > metadata > should set keyExtractor option
 ✓ packages/idempotency/test/unit/idempotent.decorator.spec.ts > Idempotent Decorator > metadata > should set fingerprintFields option
 ✓ packages/idempotency/test/unit/idempotent.decorator.spec.ts > Idempotent Decorator > metadata > should set validateFingerprint and cacheHeaders options
 ✓ packages/idempotency/test/unit/idempotent.decorator.spec.ts > Idempotent Decorator > metadata > should set skip option
 ✓ packages/idempotency/test/unit/idempotent.decorator.spec.ts > Idempotent Decorator > metadata > should set all options together
 ✓ packages/idempotency/test/unit/idempotent.decorator.spec.ts > Idempotent Decorator > interceptor attachment > should attach IdempotencyInterceptor to method
 ✓ packages/idempotency/test/unit/idempotent.decorator.spec.ts > Idempotent Decorator > function options > should allow keyExtractor function to return string
 ✓ packages/idempotency/test/unit/idempotent.decorator.spec.ts > Idempotent Decorator > function options > should allow skip function to return boolean
 ✓ packages/cache/test/unit/cache-evict.decorator.spec.ts > CacheEvict decorator > @CacheEvict > should set metadata with empty options
 ✓ packages/cache/test/unit/cache-evict.decorator.spec.ts > CacheEvict decorator > @CacheEvict > should set metadata with keys
 ✓ packages/cache/test/unit/cache-evict.decorator.spec.ts > CacheEvict decorator > @CacheEvict > should set metadata with tags
 ✓ packages/cache/test/unit/cache-evict.decorator.spec.ts > CacheEvict decorator > @CacheEvict > should set metadata with allEntries flag
 ✓ packages/cache/test/unit/cache-evict.decorator.spec.ts > CacheEvict decorator > @CacheEvict > should set metadata with beforeInvocation flag
 ✓ packages/cache/test/unit/cache-evict.decorator.spec.ts > CacheEvict decorator > @CacheEvict > should set metadata with condition function
 ✓ packages/cache/test/unit/cache-evict.decorator.spec.ts > CacheEvict decorator > @CacheEvict > should set metadata with custom key generator
 ✓ packages/cache/test/unit/cache-evict.decorator.spec.ts > CacheEvict decorator > @CacheEvict > should set metadata with namespace
 ✓ packages/cache/test/unit/cache-evict.decorator.spec.ts > CacheEvict decorator > @CacheEvict > should set metadata with wildcard keys
 ✓ packages/cache/test/unit/cache-evict.decorator.spec.ts > CacheEvict decorator > @CacheEvict > should set metadata with all options
 ✓ packages/cache/test/unit/cache-evict.decorator.spec.ts > CacheEvict decorator > @CacheEvict > should work with multiple decorated methods
 ✓ packages/cache/test/unit/cache-evict.decorator.spec.ts > CacheEvict decorator > CACHE_EVICT_METADATA_KEY > should have correct value
 ✓ packages/cache/test/unit/cache-put.decorator.spec.ts > CachePut decorator > @CachePut > should set metadata with basic options
 ✓ packages/cache/test/unit/cache-put.decorator.spec.ts > CachePut decorator > @CachePut > should set metadata with static tags
 ✓ packages/cache/test/unit/cache-put.decorator.spec.ts > CachePut decorator > @CachePut > should set metadata with dynamic tags function
 ✓ packages/cache/test/unit/cache-put.decorator.spec.ts > CachePut decorator > @CachePut > should set metadata with condition function
 ✓ packages/cache/test/unit/cache-put.decorator.spec.ts > CachePut decorator > @CachePut > should set metadata with custom key generator
 ✓ packages/cache/test/unit/cache-put.decorator.spec.ts > CachePut decorator > @CachePut > should set metadata with namespace
 ✓ packages/cache/test/unit/cache-put.decorator.spec.ts > CachePut decorator > @CachePut > should set metadata with cacheNullValues flag
 ✓ packages/cache/test/unit/cache-put.decorator.spec.ts > CachePut decorator > @CachePut > should set metadata with nested property key
 ✓ packages/cache/test/unit/cache-put.decorator.spec.ts > CachePut decorator > @CachePut > should set metadata with all options
 ✓ packages/cache/test/unit/cache-put.decorator.spec.ts > CachePut decorator > @CachePut > should work with multiple decorated methods
 ✓ packages/cache/test/unit/cache-put.decorator.spec.ts > CachePut decorator > CACHE_PUT_METADATA_KEY > should have correct value
 ✓ packages/locks/test/unit/with-lock.decorator.spec.ts > @WithLock Decorator > metadata > should set lock options metadata
 ✓ packages/locks/test/unit/with-lock.decorator.spec.ts > @WithLock Decorator > metadata > should set lock options with function key
 ✓ packages/locks/test/unit/with-lock.decorator.spec.ts > @WithLock Decorator > metadata > should set lock options with onLockFailed as string
 ✓ packages/locks/test/unit/with-lock.decorator.spec.ts > @WithLock Decorator > metadata > should set lock options with onLockFailed as function
 ✓ packages/locks/test/unit/with-lock.decorator.spec.ts > @WithLock Decorator > metadata > should set lock options with waitTimeout
 ✓ packages/locks/test/unit/with-lock.decorator.spec.ts > @WithLock Decorator > multiple decorators > should allow multiple decorated methods in same class
 ✓ packages/locks/test/unit/with-lock.decorator.spec.ts > @WithLock Decorator > key patterns > should support string key
 ✓ packages/locks/test/unit/with-lock.decorator.spec.ts > @WithLock Decorator > key patterns > should support template string key pattern
 ✓ packages/locks/test/unit/with-lock.decorator.spec.ts > @WithLock Decorator > key patterns > should support function key builder
 × packages/metrics/test/unit/metrics.plugin.spec.ts > MetricsPlugin > should have correct metadata
   → expected '1.0.2' to be '0.1.0' // Object.is equality
 ✓ packages/metrics/test/unit/metrics.plugin.spec.ts > MetricsPlugin > should use default configuration
 ✓ packages/metrics/test/unit/metrics.plugin.spec.ts > MetricsPlugin > should merge custom options
 ✓ packages/metrics/test/unit/metrics.plugin.spec.ts > MetricsPlugin > should include controller when exposeEndpoint is true
 ✓ packages/metrics/test/unit/metrics.plugin.spec.ts > MetricsPlugin > should not include controller when exposeEndpoint is false
 ✓ packages/metrics/test/unit/metrics.plugin.spec.ts > MetricsPlugin > should provide metrics service
 ✓ packages/metrics/test/unit/metrics.plugin.spec.ts > MetricsPlugin > should export metrics service
 ✓ packages/metrics/test/unit/metrics.plugin.spec.ts > MetricsPlugin > should use custom histogram buckets
 ✓ packages/metrics/test/unit/metrics.plugin.spec.ts > MetricsPlugin > should include default labels when provided
 ✓ packages/metrics/test/unit/metrics.plugin.spec.ts > MetricsPlugin > should disable default metrics collection
 ✓ packages/metrics/test/unit/metrics.plugin.spec.ts > MetricsPlugin > should propagate commandMetrics option
 ✓ packages/metrics/test/unit/metrics.plugin.spec.ts > MetricsPlugin > should propagate pluginMetrics option
 ✓ packages/metrics/test/unit/metrics.plugin.spec.ts > MetricsPlugin > should propagate collectInterval option
 ✓ packages/core/test/unit/redisx.error.spec.ts > RedisXError > constructor > should create error with message and code
 ✓ packages/core/test/unit/redisx.error.spec.ts > RedisXError > constructor > should preserve cause error
 ✓ packages/core/test/unit/redisx.error.spec.ts > RedisXError > constructor > should store context
 ✓ packages/core/test/unit/redisx.error.spec.ts > RedisXError > is > should return true for matching code
 ✓ packages/core/test/unit/redisx.error.spec.ts > RedisXError > isAnyOf > should return true if code matches any in array
 ✓ packages/core/test/unit/redisx.error.spec.ts > RedisXError > toJSON > should serialize to JSON
 ✓ packages/core/test/unit/redisx.error.spec.ts > RedisXError > toString > should create error string
 ✓ packages/core/test/unit/redisx.error.spec.ts > RedisXError > toString > should include cause in string
 ✓ packages/core/test/unit/redisx.error.spec.ts > RedisXError > wrap > should return RedisXError as is
 ✓ packages/core/test/unit/redisx.error.spec.ts > RedisXError > wrap > should wrap Error in RedisXError
 ✓ packages/core/test/unit/redisx.error.spec.ts > RedisXError > wrap > should wrap unknown error
 ✓ packages/core/test/unit/redisx.error.spec.ts > RedisXError > isRedisXError > should return true for RedisXError
 ✓ packages/core/test/unit/redisx.error.spec.ts > RedisXError > isRedisXError > should return false for regular Error
 ✓ packages/core/test/unit/redisx.error.spec.ts > RedisXError > isRedisXError > should return false for non-errors
 × packages/streams/test/unit/streams.plugin.spec.ts > StreamsPlugin > should have correct metadata
   → expected '1.0.2' to be '0.1.0' // Object.is equality
 ✓ packages/streams/test/unit/streams.plugin.spec.ts > StreamsPlugin > should use default configuration
 ✓ packages/streams/test/unit/streams.plugin.spec.ts > StreamsPlugin > should merge custom consumer options
 ✓ packages/streams/test/unit/streams.plugin.spec.ts > StreamsPlugin > should merge custom DLQ options
 ✓ packages/streams/test/unit/streams.plugin.spec.ts > StreamsPlugin > should merge custom retry options
 ✓ packages/streams/test/unit/streams.plugin.spec.ts > StreamsPlugin > should merge custom trim options
 ✓ packages/streams/test/unit/streams.plugin.spec.ts > StreamsPlugin > should use custom key prefix
 ✓ packages/streams/test/unit/streams.plugin.spec.ts > StreamsPlugin > should provide all required providers
 ✓ packages/streams/test/unit/streams.plugin.spec.ts > StreamsPlugin > should export producer, consumer, and DLQ service
 ✓ packages/streams/test/unit/streams.plugin.spec.ts > StreamsPlugin > should merge all options together
 ✓ packages/cache/test/unit/cache-key.vo.spec.ts > CacheKey > create > should create valid cache key
 ✓ packages/cache/test/unit/cache-key.vo.spec.ts > CacheKey > create > should create key without prefix
 ✓ packages/cache/test/unit/cache-key.vo.spec.ts > CacheKey > create > should throw error for empty key
 ✓ packages/cache/test/unit/cache-key.vo.spec.ts > CacheKey > create > should throw error for whitespace-only key
 ✓ packages/cache/test/unit/cache-key.vo.spec.ts > CacheKey > create > should throw error for key with whitespace
 ✓ packages/cache/test/unit/cache-key.vo.spec.ts > CacheKey > create > should throw error for invalid characters
 ✓ packages/cache/test/unit/cache-key.vo.spec.ts > CacheKey > create > should throw error for key exceeding max length
 ✓ packages/cache/test/unit/cache-key.vo.spec.ts > CacheKey > create > should accept key with allowed characters
 ✓ packages/cache/test/unit/cache-key.vo.spec.ts > CacheKey > create > should support version in key
 ✓ packages/cache/test/unit/cache-key.vo.spec.ts > CacheKey > create > should support custom separator
 ✓ packages/cache/test/unit/cache-key.vo.spec.ts > CacheKey > equals > should return true for equal keys
 ✓ packages/cache/test/unit/cache-key.vo.spec.ts > CacheKey > equals > should return false for different keys
 ✓ packages/cache/test/unit/cache-key.vo.spec.ts > CacheKey > equals > should return false for different prefixes
 ✓ packages/cache/test/unit/cache-key.vo.spec.ts > CacheKey > getters > should get raw key
 ✓ packages/cache/test/unit/cache-key.vo.spec.ts > CacheKey > getters > should get prefix
 ✓ packages/cache/test/unit/cache-key.vo.spec.ts > CacheKey > getters > should get version
 ✓ packages/cache/test/unit/cache-key.vo.spec.ts > CacheKey > toString > should return full key with prefix
 ✓ packages/cache/test/unit/cache-key.vo.spec.ts > CacheKey > toString > should return full key with version and prefix
 ✓ packages/cache/test/unit/cacheable.decorator.spec.ts > Cacheable decorator > @Cacheable > should set metadata with basic options
 ✓ packages/cache/test/unit/cacheable.decorator.spec.ts > Cacheable decorator > @Cacheable > should set metadata with static tags
 ✓ packages/cache/test/unit/cacheable.decorator.spec.ts > Cacheable decorator > @Cacheable > should set metadata with dynamic tags function
 ✓ packages/cache/test/unit/cacheable.decorator.spec.ts > Cacheable decorator > @Cacheable > should set metadata with condition function
 ✓ packages/cache/test/unit/cacheable.decorator.spec.ts > Cacheable decorator > @Cacheable > should set metadata with custom key generator
 ✓ packages/cache/test/unit/cacheable.decorator.spec.ts > Cacheable decorator > @Cacheable > should set metadata with namespace
 ✓ packages/cache/test/unit/cacheable.decorator.spec.ts > Cacheable decorator > @Cacheable > should set metadata with all options
 ✓ packages/cache/test/unit/cacheable.decorator.spec.ts > Cacheable decorator > @Cacheable > should work with multiple decorated methods
 ✓ packages/cache/test/unit/cacheable.decorator.spec.ts > Cacheable decorator > CACHEABLE_METADATA_KEY > should have correct value
 ✓ packages/locks/test/unit/errors.spec.ts > Lock Errors > LockError > should create lock error with message and key
 ✓ packages/locks/test/unit/errors.spec.ts > Lock Errors > LockError > should create lock error with cause
 ✓ packages/locks/test/unit/errors.spec.ts > Lock Errors > LockAcquisitionError > should create timeout acquisition error
 ✓ packages/locks/test/unit/errors.spec.ts > Lock Errors > LockAcquisitionError > should create held acquisition error
 ✓ packages/locks/test/unit/errors.spec.ts > Lock Errors > LockAcquisitionError > should create error acquisition error
 ✓ packages/locks/test/unit/errors.spec.ts > Lock Errors > LockNotOwnedError > should create not owned error
 ✓ packages/locks/test/unit/errors.spec.ts > Lock Errors > LockNotOwnedError > should serialize to JSON with token
 ✓ packages/locks/test/unit/errors.spec.ts > Lock Errors > LockExtensionError > should create extension error
 ✓ packages/locks/test/unit/errors.spec.ts > Lock Errors > LockExtensionError > should create extension error with cause
 ✓ packages/locks/test/unit/errors.spec.ts > Lock Errors > LockExtensionError > should serialize to JSON with token
 ✓ packages/locks/test/unit/errors.spec.ts > Lock Errors > LockExpiredError > should create expired error
 ✓ packages/cache/test/unit/tag.vo.spec.ts > Tag > create > should create valid tag
 ✓ packages/cache/test/unit/tag.vo.spec.ts > Tag > create > should normalize tag to lowercase
 ✓ packages/cache/test/unit/tag.vo.spec.ts > Tag > create > should trim whitespace
 ✓ packages/cache/test/unit/tag.vo.spec.ts > Tag > create > should accept tag with allowed characters
 ✓ packages/cache/test/unit/tag.vo.spec.ts > Tag > create > should throw error for empty tag
 ✓ packages/cache/test/unit/tag.vo.spec.ts > Tag > create > should throw error for whitespace-only tag
 ✓ packages/cache/test/unit/tag.vo.spec.ts > Tag > create > should throw error for tag with whitespace
 ✓ packages/cache/test/unit/tag.vo.spec.ts > Tag > create > should throw error for invalid characters
 ✓ packages/cache/test/unit/tag.vo.spec.ts > Tag > create > should throw error for tag exceeding max length
 ✓ packages/cache/test/unit/tag.vo.spec.ts > Tag > create > should accept custom max length
 ✓ packages/cache/test/unit/tag.vo.spec.ts > Tag > create > should reject tag exceeding custom max length
 ✓ packages/cache/test/unit/tag.vo.spec.ts > Tag > create > should accept uppercase letters and normalize them
 ✓ packages/cache/test/unit/tag.vo.spec.ts > Tag > create > should accept numbers
 ✓ packages/cache/test/unit/tag.vo.spec.ts > Tag > create > should accept mixed alphanumeric with separators
 ✓ packages/cache/test/unit/tag.vo.spec.ts > Tag > equals > should return true for equal tags
 ✓ packages/cache/test/unit/tag.vo.spec.ts > Tag > equals > should return false for different tags
 ✓ packages/cache/test/unit/tag.vo.spec.ts > Tag > equals > should return true for tags with different casing
 ✓ packages/cache/test/unit/tag.vo.spec.ts > Tag > toString > should return tag value
 ✓ packages/cache/test/unit/tag.vo.spec.ts > Tag > getRaw > should return raw tag value
 ✓ packages/streams/test/unit/stream-message.entity.spec.ts > StreamMessage Entity > constructor > should create message with all properties
 ✓ packages/streams/test/unit/stream-message.entity.spec.ts > StreamMessage Entity > constructor > should create message with generic type
 ✓ packages/streams/test/unit/stream-message.entity.spec.ts > StreamMessage Entity > ack > should call ack function
 ✓ packages/streams/test/unit/stream-message.entity.spec.ts > StreamMessage Entity > ack > should propagate ack errors
 ✓ packages/streams/test/unit/stream-message.entity.spec.ts > StreamMessage Entity > reject > should call reject function without error
 ✓ packages/streams/test/unit/stream-message.entity.spec.ts > StreamMessage Entity > reject > should call reject function with error
 ✓ packages/streams/test/unit/stream-message.entity.spec.ts > StreamMessage Entity > reject > should propagate reject errors
 ✓ packages/streams/test/unit/stream-message.entity.spec.ts > StreamMessage Entity > multiple operations > should allow ack after multiple attempts
 ✓ packages/streams/test/unit/stream-message.entity.spec.ts > StreamMessage Entity > multiple operations > should maintain message immutability
 ✓ packages/cache/test/unit/errors.spec.ts > Cache Errors > CacheError > should create error with message and code
 ✓ packages/cache/test/unit/errors.spec.ts > Cache Errors > CacheError > should default to OPERATION_FAILED code
 ✓ packages/cache/test/unit/errors.spec.ts > Cache Errors > CacheError > should include cause error
 ✓ packages/cache/test/unit/errors.spec.ts > Cache Errors > CacheKeyError > should create error with key and message
 ✓ packages/cache/test/unit/errors.spec.ts > Cache Errors > SerializationError > should create error with message
 ✓ packages/cache/test/unit/errors.spec.ts > Cache Errors > SerializationError > should include cause error
 ✓ packages/cache/test/unit/errors.spec.ts > Cache Errors > LoaderError > should create error with key and cause
 ✓ packages/cache/test/unit/errors.spec.ts > Cache Errors > StampedeError > should create error with key and timeout
 ✓ packages/cache/test/unit/errors.spec.ts > Cache Errors > TagInvalidationError > should create error with tag and message
 ✓ packages/cache/test/unit/errors.spec.ts > Cache Errors > TagInvalidationError > should include cause error
 ✓ packages/rate-limit/test/unit/errors.spec.ts > Rate Limit Errors > RateLimitError > should create error with message and code
 ✓ packages/rate-limit/test/unit/errors.spec.ts > Rate Limit Errors > RateLimitError > should create error with result
 ✓ packages/rate-limit/test/unit/errors.spec.ts > Rate Limit Errors > RateLimitError > should create error with cause
 ✓ packages/rate-limit/test/unit/errors.spec.ts > Rate Limit Errors > RateLimitExceededError > should create exceeded error with result
 ✓ packages/rate-limit/test/unit/errors.spec.ts > Rate Limit Errors > RateLimitExceededError > should provide retryAfter getter
 ✓ packages/rate-limit/test/unit/errors.spec.ts > Rate Limit Errors > RateLimitExceededError > should return 0 when retryAfter is undefined
 ✓ packages/rate-limit/test/unit/errors.spec.ts > Rate Limit Errors > RateLimitExceededError > should include message in error
 ✓ packages/rate-limit/test/unit/errors.spec.ts > Rate Limit Errors > RateLimitScriptError > should create script error
 ✓ packages/rate-limit/test/unit/errors.spec.ts > Rate Limit Errors > RateLimitScriptError > should create script error with cause
 ✓ packages/rate-limit/test/unit/errors.spec.ts > Rate Limit Errors > RateLimitScriptError > should not have result field
 ✓ packages/rate-limit/test/unit/rate-limit-exception.filter.spec.ts > RateLimitExceptionFilter > should catch RateLimitExceededError and return 429 status
 ✓ packages/rate-limit/test/unit/rate-limit-exception.filter.spec.ts > RateLimitExceptionFilter > should set Retry-After header
 ✓ packages/rate-limit/test/unit/rate-limit-exception.filter.spec.ts > RateLimitExceptionFilter > should return JSON response with error details
 ✓ packages/rate-limit/test/unit/rate-limit-exception.filter.spec.ts > RateLimitExceptionFilter > should include result data in response
 ✓ packages/rate-limit/test/unit/rate-limit-exception.filter.spec.ts > RateLimitExceptionFilter > should handle error without result
 ✓ packages/rate-limit/test/unit/rate-limit-exception.filter.spec.ts > RateLimitExceptionFilter > should call all response methods
 ✓ packages/cache/test/unit/serializer.service.spec.ts > Serializer > serialize > should serialize object to string
 ✓ packages/cache/test/unit/serializer.service.spec.ts > Serializer > serialize > should serialize null
 ✓ packages/cache/test/unit/serializer.service.spec.ts > Serializer > serialize > should serialize undefined as JSON undefined
 ✓ packages/cache/test/unit/serializer.service.spec.ts > Serializer > serialize > should serialize array
 ✓ packages/cache/test/unit/serializer.service.spec.ts > Serializer > serialize > should serialize nested object
 ✓ packages/cache/test/unit/serializer.service.spec.ts > Serializer > serialize > should throw error for circular reference
 ✓ packages/cache/test/unit/serializer.service.spec.ts > Serializer > deserialize > should deserialize string to object
 ✓ packages/cache/test/unit/serializer.service.spec.ts > Serializer > deserialize > should deserialize null
 ✓ packages/cache/test/unit/serializer.service.spec.ts > Serializer > deserialize > should deserialize array
 ✓ packages/cache/test/unit/serializer.service.spec.ts > Serializer > deserialize > should throw error for invalid JSON
 ✓ packages/cache/test/unit/serializer.service.spec.ts > Serializer > deserialize > should deserialize nested object
 ✓ packages/cache/test/unit/serializer.service.spec.ts > Serializer > roundtrip > should handle serialize-deserialize roundtrip
 ✓ packages/cache/test/unit/ttl.vo.spec.ts > TTL > create > should create TTL from seconds
 ✓ packages/cache/test/unit/ttl.vo.spec.ts > TTL > create > should throw error for zero TTL
 ✓ packages/cache/test/unit/ttl.vo.spec.ts > TTL > create > should throw error for negative TTL
 ✓ packages/cache/test/unit/ttl.vo.spec.ts > TTL > create > should throw error for TTL exceeding maximum
 ✓ packages/cache/test/unit/ttl.vo.spec.ts > TTL > create > should round TTL to nearest second
 ✓ packages/cache/test/unit/ttl.vo.spec.ts > TTL > create > should accept custom max TTL
 ✓ packages/cache/test/unit/ttl.vo.spec.ts > TTL > fromMilliseconds > should create TTL from milliseconds
 ✓ packages/cache/test/unit/ttl.vo.spec.ts > TTL > fromMilliseconds > should ceil fractional seconds
 ✓ packages/cache/test/unit/ttl.vo.spec.ts > TTL > fromMilliseconds > should throw error for negative milliseconds
 ✓ packages/cache/test/unit/ttl.vo.spec.ts > TTL > comparisons > should check if less than
 ✓ packages/cache/test/unit/ttl.vo.spec.ts > TTL > comparisons > should check if greater than
 ✓ packages/cache/test/unit/ttl.vo.spec.ts > TTL > comparisons > should return minimum TTL
 ✓ packages/cache/test/unit/ttl.vo.spec.ts > TTL > comparisons > should return maximum TTL
 ✓ packages/cache/test/unit/ttl.vo.spec.ts > TTL > equals > should return true for equal TTLs
 ✓ packages/cache/test/unit/ttl.vo.spec.ts > TTL > equals > should return false for different TTLs
 ✓ packages/cache/test/unit/ttl.vo.spec.ts > TTL > toString > should format TTL as string
 ✓ packages/idempotency/test/unit/errors.spec.ts > Idempotency Errors > IdempotencyError > should create error with key
 ✓ packages/idempotency/test/unit/errors.spec.ts > Idempotency Errors > IdempotencyError > should create error with cause
 ✓ packages/idempotency/test/unit/errors.spec.ts > Idempotency Errors > IdempotencyKeyRequiredError > should create key required error
 ✓ packages/idempotency/test/unit/errors.spec.ts > Idempotency Errors > IdempotencyFingerprintMismatchError > should create fingerprint mismatch error
 ✓ packages/idempotency/test/unit/errors.spec.ts > Idempotency Errors > IdempotencyTimeoutError > should create timeout error
 ✓ packages/idempotency/test/unit/errors.spec.ts > Idempotency Errors > IdempotencyFailedError > should create failed error without details
 ✓ packages/idempotency/test/unit/errors.spec.ts > Idempotency Errors > IdempotencyFailedError > should create failed error with details
 ✓ packages/idempotency/test/unit/errors.spec.ts > Idempotency Errors > IdempotencyRecordNotFoundError > should create not found error
 ✓ packages/streams/test/unit/errors.spec.ts > Stream Errors > StreamError > should create error with stream name
 ✓ packages/streams/test/unit/errors.spec.ts > Stream Errors > StreamError > should create error with cause
 ✓ packages/streams/test/unit/errors.spec.ts > Stream Errors > StreamError > should create error without stream
 ✓ packages/streams/test/unit/errors.spec.ts > Stream Errors > StreamPublishError > should create publish error
 ✓ packages/streams/test/unit/errors.spec.ts > Stream Errors > StreamPublishError > should create publish error with cause
 ✓ packages/streams/test/unit/errors.spec.ts > Stream Errors > StreamConsumeError > should create consume error
 ✓ packages/streams/test/unit/errors.spec.ts > Stream Errors > StreamConsumeError > should create consume error with cause
 ✓ packages/streams/test/unit/errors.spec.ts > Stream Errors > StreamGroupError > should create group error
 ✓ packages/streams/test/unit/errors.spec.ts > Stream Errors > StreamGroupError > should create group error with cause
 ✓ packages/cache/test/unit/context-provider.spec.ts > IContextProvider > interface definition > should define get method for retrieving context values
 ✓ packages/cache/test/unit/context-provider.spec.ts > IContextProvider > configuration options > should support contextProvider in plugin options
 ✓ packages/cache/test/unit/context-provider.spec.ts > IContextProvider > @Cached decorator options > should support contextKeys option
 ✓ packages/cache/test/unit/context-provider.spec.ts > IContextProvider > @Cached decorator options > should support skipContext option
 ✓ packages/streams/test/unit/stream-consumer.decorator.spec.ts > @StreamConsumer Decorator > should set consumer metadata with options
 ✓ packages/streams/test/unit/stream-consumer.decorator.spec.ts > @StreamConsumer Decorator > should set metadata with all consumer options
 ✓ packages/streams/test/unit/stream-consumer.decorator.spec.ts > @StreamConsumer Decorator > should set metadata on multiple methods
 ✓ packages/streams/test/unit/stream-consumer.decorator.spec.ts > @StreamConsumer Decorator > should preserve method descriptor
 ✓ packages/tracing/test/unit/errors.spec.ts > Tracing Errors > TracingError > should create error with message
 ✓ packages/tracing/test/unit/errors.spec.ts > Tracing Errors > TracingError > should create error with cause
 ✓ packages/tracing/test/unit/errors.spec.ts > Tracing Errors > TracingInitializationError > should create initialization error
 ✓ packages/tracing/test/unit/errors.spec.ts > Tracing Errors > TracingInitializationError > should create initialization error with cause
 ✓ packages/tracing/test/unit/errors.spec.ts > Tracing Errors > SpanCreationError > should create span creation error
 ✓ packages/tracing/test/unit/errors.spec.ts > Tracing Errors > SpanCreationError > should create span creation error with cause
 × packages/idempotency/test/unit/idempotency.plugin.spec.ts > IdempotencyPlugin > should have correct metadata
   → expected '1.0.2' to be '0.1.0' // Object.is equality
 ✓ packages/idempotency/test/unit/idempotency.plugin.spec.ts > IdempotencyPlugin > should use default configuration
 ✓ packages/idempotency/test/unit/idempotency.plugin.spec.ts > IdempotencyPlugin > should merge custom options
 ✓ packages/idempotency/test/unit/idempotency.plugin.spec.ts > IdempotencyPlugin > should provide all required providers
 ✓ packages/idempotency/test/unit/idempotency.plugin.spec.ts > IdempotencyPlugin > should export service and interceptor
 ✓ packages/metrics/test/unit/metrics.controller.spec.ts > MetricsController > getMetrics > should return metrics in Prometheus format
 ✓ packages/metrics/test/unit/metrics.controller.spec.ts > MetricsController > getMetrics > should return empty string when no metrics
 ✓ packages/metrics/test/unit/metrics.controller.spec.ts > MetricsController > getMetrics > should handle service errors
 ✓ packages/cache/test/unit/msgpack.serializer.spec.ts > MsgpackSerializer > constructor > should throw error when msgpackr is not installed
 ✓ packages/metrics/test/unit/errors.spec.ts > Metrics Errors > MetricsError > should create error with message
 ✓ packages/metrics/test/unit/errors.spec.ts > Metrics Errors > MetricsError > should create error with cause
 ✓ packages/metrics/test/unit/errors.spec.ts > Metrics Errors > MetricRegistrationError > should create registration error
 ✓ packages/metrics/test/unit/errors.spec.ts > Metrics Errors > MetricRegistrationError > should create registration error with cause
 ✓ packages/cache/test/unit/l2-redis-store.adapter.spec.ts > L2RedisStoreAdapter > should be defined
 ✓ packages/cache/test/unit/l2-redis-store.adapter.spec.ts > L2RedisStoreAdapter > should have a constructor

⎯⎯⎯⎯⎯⎯⎯ Failed Tests 8 ⎯⎯⎯⎯⎯⎯⎯

 FAIL  packages/cache/test/unit/cache.plugin.spec.ts > CachePlugin > should have correct metadata
AssertionError: expected '1.0.2' to be '0.1.0' // Object.is equality

- Expected
+ Received

- 0.1.0
+ 1.0.2

 ❯ packages/cache/test/unit/cache.plugin.spec.ts:12:28
     10|     // When/Then
     11|     expect(plugin.name).toBe('cache');
     12|     expect(plugin.version).toBe('0.1.0');
       |                            ^
     13|     expect(plugin.description).toContain('caching');
     14|   });

⎯⎯⎯⎯⎯⎯⎯⎯⎯⎯⎯⎯⎯⎯⎯⎯⎯⎯⎯⎯⎯⎯⎯⎯[1/8]⎯

 FAIL  packages/cache/test/unit/swr-manager.service.spec.ts > SwrManagerService > isStale > should return false when SWR is disabled
AssertionError: expected true to be false // Object.is equality

- Expected
+ Received

- false
+ true

 ❯ packages/cache/test/unit/swr-manager.service.spec.ts:74:22
     72| 
     73|       // Then
     74|       expect(result).toBe(false);
       |                      ^
     75|     });
     76| 

⎯⎯⎯⎯⎯⎯⎯⎯⎯⎯⎯⎯⎯⎯⎯⎯⎯⎯⎯⎯⎯⎯⎯⎯[2/8]⎯

 FAIL  packages/idempotency/test/unit/idempotency.plugin.spec.ts > IdempotencyPlugin > should have correct metadata
AssertionError: expected '1.0.2' to be '0.1.0' // Object.is equality

- Expected
+ Received

- 0.1.0
+ 1.0.2

 ❯ packages/idempotency/test/unit/idempotency.plugin.spec.ts:12:28
     10|     // Then
     11|     expect(plugin.name).toBe('idempotency');
     12|     expect(plugin.version).toBe('0.1.0');
       |                            ^
     13|     expect(plugin.description).toContain('deduplication');
     14|   });

⎯⎯⎯⎯⎯⎯⎯⎯⎯⎯⎯⎯⎯⎯⎯⎯⎯⎯⎯⎯⎯⎯⎯⎯[3/8]⎯

 FAIL  packages/metrics/test/unit/metrics.plugin.spec.ts > MetricsPlugin > should have correct metadata
AssertionError: expected '1.0.2' to be '0.1.0' // Object.is equality

- Expected
+ Received

- 0.1.0
+ 1.0.2

 ❯ packages/metrics/test/unit/metrics.plugin.spec.ts:13:28
     11|     // Then
     12|     expect(plugin.name).toBe('metrics');
     13|     expect(plugin.version).toBe('0.1.0');
       |                            ^
     14|     expect(plugin.description).toContain('Prometheus');
     15|   });

⎯⎯⎯⎯⎯⎯⎯⎯⎯⎯⎯⎯⎯⎯⎯⎯⎯⎯⎯⎯⎯⎯⎯⎯[4/8]⎯

 FAIL  packages/locks/test/unit/locks.plugin.spec.ts > LocksPlugin > plugin metadata > should have version
AssertionError: expected '1.0.2' to be '0.1.0' // Object.is equality

- Expected
+ Received

- 0.1.0
+ 1.0.2

 ❯ packages/locks/test/unit/locks.plugin.spec.ts:23:30
     21| 
     22|       // Then
     23|       expect(plugin.version).toBe('0.1.0');
       |                              ^
     24|     });
     25| 

⎯⎯⎯⎯⎯⎯⎯⎯⎯⎯⎯⎯⎯⎯⎯⎯⎯⎯⎯⎯⎯⎯⎯⎯[5/8]⎯

 FAIL  packages/rate-limit/test/unit/rate-limit.plugin.spec.ts > RateLimitPlugin > plugin metadata > should have version
AssertionError: expected '1.0.2' to be '0.1.0' // Object.is equality

- Expected
+ Received

- 0.1.0
+ 1.0.2

 ❯ packages/rate-limit/test/unit/rate-limit.plugin.spec.ts:23:30
     21| 
     22|       // Then
     23|       expect(plugin.version).toBe('0.1.0');
       |                              ^
     24|     });
     25| 

⎯⎯⎯⎯⎯⎯⎯⎯⎯⎯⎯⎯⎯⎯⎯⎯⎯⎯⎯⎯⎯⎯⎯⎯[6/8]⎯

 FAIL  packages/streams/test/unit/streams.plugin.spec.ts > StreamsPlugin > should have correct metadata
AssertionError: expected '1.0.2' to be '0.1.0' // Object.is equality

- Expected
+ Received

- 0.1.0
+ 1.0.2

 ❯ packages/streams/test/unit/streams.plugin.spec.ts:12:28
     10|     // Then
     11|     expect(plugin.name).toBe('streams');
     12|     expect(plugin.version).toBe('0.1.0');
       |                            ^
     13|     expect(plugin.description).toContain('Redis Streams');
     14|   });

⎯⎯⎯⎯⎯⎯⎯⎯⎯⎯⎯⎯⎯⎯⎯⎯⎯⎯⎯⎯⎯⎯⎯⎯[7/8]⎯

 FAIL  packages/tracing/test/unit/tracing.plugin.spec.ts > TracingPlugin > should have correct metadata
AssertionError: expected '1.0.2' to be '0.1.0' // Object.is equality

- Expected
+ Received

- 0.1.0
+ 1.0.2

 ❯ packages/tracing/test/unit/tracing.plugin.spec.ts:12:28
     10|     // Then
     11|     expect(plugin.name).toBe('tracing');
     12|     expect(plugin.version).toBe('0.1.0');
       |                            ^
     13|     expect(plugin.description).toContain('OpenTelemetry');
     14|   });

⎯⎯⎯⎯⎯⎯⎯⎯⎯⎯⎯⎯⎯⎯⎯⎯⎯⎯⎯⎯⎯⎯⎯⎯[8/8]⎯

 Test Files  8 failed | 79 passed (87)
      Tests  8 failed | 2285 passed (2293)
   Start at  10:50:55
   Duration  21.05s (transform 1.23s, setup 4ms, collect 18.67s, tests 11.73s, environment 8ms, prepare 4.64s)

